Archive member included to satisfy reference by file (symbol)

d:/program files (x86)/atmel/studio/7.0/toolchain/avr8/avr8-gnu-toolchain/bin/../lib/gcc/avr/4.9.2/avr5\libgcc.a(_exit.o)
                              d:/program files (x86)/atmel/studio/7.0/toolchain/avr8/avr8-gnu-toolchain/bin/../lib/gcc/avr/4.9.2/../../../../avr/lib/avr5/crtatmega32u4.o (exit)
d:/program files (x86)/atmel/studio/7.0/toolchain/avr8/avr8-gnu-toolchain/bin/../lib/gcc/avr/4.9.2/../../../../avr/lib/avr5\libc.a(memcpy_P.o)
                              obj/RNDISClassDevice.o (symbol from plugin) (memcpy_P)
d:/program files (x86)/atmel/studio/7.0/toolchain/avr8/avr8-gnu-toolchain/bin/../lib/gcc/avr/4.9.2/../../../../avr/lib/avr5\libc.a(strlen_P.o)
                              obj/CDCClassDevice.o (symbol from plugin) (__strlen_P)
d:/program files (x86)/atmel/studio/7.0/toolchain/avr8/avr8-gnu-toolchain/bin/../lib/gcc/avr/4.9.2/../../../../avr/lib/avr5\libatmega32u4.a(eerd_byte.o)
                              obj/VirtualFAT.o (symbol from plugin) (eeprom_read_byte)
d:/program files (x86)/atmel/studio/7.0/toolchain/avr8/avr8-gnu-toolchain/bin/../lib/gcc/avr/4.9.2/../../../../avr/lib/avr5\libatmega32u4.a(eeupd_byte.o)
                              obj/VirtualFAT.o (symbol from plugin) (eeprom_update_byte)
d:/program files (x86)/atmel/studio/7.0/toolchain/avr8/avr8-gnu-toolchain/bin/../lib/gcc/avr/4.9.2/avr5\libgcc.a(_tablejump2.o)
                              C:\Users\Xyphro\AppData\Local\Temp\ccnTFAZa.ltrans0.ltrans.o (__tablejump2__)
d:/program files (x86)/atmel/studio/7.0/toolchain/avr8/avr8-gnu-toolchain/bin/../lib/gcc/avr/4.9.2/avr5\libgcc.a(_copy_data.o)
                              C:\Users\Xyphro\AppData\Local\Temp\ccnTFAZa.ltrans0.ltrans.o (__do_copy_data)
d:/program files (x86)/atmel/studio/7.0/toolchain/avr8/avr8-gnu-toolchain/bin/../lib/gcc/avr/4.9.2/avr5\libgcc.a(_clear_bss.o)
                              C:\Users\Xyphro\AppData\Local\Temp\ccnTFAZa.ltrans0.ltrans.o (__do_clear_bss)

Allocating common symbols
Common symbol       size              file

USB_IsInitialized   0x1               obj/USBTask.o (symbol from plugin)
USB_Device_ConfigurationNumber
                    0x1               obj/DeviceStandardReq.o (symbol from plugin)
USB_ControlRequest  0x8               obj/USBTask.o (symbol from plugin)

Discarded input sections

 .data          0x00000000        0x0 d:/program files (x86)/atmel/studio/7.0/toolchain/avr8/avr8-gnu-toolchain/bin/../lib/gcc/avr/4.9.2/../../../../avr/lib/avr5/crtatmega32u4.o
 .bss           0x00000000        0x0 d:/program files (x86)/atmel/studio/7.0/toolchain/avr8/avr8-gnu-toolchain/bin/../lib/gcc/avr/4.9.2/../../../../avr/lib/avr5/crtatmega32u4.o
 .text          0x00000000        0x0 obj/BootloaderMassStorage.o (symbol from plugin)
 .text          0x00000000        0x0 obj/Descriptors.o (symbol from plugin)
 .text          0x00000000        0x0 obj/BootloaderAPI.o (symbol from plugin)
 .text          0x00000000        0x0 obj/BootloaderAPITable.o
 .data          0x00000000        0x0 obj/BootloaderAPITable.o
 .bss           0x00000000        0x0 obj/BootloaderAPITable.o
 .text          0x00000000        0x0 obj/SCSI.o (symbol from plugin)
 .text          0x00000000        0x0 obj/VirtualFAT.o (symbol from plugin)
 .text          0x00000000        0x0 obj/HIDParser.o (symbol from plugin)
 .text          0x00000000        0x0 obj/Device_AVR8.o (symbol from plugin)
 .text          0x00000000        0x0 obj/EndpointStream_AVR8.o (symbol from plugin)
 .text          0x00000000        0x0 obj/Endpoint_AVR8.o (symbol from plugin)
 .text          0x00000000        0x0 obj/Host_AVR8.o (symbol from plugin)
 .text          0x00000000        0x0 obj/PipeStream_AVR8.o (symbol from plugin)
 .text          0x00000000        0x0 obj/Pipe_AVR8.o (symbol from plugin)
 .text          0x00000000        0x0 obj/USBController_AVR8.o (symbol from plugin)
 .text          0x00000000        0x0 obj/USBInterrupt_AVR8.o (symbol from plugin)
 .text          0x00000000        0x0 obj/ConfigDescriptors.o (symbol from plugin)
 .text          0x00000000        0x0 obj/DeviceStandardReq.o (symbol from plugin)
 .text          0x00000000        0x0 obj/Events.o (symbol from plugin)
 .text          0x00000000        0x0 obj/HostStandardReq.o (symbol from plugin)
 .text          0x00000000        0x0 obj/USBTask.o (symbol from plugin)
 .text          0x00000000        0x0 obj/AudioClassDevice.o (symbol from plugin)
 .text          0x00000000        0x0 obj/CCIDClassDevice.o (symbol from plugin)
 .text          0x00000000        0x0 obj/CDCClassDevice.o (symbol from plugin)
 .text          0x00000000        0x0 obj/HIDClassDevice.o (symbol from plugin)
 .text          0x00000000        0x0 obj/MassStorageClassDevice.o (symbol from plugin)
 .text          0x00000000        0x0 obj/MIDIClassDevice.o (symbol from plugin)
 .text          0x00000000        0x0 obj/PrinterClassDevice.o (symbol from plugin)
 .text          0x00000000        0x0 obj/RNDISClassDevice.o (symbol from plugin)
 .text          0x00000000        0x0 obj/AndroidAccessoryClassHost.o (symbol from plugin)
 .text          0x00000000        0x0 obj/AudioClassHost.o (symbol from plugin)
 .text          0x00000000        0x0 obj/CDCClassHost.o (symbol from plugin)
 .text          0x00000000        0x0 obj/HIDClassHost.o (symbol from plugin)
 .text          0x00000000        0x0 obj/MassStorageClassHost.o (symbol from plugin)
 .text          0x00000000        0x0 obj/MIDIClassHost.o (symbol from plugin)
 .text          0x00000000        0x0 obj/PrinterClassHost.o (symbol from plugin)
 .text          0x00000000        0x0 obj/RNDISClassHost.o (symbol from plugin)
 .text          0x00000000        0x0 obj/StillImageClassHost.o (symbol from plugin)
 .text          0x00000000        0x0 d:/program files (x86)/atmel/studio/7.0/toolchain/avr8/avr8-gnu-toolchain/bin/../lib/gcc/avr/4.9.2/avr5\libgcc.a(_exit.o)
 .data          0x00000000        0x0 d:/program files (x86)/atmel/studio/7.0/toolchain/avr8/avr8-gnu-toolchain/bin/../lib/gcc/avr/4.9.2/avr5\libgcc.a(_exit.o)
 .bss           0x00000000        0x0 d:/program files (x86)/atmel/studio/7.0/toolchain/avr8/avr8-gnu-toolchain/bin/../lib/gcc/avr/4.9.2/avr5\libgcc.a(_exit.o)
 .text.libgcc.mul
                0x00000000        0x0 d:/program files (x86)/atmel/studio/7.0/toolchain/avr8/avr8-gnu-toolchain/bin/../lib/gcc/avr/4.9.2/avr5\libgcc.a(_exit.o)
 .text.libgcc.div
                0x00000000        0x0 d:/program files (x86)/atmel/studio/7.0/toolchain/avr8/avr8-gnu-toolchain/bin/../lib/gcc/avr/4.9.2/avr5\libgcc.a(_exit.o)
 .text.libgcc   0x00000000        0x0 d:/program files (x86)/atmel/studio/7.0/toolchain/avr8/avr8-gnu-toolchain/bin/../lib/gcc/avr/4.9.2/avr5\libgcc.a(_exit.o)
 .text.libgcc.prologue
                0x00000000        0x0 d:/program files (x86)/atmel/studio/7.0/toolchain/avr8/avr8-gnu-toolchain/bin/../lib/gcc/avr/4.9.2/avr5\libgcc.a(_exit.o)
 .text.libgcc.builtins
                0x00000000        0x0 d:/program files (x86)/atmel/studio/7.0/toolchain/avr8/avr8-gnu-toolchain/bin/../lib/gcc/avr/4.9.2/avr5\libgcc.a(_exit.o)
 .text.libgcc.fmul
                0x00000000        0x0 d:/program files (x86)/atmel/studio/7.0/toolchain/avr8/avr8-gnu-toolchain/bin/../lib/gcc/avr/4.9.2/avr5\libgcc.a(_exit.o)
 .text.libgcc.fixed
                0x00000000        0x0 d:/program files (x86)/atmel/studio/7.0/toolchain/avr8/avr8-gnu-toolchain/bin/../lib/gcc/avr/4.9.2/avr5\libgcc.a(_exit.o)
 .text          0x00000000        0x0 d:/program files (x86)/atmel/studio/7.0/toolchain/avr8/avr8-gnu-toolchain/bin/../lib/gcc/avr/4.9.2/../../../../avr/lib/avr5\libc.a(memcpy_P.o)
 .data          0x00000000        0x0 d:/program files (x86)/atmel/studio/7.0/toolchain/avr8/avr8-gnu-toolchain/bin/../lib/gcc/avr/4.9.2/../../../../avr/lib/avr5\libc.a(memcpy_P.o)
 .bss           0x00000000        0x0 d:/program files (x86)/atmel/studio/7.0/toolchain/avr8/avr8-gnu-toolchain/bin/../lib/gcc/avr/4.9.2/../../../../avr/lib/avr5\libc.a(memcpy_P.o)
 .text.avr-libc
                0x00000000       0x12 d:/program files (x86)/atmel/studio/7.0/toolchain/avr8/avr8-gnu-toolchain/bin/../lib/gcc/avr/4.9.2/../../../../avr/lib/avr5\libc.a(memcpy_P.o)
 .text          0x00000000        0x0 d:/program files (x86)/atmel/studio/7.0/toolchain/avr8/avr8-gnu-toolchain/bin/../lib/gcc/avr/4.9.2/../../../../avr/lib/avr5\libc.a(strlen_P.o)
 .data          0x00000000        0x0 d:/program files (x86)/atmel/studio/7.0/toolchain/avr8/avr8-gnu-toolchain/bin/../lib/gcc/avr/4.9.2/../../../../avr/lib/avr5\libc.a(strlen_P.o)
 .bss           0x00000000        0x0 d:/program files (x86)/atmel/studio/7.0/toolchain/avr8/avr8-gnu-toolchain/bin/../lib/gcc/avr/4.9.2/../../../../avr/lib/avr5\libc.a(strlen_P.o)
 .text.avr-libc
                0x00000000       0x12 d:/program files (x86)/atmel/studio/7.0/toolchain/avr8/avr8-gnu-toolchain/bin/../lib/gcc/avr/4.9.2/../../../../avr/lib/avr5\libc.a(strlen_P.o)
 .text          0x00000000        0x0 d:/program files (x86)/atmel/studio/7.0/toolchain/avr8/avr8-gnu-toolchain/bin/../lib/gcc/avr/4.9.2/../../../../avr/lib/avr5\libatmega32u4.a(eerd_byte.o)
 .data          0x00000000        0x0 d:/program files (x86)/atmel/studio/7.0/toolchain/avr8/avr8-gnu-toolchain/bin/../lib/gcc/avr/4.9.2/../../../../avr/lib/avr5\libatmega32u4.a(eerd_byte.o)
 .bss           0x00000000        0x0 d:/program files (x86)/atmel/studio/7.0/toolchain/avr8/avr8-gnu-toolchain/bin/../lib/gcc/avr/4.9.2/../../../../avr/lib/avr5\libatmega32u4.a(eerd_byte.o)
 .text          0x00000000        0x0 d:/program files (x86)/atmel/studio/7.0/toolchain/avr8/avr8-gnu-toolchain/bin/../lib/gcc/avr/4.9.2/../../../../avr/lib/avr5\libatmega32u4.a(eeupd_byte.o)
 .data          0x00000000        0x0 d:/program files (x86)/atmel/studio/7.0/toolchain/avr8/avr8-gnu-toolchain/bin/../lib/gcc/avr/4.9.2/../../../../avr/lib/avr5\libatmega32u4.a(eeupd_byte.o)
 .bss           0x00000000        0x0 d:/program files (x86)/atmel/studio/7.0/toolchain/avr8/avr8-gnu-toolchain/bin/../lib/gcc/avr/4.9.2/../../../../avr/lib/avr5\libatmega32u4.a(eeupd_byte.o)
 .text          0x00000000        0x0 d:/program files (x86)/atmel/studio/7.0/toolchain/avr8/avr8-gnu-toolchain/bin/../lib/gcc/avr/4.9.2/avr5\libgcc.a(_tablejump2.o)
 .data          0x00000000        0x0 d:/program files (x86)/atmel/studio/7.0/toolchain/avr8/avr8-gnu-toolchain/bin/../lib/gcc/avr/4.9.2/avr5\libgcc.a(_tablejump2.o)
 .bss           0x00000000        0x0 d:/program files (x86)/atmel/studio/7.0/toolchain/avr8/avr8-gnu-toolchain/bin/../lib/gcc/avr/4.9.2/avr5\libgcc.a(_tablejump2.o)
 .text.libgcc.mul
                0x00000000        0x0 d:/program files (x86)/atmel/studio/7.0/toolchain/avr8/avr8-gnu-toolchain/bin/../lib/gcc/avr/4.9.2/avr5\libgcc.a(_tablejump2.o)
 .text.libgcc.div
                0x00000000        0x0 d:/program files (x86)/atmel/studio/7.0/toolchain/avr8/avr8-gnu-toolchain/bin/../lib/gcc/avr/4.9.2/avr5\libgcc.a(_tablejump2.o)
 .text.libgcc.prologue
                0x00000000        0x0 d:/program files (x86)/atmel/studio/7.0/toolchain/avr8/avr8-gnu-toolchain/bin/../lib/gcc/avr/4.9.2/avr5\libgcc.a(_tablejump2.o)
 .text.libgcc.builtins
                0x00000000        0x0 d:/program files (x86)/atmel/studio/7.0/toolchain/avr8/avr8-gnu-toolchain/bin/../lib/gcc/avr/4.9.2/avr5\libgcc.a(_tablejump2.o)
 .text.libgcc.fmul
                0x00000000        0x0 d:/program files (x86)/atmel/studio/7.0/toolchain/avr8/avr8-gnu-toolchain/bin/../lib/gcc/avr/4.9.2/avr5\libgcc.a(_tablejump2.o)
 .text.libgcc.fixed
                0x00000000        0x0 d:/program files (x86)/atmel/studio/7.0/toolchain/avr8/avr8-gnu-toolchain/bin/../lib/gcc/avr/4.9.2/avr5\libgcc.a(_tablejump2.o)
 .text          0x00000000        0x0 d:/program files (x86)/atmel/studio/7.0/toolchain/avr8/avr8-gnu-toolchain/bin/../lib/gcc/avr/4.9.2/avr5\libgcc.a(_copy_data.o)
 .data          0x00000000        0x0 d:/program files (x86)/atmel/studio/7.0/toolchain/avr8/avr8-gnu-toolchain/bin/../lib/gcc/avr/4.9.2/avr5\libgcc.a(_copy_data.o)
 .bss           0x00000000        0x0 d:/program files (x86)/atmel/studio/7.0/toolchain/avr8/avr8-gnu-toolchain/bin/../lib/gcc/avr/4.9.2/avr5\libgcc.a(_copy_data.o)
 .text.libgcc.mul
                0x00000000        0x0 d:/program files (x86)/atmel/studio/7.0/toolchain/avr8/avr8-gnu-toolchain/bin/../lib/gcc/avr/4.9.2/avr5\libgcc.a(_copy_data.o)
 .text.libgcc.div
                0x00000000        0x0 d:/program files (x86)/atmel/studio/7.0/toolchain/avr8/avr8-gnu-toolchain/bin/../lib/gcc/avr/4.9.2/avr5\libgcc.a(_copy_data.o)
 .text.libgcc   0x00000000        0x0 d:/program files (x86)/atmel/studio/7.0/toolchain/avr8/avr8-gnu-toolchain/bin/../lib/gcc/avr/4.9.2/avr5\libgcc.a(_copy_data.o)
 .text.libgcc.prologue
                0x00000000        0x0 d:/program files (x86)/atmel/studio/7.0/toolchain/avr8/avr8-gnu-toolchain/bin/../lib/gcc/avr/4.9.2/avr5\libgcc.a(_copy_data.o)
 .text.libgcc.builtins
                0x00000000        0x0 d:/program files (x86)/atmel/studio/7.0/toolchain/avr8/avr8-gnu-toolchain/bin/../lib/gcc/avr/4.9.2/avr5\libgcc.a(_copy_data.o)
 .text.libgcc.fmul
                0x00000000        0x0 d:/program files (x86)/atmel/studio/7.0/toolchain/avr8/avr8-gnu-toolchain/bin/../lib/gcc/avr/4.9.2/avr5\libgcc.a(_copy_data.o)
 .text.libgcc.fixed
                0x00000000        0x0 d:/program files (x86)/atmel/studio/7.0/toolchain/avr8/avr8-gnu-toolchain/bin/../lib/gcc/avr/4.9.2/avr5\libgcc.a(_copy_data.o)
 .text          0x00000000        0x0 d:/program files (x86)/atmel/studio/7.0/toolchain/avr8/avr8-gnu-toolchain/bin/../lib/gcc/avr/4.9.2/avr5\libgcc.a(_clear_bss.o)
 .data          0x00000000        0x0 d:/program files (x86)/atmel/studio/7.0/toolchain/avr8/avr8-gnu-toolchain/bin/../lib/gcc/avr/4.9.2/avr5\libgcc.a(_clear_bss.o)
 .bss           0x00000000        0x0 d:/program files (x86)/atmel/studio/7.0/toolchain/avr8/avr8-gnu-toolchain/bin/../lib/gcc/avr/4.9.2/avr5\libgcc.a(_clear_bss.o)
 .text.libgcc.mul
                0x00000000        0x0 d:/program files (x86)/atmel/studio/7.0/toolchain/avr8/avr8-gnu-toolchain/bin/../lib/gcc/avr/4.9.2/avr5\libgcc.a(_clear_bss.o)
 .text.libgcc.div
                0x00000000        0x0 d:/program files (x86)/atmel/studio/7.0/toolchain/avr8/avr8-gnu-toolchain/bin/../lib/gcc/avr/4.9.2/avr5\libgcc.a(_clear_bss.o)
 .text.libgcc   0x00000000        0x0 d:/program files (x86)/atmel/studio/7.0/toolchain/avr8/avr8-gnu-toolchain/bin/../lib/gcc/avr/4.9.2/avr5\libgcc.a(_clear_bss.o)
 .text.libgcc.prologue
                0x00000000        0x0 d:/program files (x86)/atmel/studio/7.0/toolchain/avr8/avr8-gnu-toolchain/bin/../lib/gcc/avr/4.9.2/avr5\libgcc.a(_clear_bss.o)
 .text.libgcc.builtins
                0x00000000        0x0 d:/program files (x86)/atmel/studio/7.0/toolchain/avr8/avr8-gnu-toolchain/bin/../lib/gcc/avr/4.9.2/avr5\libgcc.a(_clear_bss.o)
 .text.libgcc.fmul
                0x00000000        0x0 d:/program files (x86)/atmel/studio/7.0/toolchain/avr8/avr8-gnu-toolchain/bin/../lib/gcc/avr/4.9.2/avr5\libgcc.a(_clear_bss.o)
 .text.libgcc.fixed
                0x00000000        0x0 d:/program files (x86)/atmel/studio/7.0/toolchain/avr8/avr8-gnu-toolchain/bin/../lib/gcc/avr/4.9.2/avr5\libgcc.a(_clear_bss.o)

Memory Configuration

Name             Origin             Length             Attributes
text             0x00000000         0x00020000         xr
data             0x00800060         0x0000ffa0         rw !x
eeprom           0x00810000         0x00010000         rw !x
fuse             0x00820000         0x00000003         rw !x
lock             0x00830000         0x00000400         rw !x
signature        0x00840000         0x00000400         rw !x
user_signatures  0x00850000         0x00000400         rw !x
*default*        0x00000000         0xffffffff

Linker script and memory map

Address of section .data set to 0x800100
LOAD d:/program files (x86)/atmel/studio/7.0/toolchain/avr8/avr8-gnu-toolchain/bin/../lib/gcc/avr/4.9.2/../../../../avr/lib/avr5/crtatmega32u4.o
LOAD obj/BootloaderMassStorage.o
LOAD C:\Users\Xyphro\AppData\Local\Temp\ccnTFAZa.ltrans0.ltrans.o
LOAD obj/Descriptors.o
LOAD obj/BootloaderAPI.o
LOAD obj/BootloaderAPITable.o
LOAD obj/SCSI.o
LOAD obj/VirtualFAT.o
LOAD obj/HIDParser.o
LOAD obj/Device_AVR8.o
LOAD obj/EndpointStream_AVR8.o
LOAD obj/Endpoint_AVR8.o
LOAD obj/Host_AVR8.o
LOAD obj/PipeStream_AVR8.o
LOAD obj/Pipe_AVR8.o
LOAD obj/USBController_AVR8.o
LOAD obj/USBInterrupt_AVR8.o
LOAD obj/ConfigDescriptors.o
LOAD obj/DeviceStandardReq.o
LOAD obj/Events.o
LOAD obj/HostStandardReq.o
LOAD obj/USBTask.o
LOAD obj/AudioClassDevice.o
LOAD obj/CCIDClassDevice.o
LOAD obj/CDCClassDevice.o
LOAD obj/HIDClassDevice.o
LOAD obj/MassStorageClassDevice.o
LOAD obj/MIDIClassDevice.o
LOAD obj/PrinterClassDevice.o
LOAD obj/RNDISClassDevice.o
LOAD obj/AndroidAccessoryClassHost.o
LOAD obj/AudioClassHost.o
LOAD obj/CDCClassHost.o
LOAD obj/HIDClassHost.o
LOAD obj/MassStorageClassHost.o
LOAD obj/MIDIClassHost.o
LOAD obj/PrinterClassHost.o
LOAD obj/RNDISClassHost.o
LOAD obj/StillImageClassHost.o
LOAD d:/program files (x86)/atmel/studio/7.0/toolchain/avr8/avr8-gnu-toolchain/bin/../lib/gcc/avr/4.9.2/../../../../avr/lib/avr5\libm.a
Address of section .text set to 0x7000
Address of section .apitable_trampolines set to 0x7fa0
Address of section .apitable_jumptable set to 0x7fe0
Address of section .apitable_signatures set to 0x7ff8
Address of section .boot_aux set to 0x6010
Address of section .boot_aux_trampoline set to 0x6000
START GROUP
LOAD d:/program files (x86)/atmel/studio/7.0/toolchain/avr8/avr8-gnu-toolchain/bin/../lib/gcc/avr/4.9.2/avr5\libgcc.a
LOAD d:/program files (x86)/atmel/studio/7.0/toolchain/avr8/avr8-gnu-toolchain/bin/../lib/gcc/avr/4.9.2/../../../../avr/lib/avr5\libm.a
LOAD d:/program files (x86)/atmel/studio/7.0/toolchain/avr8/avr8-gnu-toolchain/bin/../lib/gcc/avr/4.9.2/../../../../avr/lib/avr5\libc.a
LOAD d:/program files (x86)/atmel/studio/7.0/toolchain/avr8/avr8-gnu-toolchain/bin/../lib/gcc/avr/4.9.2/../../../../avr/lib/avr5\libatmega32u4.a
END GROUP
                0x00020000                __TEXT_REGION_LENGTH__ = DEFINED (__TEXT_REGION_LENGTH__)?__TEXT_REGION_LENGTH__:0x20000
                0x0000ffa0                __DATA_REGION_LENGTH__ = DEFINED (__DATA_REGION_LENGTH__)?__DATA_REGION_LENGTH__:0xffa0
                0x00010000                __EEPROM_REGION_LENGTH__ = DEFINED (__EEPROM_REGION_LENGTH__)?__EEPROM_REGION_LENGTH__:0x10000
                [0x00000003]                __FUSE_REGION_LENGTH__ = DEFINED (__FUSE_REGION_LENGTH__)?__FUSE_REGION_LENGTH__:0x400
                0x00000400                __LOCK_REGION_LENGTH__ = DEFINED (__LOCK_REGION_LENGTH__)?__LOCK_REGION_LENGTH__:0x400
                0x00000400                __SIGNATURE_REGION_LENGTH__ = DEFINED (__SIGNATURE_REGION_LENGTH__)?__SIGNATURE_REGION_LENGTH__:0x400
                0x00000400                __USER_SIGNATURE_REGION_LENGTH__ = DEFINED (__USER_SIGNATURE_REGION_LENGTH__)?__USER_SIGNATURE_REGION_LENGTH__:0x400

.hash
 *(.hash)

.dynsym
 *(.dynsym)

.dynstr
 *(.dynstr)

.gnu.version
 *(.gnu.version)

.gnu.version_d
 *(.gnu.version_d)

.gnu.version_r
 *(.gnu.version_r)

.rel.init
 *(.rel.init)

.rela.init
 *(.rela.init)

.rel.text
 *(.rel.text)
 *(.rel.text.*)
 *(.rel.gnu.linkonce.t*)

.rela.text
 *(.rela.text)
 *(.rela.text.*)
 *(.rela.gnu.linkonce.t*)

.rel.fini
 *(.rel.fini)

.rela.fini
 *(.rela.fini)

.rel.rodata
 *(.rel.rodata)
 *(.rel.rodata.*)
 *(.rel.gnu.linkonce.r*)

.rela.rodata
 *(.rela.rodata)
 *(.rela.rodata.*)
 *(.rela.gnu.linkonce.r*)

.rel.data
 *(.rel.data)
 *(.rel.data.*)
 *(.rel.gnu.linkonce.d*)

.rela.data
 *(.rela.data)
 *(.rela.data.*)
 *(.rela.gnu.linkonce.d*)

.rel.ctors
 *(.rel.ctors)

.rela.ctors
 *(.rela.ctors)

.rel.dtors
 *(.rel.dtors)

.rela.dtors
 *(.rela.dtors)

.rel.got
 *(.rel.got)

.rela.got
 *(.rela.got)

.rel.bss
 *(.rel.bss)

.rela.bss
 *(.rela.bss)

.rel.plt
 *(.rel.plt)

.rela.plt
 *(.rela.plt)

.text           0x00007000      0xa6a
 *(.vectors)
 .vectors       0x00007000       0xac d:/program files (x86)/atmel/studio/7.0/toolchain/avr8/avr8-gnu-toolchain/bin/../lib/gcc/avr/4.9.2/../../../../avr/lib/avr5/crtatmega32u4.o
                0x00007000                __vector_default
                0x00007000                __vectors
 *(.vectors)
 *(.progmem.gcc*)
 .progmem.gcc_sw_table
                0x000070ac       0x14 C:\Users\Xyphro\AppData\Local\Temp\ccnTFAZa.ltrans0.ltrans.o
                0x000070c0                . = ALIGN (0x2)
                0x000070c0                __trampolines_start = .
 *(.trampolines)
 .trampolines   0x000070c0        0x0 linker stubs
 *(.trampolines*)
                0x000070c0                __trampolines_end = .
 *libprintf_flt.a:*(.progmem.data)
 *libc.a:*(.progmem.data)
 *(.progmem*)
                0x000070c0                . = ALIGN (0x2)
 *(.jumptables)
 *(.jumptables*)
 *(.lowtext)
 *(.lowtext*)
                0x000070c0                __ctors_start = .
 *(.ctors)
                0x000070c0                __ctors_end = .
                0x000070c0                __dtors_start = .
 *(.dtors)
                0x000070c0                __dtors_end = .
 SORT(*)(.ctors)
 SORT(*)(.dtors)
 *(.init0)
 .init0         0x000070c0        0x0 d:/program files (x86)/atmel/studio/7.0/toolchain/avr8/avr8-gnu-toolchain/bin/../lib/gcc/avr/4.9.2/../../../../avr/lib/avr5/crtatmega32u4.o
                0x000070c0                __init
 *(.init0)
 *(.init1)
 *(.init1)
 *(.init2)
 .init2         0x000070c0        0xc d:/program files (x86)/atmel/studio/7.0/toolchain/avr8/avr8-gnu-toolchain/bin/../lib/gcc/avr/4.9.2/../../../../avr/lib/avr5/crtatmega32u4.o
 *(.init2)
 *(.init3)
 .init3         0x000070cc       0x92 C:\Users\Xyphro\AppData\Local\Temp\ccnTFAZa.ltrans0.ltrans.o
                0x000070cc                Application_Jump_Check
 *(.init3)
 *(.init4)
 .init4         0x0000715e       0x16 d:/program files (x86)/atmel/studio/7.0/toolchain/avr8/avr8-gnu-toolchain/bin/../lib/gcc/avr/4.9.2/avr5\libgcc.a(_copy_data.o)
                0x0000715e                __do_copy_data
 .init4         0x00007174       0x10 d:/program files (x86)/atmel/studio/7.0/toolchain/avr8/avr8-gnu-toolchain/bin/../lib/gcc/avr/4.9.2/avr5\libgcc.a(_clear_bss.o)
                0x00007174                __do_clear_bss
 *(.init4)
 *(.init5)
 *(.init5)
 *(.init6)
 *(.init6)
 *(.init7)
 *(.init7)
 *(.init8)
 *(.init8)
 *(.init9)
 .init9         0x00007184        0x4 d:/program files (x86)/atmel/studio/7.0/toolchain/avr8/avr8-gnu-toolchain/bin/../lib/gcc/avr/4.9.2/../../../../avr/lib/avr5/crtatmega32u4.o
 *(.init9)
 *(.text)
 .text          0x00007188        0x2 d:/program files (x86)/atmel/studio/7.0/toolchain/avr8/avr8-gnu-toolchain/bin/../lib/gcc/avr/4.9.2/../../../../avr/lib/avr5/crtatmega32u4.o
                0x00007188                __vector_38
                0x00007188                __vector_22
                0x00007188                __vector_28
                0x00007188                __vector_1
                0x00007188                __vector_32
                0x00007188                __vector_34
                0x00007188                __vector_24
                0x00007188                __vector_12
                0x00007188                __bad_interrupt
                0x00007188                __vector_6
                0x00007188                __vector_31
                0x00007188                __vector_35
                0x00007188                __vector_39
                0x00007188                __vector_3
                0x00007188                __vector_23
                0x00007188                __vector_30
                0x00007188                __vector_25
                0x00007188                __vector_13
                0x00007188                __vector_17
                0x00007188                __vector_19
                0x00007188                __vector_7
                0x00007188                __vector_41
                0x00007188                __vector_27
                0x00007188                __vector_5
                0x00007188                __vector_33
                0x00007188                __vector_37
                0x00007188                __vector_4
                0x00007188                __vector_9
                0x00007188                __vector_2
                0x00007188                __vector_21
                0x00007188                __vector_15
                0x00007188                __vector_36
                0x00007188                __vector_29
                0x00007188                __vector_40
                0x00007188                __vector_8
                0x00007188                __vector_26
                0x00007188                __vector_14
                0x00007188                __vector_16
                0x00007188                __vector_18
                0x00007188                __vector_42
 .text          0x0000718a      0x89c C:\Users\Xyphro\AppData\Local\Temp\ccnTFAZa.ltrans0.ltrans.o
                0x00007738                __vector_11
                0x000077be                __vector_10
                0x00007924                BootloaderAPI_WriteLock
                0x00007946                BootloaderAPI_ReadLock
                0x00007954                BootloaderAPI_ReadFuse
                0x00007960                BootloaderAPI_ReadSignature
                0x0000796c                BootloaderAPI_FillWord
                0x00007986                BootloaderAPI_WritePage
                0x000079cc                BootloaderAPI_ErasePage
                0x00007a12                __vector_20
                0x00007a26                . = ALIGN (0x2)
 *(.text.*)
 .text.avr-libc
                0x00007a26       0x10 d:/program files (x86)/atmel/studio/7.0/toolchain/avr8/avr8-gnu-toolchain/bin/../lib/gcc/avr/4.9.2/../../../../avr/lib/avr5\libatmega32u4.a(eerd_byte.o)
                0x00007a26                eeprom_read_byte
 .text.avr-libc
                0x00007a36       0x24 d:/program files (x86)/atmel/studio/7.0/toolchain/avr8/avr8-gnu-toolchain/bin/../lib/gcc/avr/4.9.2/../../../../avr/lib/avr5\libatmega32u4.a(eeupd_byte.o)
                0x00007a36                eeprom_update_byte
                0x00007a38                eeprom_update_r18
 .text.libgcc   0x00007a5a        0xc d:/program files (x86)/atmel/studio/7.0/toolchain/avr8/avr8-gnu-toolchain/bin/../lib/gcc/avr/4.9.2/avr5\libgcc.a(_tablejump2.o)
                0x00007a5a                __tablejump2__
                0x00007a66                . = ALIGN (0x2)
 *(.fini9)
 .fini9         0x00007a66        0x0 d:/program files (x86)/atmel/studio/7.0/toolchain/avr8/avr8-gnu-toolchain/bin/../lib/gcc/avr/4.9.2/avr5\libgcc.a(_exit.o)
                0x00007a66                _exit
                0x00007a66                exit
 *(.fini9)
 *(.fini8)
 *(.fini8)
 *(.fini7)
 *(.fini7)
 *(.fini6)
 *(.fini6)
 *(.fini5)
 *(.fini5)
 *(.fini4)
 *(.fini4)
 *(.fini3)
 *(.fini3)
 *(.fini2)
 *(.fini2)
 *(.fini1)
 *(.fini1)
 *(.fini0)
 .fini0         0x00007a66        0x4 d:/program files (x86)/atmel/studio/7.0/toolchain/avr8/avr8-gnu-toolchain/bin/../lib/gcc/avr/4.9.2/avr5\libgcc.a(_exit.o)
 *(.fini0)
                0x00007a6a                _etext = .

.data           0x00800100      0x180 load address 0x00007a6a
                0x00800100                PROVIDE (__data_start, .)
 *(.data)
 .data          0x00800100       0xec C:\Users\Xyphro\AppData\Local\Temp\ccnTFAZa.ltrans0.ltrans.o
 *(.data*)
 *(.rodata)
 .rodata        0x008001ec       0x94 C:\Users\Xyphro\AppData\Local\Temp\ccnTFAZa.ltrans0.ltrans.o
 *(.rodata*)
 *(.gnu.linkonce.d*)
                0x00800280                . = ALIGN (0x2)
                0x00800280                _edata = .
                0x00800280                PROVIDE (__data_end, .)

.bss            0x00800280        0xb
                0x00800280                PROVIDE (__bss_start, .)
 *(.bss)
 .bss           0x00800280        0xb C:\Users\Xyphro\AppData\Local\Temp\ccnTFAZa.ltrans0.ltrans.o
 *(.bss*)
 *(COMMON)
                0x0080028b                PROVIDE (__bss_end, .)
                0x00007a6a                __data_load_start = LOADADDR (.data)
                0x00007bea                __data_load_end = (__data_load_start + SIZEOF (.data))

.noinit         0x0080028b        0x2
                [!provide]                PROVIDE (__noinit_start, .)
 *(.noinit*)
 .noinit        0x0080028b        0x2 C:\Users\Xyphro\AppData\Local\Temp\ccnTFAZa.ltrans0.ltrans.o
                [!provide]                PROVIDE (__noinit_end, .)
                0x0080028d                _end = .
                [!provide]                PROVIDE (__heap_start, .)

.eeprom         0x00810000        0x0
 *(.eeprom*)
                0x00810000                __eeprom_end = .

.fuse
 *(.fuse)
 *(.lfuse)
 *(.hfuse)
 *(.efuse)

.lock
 *(.lock*)

.signature
 *(.signature*)

.user_signatures
 *(.user_signatures*)

.stab
 *(.stab)

.stabstr
 *(.stabstr)

.stab.excl
 *(.stab.excl)

.stab.exclstr
 *(.stab.exclstr)

.stab.index
 *(.stab.index)

.stab.indexstr
 *(.stab.indexstr)

.comment        0x00000000       0x30
 *(.comment)
 .comment       0x00000000       0x30 C:\Users\Xyphro\AppData\Local\Temp\ccnTFAZa.ltrans0.ltrans.o
                                 0x31 (size before relaxing)

.note.gnu.avr.deviceinfo
                0x00000000       0x40
 .note.gnu.avr.deviceinfo
                0x00000000       0x40 d:/program files (x86)/atmel/studio/7.0/toolchain/avr8/avr8-gnu-toolchain/bin/../lib/gcc/avr/4.9.2/../../../../avr/lib/avr5/crtatmega32u4.o

.note.gnu.build-id
 *(.note.gnu.build-id)

.debug
 *(.debug)

.line
 *(.line)

.debug_srcinfo
 *(.debug_srcinfo)

.debug_sfnames
 *(.debug_sfnames)

.debug_aranges  0x00000000       0x30
 *(.debug_aranges)
 .debug_aranges
                0x00000000       0x30 obj/BootloaderAPITable.o

.debug_pubnames
 *(.debug_pubnames)

.debug_info     0x00000000      0xa57
 *(.debug_info .gnu.linkonce.wi.*)
 .debug_info    0x00000000      0x9f4 d:/program files (x86)/atmel/studio/7.0/toolchain/avr8/avr8-gnu-toolchain/bin/../lib/gcc/avr/4.9.2/../../../../avr/lib/avr5/crtatmega32u4.o
 .debug_info    0x000009f4       0x63 obj/BootloaderAPITable.o

.debug_abbrev   0x00000000      0x97c
 *(.debug_abbrev)
 .debug_abbrev  0x00000000      0x96a d:/program files (x86)/atmel/studio/7.0/toolchain/avr8/avr8-gnu-toolchain/bin/../lib/gcc/avr/4.9.2/../../../../avr/lib/avr5/crtatmega32u4.o
 .debug_abbrev  0x0000096a       0x12 obj/BootloaderAPITable.o

.debug_line     0x00000000      0x101
 *(.debug_line .debug_line.* .debug_line_end)
 .debug_line    0x00000000       0x1a d:/program files (x86)/atmel/studio/7.0/toolchain/avr8/avr8-gnu-toolchain/bin/../lib/gcc/avr/4.9.2/../../../../avr/lib/avr5/crtatmega32u4.o
 .debug_line    0x0000001a       0xe7 obj/BootloaderAPITable.o

.debug_frame
 *(.debug_frame)

.debug_str      0x00000000      0x371
 *(.debug_str)
 .debug_str     0x00000000      0x371 d:/program files (x86)/atmel/studio/7.0/toolchain/avr8/avr8-gnu-toolchain/bin/../lib/gcc/avr/4.9.2/../../../../avr/lib/avr5/crtatmega32u4.o

.debug_loc
 *(.debug_loc)

.debug_macinfo
 *(.debug_macinfo)

.debug_weaknames
 *(.debug_weaknames)

.debug_funcnames
 *(.debug_funcnames)

.debug_typenames
 *(.debug_typenames)

.debug_varnames
 *(.debug_varnames)

.debug_pubtypes
 *(.debug_pubtypes)

.debug_ranges   0x00000000       0x28
 *(.debug_ranges)
 .debug_ranges  0x00000000       0x28 obj/BootloaderAPITable.o

.debug_macro
 *(.debug_macro)
OUTPUT(BootloaderMassStorage.elf elf32-avr)
LOAD linker stubs

.apitable_trampolines
                0x00007fa0       0x18
 .apitable_trampolines
                0x00007fa0       0x18 obj/BootloaderAPITable.o
                0x00007fa0                BootloaderAPI_Trampolines

.apitable_jumptable
                0x00007fe0       0x18
 .apitable_jumptable
                0x00007fe0       0x18 obj/BootloaderAPITable.o
                0x00007fe0                BootloaderAPI_JumpTable

.apitable_signatures
                0x00007ff8        0x8
 .apitable_signatures
                0x00007ff8        0x8 obj/BootloaderAPITable.o
                0x00007ff8                BootloaderAPI_Signatures

.boot_aux       0x00006010      0xa36
 .boot_aux      0x00006010      0xa36 C:\Users\Xyphro\AppData\Local\Temp\ccnTFAZa.ltrans0.ltrans.o
                0x0000649a                main

.boot_aux_trampoline
                0x00006000        0x4
 .boot_aux_trampoline
                0x00006000        0x4 obj/BootloaderAPITable.o
                0x00006000                Boot_AUX_Trampoline

Cross Reference Table

Symbol                                            File
Application_Jump_Check                            C:\Users\Xyphro\AppData\Local\Temp\ccnTFAZa.ltrans0.ltrans.o
                                                  obj/BootloaderMassStorage.o (symbol from plugin)
Audio_Device_ConfigureEndpoints                   obj/AudioClassDevice.o (symbol from plugin)
Audio_Device_Event_Stub                           obj/AudioClassDevice.o (symbol from plugin)
Audio_Device_ProcessControlRequest                obj/AudioClassDevice.o (symbol from plugin)
Boot_AUX_Trampoline                               obj/BootloaderAPITable.o
BootloaderAPI_ErasePage                           C:\Users\Xyphro\AppData\Local\Temp\ccnTFAZa.ltrans0.ltrans.o
                                                  obj/BootloaderAPI.o (symbol from plugin)
                                                  obj/VirtualFAT.o (symbol from plugin)
                                                  obj/BootloaderAPITable.o
BootloaderAPI_FillWord                            C:\Users\Xyphro\AppData\Local\Temp\ccnTFAZa.ltrans0.ltrans.o
                                                  obj/BootloaderAPI.o (symbol from plugin)
                                                  obj/VirtualFAT.o (symbol from plugin)
                                                  obj/BootloaderAPITable.o
BootloaderAPI_JumpTable                           obj/BootloaderAPITable.o
BootloaderAPI_ReadFuse                            C:\Users\Xyphro\AppData\Local\Temp\ccnTFAZa.ltrans0.ltrans.o
                                                  obj/BootloaderAPI.o (symbol from plugin)
                                                  obj/BootloaderAPITable.o
                                                  obj/BootloaderMassStorage.o (symbol from plugin)
BootloaderAPI_ReadLock                            C:\Users\Xyphro\AppData\Local\Temp\ccnTFAZa.ltrans0.ltrans.o
                                                  obj/BootloaderAPI.o (symbol from plugin)
                                                  obj/BootloaderAPITable.o
BootloaderAPI_ReadSignature                       C:\Users\Xyphro\AppData\Local\Temp\ccnTFAZa.ltrans0.ltrans.o
                                                  obj/BootloaderAPI.o (symbol from plugin)
                                                  obj/BootloaderAPITable.o
BootloaderAPI_Signatures                          obj/BootloaderAPITable.o
BootloaderAPI_Trampolines                         obj/BootloaderAPITable.o
BootloaderAPI_WriteLock                           C:\Users\Xyphro\AppData\Local\Temp\ccnTFAZa.ltrans0.ltrans.o
                                                  obj/BootloaderAPI.o (symbol from plugin)
                                                  obj/BootloaderAPITable.o
BootloaderAPI_WritePage                           C:\Users\Xyphro\AppData\Local\Temp\ccnTFAZa.ltrans0.ltrans.o
                                                  obj/BootloaderAPI.o (symbol from plugin)
                                                  obj/VirtualFAT.o (symbol from plugin)
                                                  obj/BootloaderAPITable.o
CALLBACK_Audio_Device_GetSetEndpointProperty      obj/AudioClassDevice.o (symbol from plugin)
CALLBACK_Audio_Device_GetSetInterfaceProperty     obj/AudioClassDevice.o (symbol from plugin)
CALLBACK_CCID_Abort                               obj/CCIDClassDevice.o (symbol from plugin)
CALLBACK_CCID_GetParameters_T0                    obj/CCIDClassDevice.o (symbol from plugin)
CALLBACK_CCID_GetSlotStatus                       obj/CCIDClassDevice.o (symbol from plugin)
CALLBACK_CCID_IccPowerOff                         obj/CCIDClassDevice.o (symbol from plugin)
CALLBACK_CCID_IccPowerOn                          obj/CCIDClassDevice.o (symbol from plugin)
CALLBACK_CCID_SetParameters_T0                    obj/CCIDClassDevice.o (symbol from plugin)
CALLBACK_CCID_XfrBlock                            obj/CCIDClassDevice.o (symbol from plugin)
CALLBACK_HIDParser_FilterHIDReportItem            obj/HIDParser.o (symbol from plugin)
CALLBACK_HID_Device_CreateHIDReport               obj/HIDClassDevice.o (symbol from plugin)
CALLBACK_HID_Device_ProcessHIDReport              obj/HIDClassDevice.o (symbol from plugin)
CALLBACK_MS_Device_SCSICommandReceived            obj/BootloaderMassStorage.o (symbol from plugin)
                                                  obj/MassStorageClassDevice.o (symbol from plugin)
CALLBACK_USB_GetDescriptor                        obj/Descriptors.o (symbol from plugin)
                                                  obj/DeviceStandardReq.o (symbol from plugin)
CCID_CheckStatusNoError                           obj/CCIDClassDevice.o (symbol from plugin)
CCID_Device_ConfigureEndpoints                    obj/CCIDClassDevice.o (symbol from plugin)
CCID_Device_ProcessControlRequest                 obj/CCIDClassDevice.o (symbol from plugin)
CCID_Device_USBTask                               obj/CCIDClassDevice.o (symbol from plugin)
CDC_Device_BytesReceived                          obj/CDCClassDevice.o (symbol from plugin)
CDC_Device_ConfigureEndpoints                     obj/CDCClassDevice.o (symbol from plugin)
CDC_Device_CreateBlockingStream                   obj/CDCClassDevice.o (symbol from plugin)
CDC_Device_CreateStream                           obj/CDCClassDevice.o (symbol from plugin)
CDC_Device_Event_Stub                             obj/CDCClassDevice.o (symbol from plugin)
CDC_Device_Event_Stub_2                           obj/CDCClassDevice.o (symbol from plugin)
CDC_Device_Flush                                  obj/CDCClassDevice.o (symbol from plugin)
CDC_Device_ProcessControlRequest                  obj/CDCClassDevice.o (symbol from plugin)
CDC_Device_ReceiveByte                            obj/CDCClassDevice.o (symbol from plugin)
CDC_Device_SendByte                               obj/CDCClassDevice.o (symbol from plugin)
CDC_Device_SendControlLineStateChange             obj/CDCClassDevice.o (symbol from plugin)
CDC_Device_SendData                               obj/CDCClassDevice.o (symbol from plugin)
CDC_Device_SendData_P                             obj/CDCClassDevice.o (symbol from plugin)
CDC_Device_SendString                             obj/CDCClassDevice.o (symbol from plugin)
CDC_Device_SendString_P                           obj/CDCClassDevice.o (symbol from plugin)
CDC_Device_USBTask                                obj/CDCClassDevice.o (symbol from plugin)
ConfigurationDescriptor                           obj/Descriptors.o (symbol from plugin)
DeviceDescriptor                                  obj/Descriptors.o (symbol from plugin)
Disk_MS_Interface                                 obj/BootloaderMassStorage.o (symbol from plugin)
EVENT_Audio_Device_StreamStartStop                obj/AudioClassDevice.o (symbol from plugin)
EVENT_CDC_Device_BreakSent                        obj/CDCClassDevice.o (symbol from plugin)
EVENT_CDC_Device_ControLineStateChanged           obj/CDCClassDevice.o (symbol from plugin)
EVENT_CDC_Device_LineEncodingChanged              obj/CDCClassDevice.o (symbol from plugin)
EVENT_PRNT_Device_SoftReset                       obj/PrinterClassDevice.o (symbol from plugin)
EVENT_USB_Device_ConfigurationChanged             obj/BootloaderMassStorage.o (symbol from plugin)
                                                  obj/DeviceStandardReq.o (symbol from plugin)
EVENT_USB_Device_Connect                          obj/BootloaderMassStorage.o (symbol from plugin)
                                                  obj/USBInterrupt_AVR8.o (symbol from plugin)
EVENT_USB_Device_ControlRequest                   obj/BootloaderMassStorage.o (symbol from plugin)
                                                  obj/DeviceStandardReq.o (symbol from plugin)
EVENT_USB_Device_Disconnect                       obj/BootloaderMassStorage.o (symbol from plugin)
                                                  obj/USBInterrupt_AVR8.o (symbol from plugin)
EVENT_USB_Device_Reset                            obj/Events.o (symbol from plugin)
                                                  obj/USBInterrupt_AVR8.o (symbol from plugin)
EVENT_USB_Device_StartOfFrame                     obj/Events.o (symbol from plugin)
EVENT_USB_Device_Suspend                          obj/Events.o (symbol from plugin)
                                                  obj/USBInterrupt_AVR8.o (symbol from plugin)
EVENT_USB_Device_WakeUp                           obj/Events.o (symbol from plugin)
                                                  obj/USBInterrupt_AVR8.o (symbol from plugin)
Endpoint_ClearEndpoints                           obj/Endpoint_AVR8.o (symbol from plugin)
Endpoint_ClearStatusStage                         obj/Endpoint_AVR8.o (symbol from plugin)
                                                  obj/PrinterClassDevice.o (symbol from plugin)
                                                  obj/MassStorageClassDevice.o (symbol from plugin)
                                                  obj/HIDClassDevice.o (symbol from plugin)
                                                  obj/CDCClassDevice.o (symbol from plugin)
                                                  obj/AudioClassDevice.o (symbol from plugin)
                                                  obj/DeviceStandardReq.o (symbol from plugin)
Endpoint_ConfigureEndpointTable                   obj/Endpoint_AVR8.o (symbol from plugin)
                                                  obj/RNDISClassDevice.o (symbol from plugin)
                                                  obj/PrinterClassDevice.o (symbol from plugin)
                                                  obj/MIDIClassDevice.o (symbol from plugin)
                                                  obj/MassStorageClassDevice.o (symbol from plugin)
                                                  obj/HIDClassDevice.o (symbol from plugin)
                                                  obj/CDCClassDevice.o (symbol from plugin)
                                                  obj/CCIDClassDevice.o (symbol from plugin)
                                                  obj/AudioClassDevice.o (symbol from plugin)
Endpoint_ConfigureEndpoint_Prv                    obj/Endpoint_AVR8.o (symbol from plugin)
                                                  obj/USBInterrupt_AVR8.o (symbol from plugin)
                                                  obj/USBController_AVR8.o (symbol from plugin)
Endpoint_Discard_Stream                           obj/EndpointStream_AVR8.o (symbol from plugin)
Endpoint_Null_Stream                              obj/EndpointStream_AVR8.o (symbol from plugin)
                                                  obj/SCSI.o (symbol from plugin)
Endpoint_Read_Control_EStream_BE                  obj/EndpointStream_AVR8.o (symbol from plugin)
Endpoint_Read_Control_EStream_LE                  obj/EndpointStream_AVR8.o (symbol from plugin)
Endpoint_Read_Control_Stream_BE                   obj/EndpointStream_AVR8.o (symbol from plugin)
Endpoint_Read_Control_Stream_LE                   obj/EndpointStream_AVR8.o (symbol from plugin)
                                                  obj/RNDISClassDevice.o (symbol from plugin)
                                                  obj/HIDClassDevice.o (symbol from plugin)
                                                  obj/AudioClassDevice.o (symbol from plugin)
Endpoint_Read_EStream_BE                          obj/EndpointStream_AVR8.o (symbol from plugin)
Endpoint_Read_EStream_LE                          obj/EndpointStream_AVR8.o (symbol from plugin)
Endpoint_Read_Stream_BE                           obj/EndpointStream_AVR8.o (symbol from plugin)
Endpoint_Read_Stream_LE                           obj/EndpointStream_AVR8.o (symbol from plugin)
                                                  obj/RNDISClassDevice.o (symbol from plugin)
                                                  obj/MIDIClassDevice.o (symbol from plugin)
                                                  obj/MassStorageClassDevice.o (symbol from plugin)
                                                  obj/CCIDClassDevice.o (symbol from plugin)
                                                  obj/VirtualFAT.o (symbol from plugin)
Endpoint_WaitUntilReady                           obj/Endpoint_AVR8.o (symbol from plugin)
                                                  obj/RNDISClassDevice.o (symbol from plugin)
                                                  obj/PrinterClassDevice.o (symbol from plugin)
                                                  obj/MIDIClassDevice.o (symbol from plugin)
                                                  obj/CDCClassDevice.o (symbol from plugin)
                                                  obj/EndpointStream_AVR8.o (symbol from plugin)
Endpoint_Write_Control_EStream_BE                 obj/EndpointStream_AVR8.o (symbol from plugin)
Endpoint_Write_Control_EStream_LE                 obj/EndpointStream_AVR8.o (symbol from plugin)
Endpoint_Write_Control_PStream_BE                 obj/EndpointStream_AVR8.o (symbol from plugin)
Endpoint_Write_Control_PStream_LE                 obj/EndpointStream_AVR8.o (symbol from plugin)
Endpoint_Write_Control_Stream_BE                  obj/EndpointStream_AVR8.o (symbol from plugin)
Endpoint_Write_Control_Stream_LE                  obj/EndpointStream_AVR8.o (symbol from plugin)
                                                  obj/RNDISClassDevice.o (symbol from plugin)
                                                  obj/PrinterClassDevice.o (symbol from plugin)
                                                  obj/HIDClassDevice.o (symbol from plugin)
                                                  obj/AudioClassDevice.o (symbol from plugin)
                                                  obj/DeviceStandardReq.o (symbol from plugin)
Endpoint_Write_EStream_BE                         obj/EndpointStream_AVR8.o (symbol from plugin)
Endpoint_Write_EStream_LE                         obj/EndpointStream_AVR8.o (symbol from plugin)
Endpoint_Write_PStream_BE                         obj/EndpointStream_AVR8.o (symbol from plugin)
Endpoint_Write_PStream_LE                         obj/EndpointStream_AVR8.o (symbol from plugin)
                                                  obj/CDCClassDevice.o (symbol from plugin)
Endpoint_Write_Stream_BE                          obj/EndpointStream_AVR8.o (symbol from plugin)
Endpoint_Write_Stream_LE                          obj/EndpointStream_AVR8.o (symbol from plugin)
                                                  obj/RNDISClassDevice.o (symbol from plugin)
                                                  obj/PrinterClassDevice.o (symbol from plugin)
                                                  obj/MIDIClassDevice.o (symbol from plugin)
                                                  obj/MassStorageClassDevice.o (symbol from plugin)
                                                  obj/HIDClassDevice.o (symbol from plugin)
                                                  obj/CDCClassDevice.o (symbol from plugin)
                                                  obj/CCIDClassDevice.o (symbol from plugin)
                                                  obj/VirtualFAT.o (symbol from plugin)
                                                  obj/SCSI.o (symbol from plugin)
HID_Device_ConfigureEndpoints                     obj/HIDClassDevice.o (symbol from plugin)
HID_Device_ProcessControlRequest                  obj/HIDClassDevice.o (symbol from plugin)
HID_Device_USBTask                                obj/HIDClassDevice.o (symbol from plugin)
IsPageAddressValid                                obj/BootloaderAPI.o (symbol from plugin)
MIDI_Device_ConfigureEndpoints                    obj/MIDIClassDevice.o (symbol from plugin)
MIDI_Device_Flush                                 obj/MIDIClassDevice.o (symbol from plugin)
MIDI_Device_ReceiveEventPacket                    obj/MIDIClassDevice.o (symbol from plugin)
MIDI_Device_SendEventPacket                       obj/MIDIClassDevice.o (symbol from plugin)
MIDI_Device_USBTask                               obj/MIDIClassDevice.o (symbol from plugin)
MS_Device_ConfigureEndpoints                      obj/MassStorageClassDevice.o (symbol from plugin)
                                                  obj/BootloaderMassStorage.o (symbol from plugin)
MS_Device_ProcessControlRequest                   obj/MassStorageClassDevice.o (symbol from plugin)
                                                  obj/BootloaderMassStorage.o (symbol from plugin)
MS_Device_USBTask                                 obj/MassStorageClassDevice.o (symbol from plugin)
                                                  obj/BootloaderMassStorage.o (symbol from plugin)
MagicBootKey                                      obj/BootloaderMassStorage.o (symbol from plugin)
PRNT_Device_BytesReceived                         obj/PrinterClassDevice.o (symbol from plugin)
PRNT_Device_ConfigureEndpoints                    obj/PrinterClassDevice.o (symbol from plugin)
PRNT_Device_CreateBlockingStream                  obj/PrinterClassDevice.o (symbol from plugin)
PRNT_Device_CreateStream                          obj/PrinterClassDevice.o (symbol from plugin)
PRNT_Device_Event_Stub                            obj/PrinterClassDevice.o (symbol from plugin)
PRNT_Device_Flush                                 obj/PrinterClassDevice.o (symbol from plugin)
PRNT_Device_ProcessControlRequest                 obj/PrinterClassDevice.o (symbol from plugin)
PRNT_Device_ReceiveByte                           obj/PrinterClassDevice.o (symbol from plugin)
PRNT_Device_SendByte                              obj/PrinterClassDevice.o (symbol from plugin)
PRNT_Device_SendData                              obj/PrinterClassDevice.o (symbol from plugin)
PRNT_Device_SendString                            obj/PrinterClassDevice.o (symbol from plugin)
PRNT_Device_USBTask                               obj/PrinterClassDevice.o (symbol from plugin)
RNDIS_Device_ConfigureEndpoints                   obj/RNDISClassDevice.o (symbol from plugin)
RNDIS_Device_IsPacketReceived                     obj/RNDISClassDevice.o (symbol from plugin)
RNDIS_Device_ProcessControlRequest                obj/RNDISClassDevice.o (symbol from plugin)
RNDIS_Device_ReadPacket                           obj/RNDISClassDevice.o (symbol from plugin)
RNDIS_Device_SendPacket                           obj/RNDISClassDevice.o (symbol from plugin)
RNDIS_Device_USBTask                              obj/RNDISClassDevice.o (symbol from plugin)
RunBootloader                                     obj/BootloaderMassStorage.o (symbol from plugin)
                                                  obj/SCSI.o (symbol from plugin)
SCSI_DecodeSCSICommand                            obj/SCSI.o (symbol from plugin)
                                                  obj/BootloaderMassStorage.o (symbol from plugin)
USB_ControlRequest                                obj/USBTask.o (symbol from plugin)
                                                  obj/RNDISClassDevice.o (symbol from plugin)
                                                  obj/PrinterClassDevice.o (symbol from plugin)
                                                  obj/MassStorageClassDevice.o (symbol from plugin)
                                                  obj/HIDClassDevice.o (symbol from plugin)
                                                  obj/CDCClassDevice.o (symbol from plugin)
                                                  obj/CCIDClassDevice.o (symbol from plugin)
                                                  obj/AudioClassDevice.o (symbol from plugin)
                                                  obj/DeviceStandardReq.o (symbol from plugin)
                                                  obj/Endpoint_AVR8.o (symbol from plugin)
                                                  obj/EndpointStream_AVR8.o (symbol from plugin)
USB_Device_ConfigurationNumber                    obj/DeviceStandardReq.o (symbol from plugin)
                                                  obj/USBInterrupt_AVR8.o (symbol from plugin)
                                                  obj/USBController_AVR8.o (symbol from plugin)
USB_Device_ProcessControlRequest                  obj/DeviceStandardReq.o (symbol from plugin)
                                                  obj/USBTask.o (symbol from plugin)
                                                  obj/USBInterrupt_AVR8.o (symbol from plugin)
USB_Device_SendRemoteWakeup                       obj/Device_AVR8.o (symbol from plugin)
USB_Disable                                       obj/USBController_AVR8.o (symbol from plugin)
USB_Event_Stub                                    obj/Events.o (symbol from plugin)
USB_Event_Stub_2                                  obj/Events.o (symbol from plugin)
USB_Event_Stub_3                                  obj/Events.o (symbol from plugin)
USB_GetHIDReportItemInfo                          obj/HIDParser.o (symbol from plugin)
USB_GetHIDReportSize                              obj/HIDParser.o (symbol from plugin)
USB_GetNextDescriptorComp                         obj/ConfigDescriptors.o (symbol from plugin)
USB_GetNextDescriptorOfType                       obj/ConfigDescriptors.o (symbol from plugin)
USB_GetNextDescriptorOfTypeAfter                  obj/ConfigDescriptors.o (symbol from plugin)
USB_GetNextDescriptorOfTypeBefore                 obj/ConfigDescriptors.o (symbol from plugin)
USB_INT_ClearAllInterrupts                        obj/USBInterrupt_AVR8.o (symbol from plugin)
                                                  obj/USBController_AVR8.o (symbol from plugin)
USB_INT_DisableAllInterrupts                      obj/USBInterrupt_AVR8.o (symbol from plugin)
                                                  obj/USBController_AVR8.o (symbol from plugin)
USB_Init                                          obj/USBController_AVR8.o (symbol from plugin)
                                                  obj/BootloaderMassStorage.o (symbol from plugin)
USB_IsInitialized                                 obj/USBTask.o (symbol from plugin)
                                                  obj/USBController_AVR8.o (symbol from plugin)
USB_ProcessHIDReport                              obj/HIDParser.o (symbol from plugin)
USB_ResetInterface                                obj/USBController_AVR8.o (symbol from plugin)
USB_SetHIDReportItemInfo                          obj/HIDParser.o (symbol from plugin)
USB_USBTask                                       obj/USBTask.o (symbol from plugin)
                                                  obj/PrinterClassDevice.o (symbol from plugin)
                                                  obj/CDCClassDevice.o (symbol from plugin)
                                                  obj/BootloaderMassStorage.o (symbol from plugin)
VirtualFAT_ReadBlock                              obj/VirtualFAT.o (symbol from plugin)
                                                  obj/SCSI.o (symbol from plugin)
VirtualFAT_WriteBlock                             obj/VirtualFAT.o (symbol from plugin)
                                                  obj/SCSI.o (symbol from plugin)
__FUSE_REGION_LENGTH__                            d:/program files (x86)/atmel/studio/7.0/toolchain/avr8/avr8-gnu-toolchain/bin/../lib/gcc/avr/4.9.2/../../../../avr/lib/avr5/crtatmega32u4.o
__bad_interrupt                                   d:/program files (x86)/atmel/studio/7.0/toolchain/avr8/avr8-gnu-toolchain/bin/../lib/gcc/avr/4.9.2/../../../../avr/lib/avr5/crtatmega32u4.o
__bss_end                                         d:/program files (x86)/atmel/studio/7.0/toolchain/avr8/avr8-gnu-toolchain/bin/../lib/gcc/avr/4.9.2/avr5\libgcc.a(_clear_bss.o)
__bss_start                                       d:/program files (x86)/atmel/studio/7.0/toolchain/avr8/avr8-gnu-toolchain/bin/../lib/gcc/avr/4.9.2/avr5\libgcc.a(_clear_bss.o)
__data_end                                        d:/program files (x86)/atmel/studio/7.0/toolchain/avr8/avr8-gnu-toolchain/bin/../lib/gcc/avr/4.9.2/avr5\libgcc.a(_copy_data.o)
__data_load_start                                 d:/program files (x86)/atmel/studio/7.0/toolchain/avr8/avr8-gnu-toolchain/bin/../lib/gcc/avr/4.9.2/avr5\libgcc.a(_copy_data.o)
__data_start                                      d:/program files (x86)/atmel/studio/7.0/toolchain/avr8/avr8-gnu-toolchain/bin/../lib/gcc/avr/4.9.2/avr5\libgcc.a(_copy_data.o)
__do_clear_bss                                    d:/program files (x86)/atmel/studio/7.0/toolchain/avr8/avr8-gnu-toolchain/bin/../lib/gcc/avr/4.9.2/avr5\libgcc.a(_clear_bss.o)
                                                  C:\Users\Xyphro\AppData\Local\Temp\ccnTFAZa.ltrans0.ltrans.o
__do_copy_data                                    d:/program files (x86)/atmel/studio/7.0/toolchain/avr8/avr8-gnu-toolchain/bin/../lib/gcc/avr/4.9.2/avr5\libgcc.a(_copy_data.o)
                                                  C:\Users\Xyphro\AppData\Local\Temp\ccnTFAZa.ltrans0.ltrans.o
__heap_end                                        d:/program files (x86)/atmel/studio/7.0/toolchain/avr8/avr8-gnu-toolchain/bin/../lib/gcc/avr/4.9.2/../../../../avr/lib/avr5/crtatmega32u4.o
__init                                            d:/program files (x86)/atmel/studio/7.0/toolchain/avr8/avr8-gnu-toolchain/bin/../lib/gcc/avr/4.9.2/../../../../avr/lib/avr5/crtatmega32u4.o
__stack                                           d:/program files (x86)/atmel/studio/7.0/toolchain/avr8/avr8-gnu-toolchain/bin/../lib/gcc/avr/4.9.2/../../../../avr/lib/avr5/crtatmega32u4.o
__strlen_P                                        d:/program files (x86)/atmel/studio/7.0/toolchain/avr8/avr8-gnu-toolchain/bin/../lib/gcc/avr/4.9.2/../../../../avr/lib/avr5\libc.a(strlen_P.o)
                                                  obj/CDCClassDevice.o (symbol from plugin)
__tablejump2__                                    d:/program files (x86)/atmel/studio/7.0/toolchain/avr8/avr8-gnu-toolchain/bin/../lib/gcc/avr/4.9.2/avr5\libgcc.a(_tablejump2.o)
                                                  C:\Users\Xyphro\AppData\Local\Temp\ccnTFAZa.ltrans0.ltrans.o
__vector_1                                        d:/program files (x86)/atmel/studio/7.0/toolchain/avr8/avr8-gnu-toolchain/bin/../lib/gcc/avr/4.9.2/../../../../avr/lib/avr5/crtatmega32u4.o
__vector_10                                       C:\Users\Xyphro\AppData\Local\Temp\ccnTFAZa.ltrans0.ltrans.o
                                                  obj/USBInterrupt_AVR8.o (symbol from plugin)
                                                  d:/program files (x86)/atmel/studio/7.0/toolchain/avr8/avr8-gnu-toolchain/bin/../lib/gcc/avr/4.9.2/../../../../avr/lib/avr5/crtatmega32u4.o
__vector_11                                       C:\Users\Xyphro\AppData\Local\Temp\ccnTFAZa.ltrans0.ltrans.o
                                                  obj/USBInterrupt_AVR8.o (symbol from plugin)
                                                  d:/program files (x86)/atmel/studio/7.0/toolchain/avr8/avr8-gnu-toolchain/bin/../lib/gcc/avr/4.9.2/../../../../avr/lib/avr5/crtatmega32u4.o
__vector_12                                       d:/program files (x86)/atmel/studio/7.0/toolchain/avr8/avr8-gnu-toolchain/bin/../lib/gcc/avr/4.9.2/../../../../avr/lib/avr5/crtatmega32u4.o
__vector_13                                       d:/program files (x86)/atmel/studio/7.0/toolchain/avr8/avr8-gnu-toolchain/bin/../lib/gcc/avr/4.9.2/../../../../avr/lib/avr5/crtatmega32u4.o
__vector_14                                       d:/program files (x86)/atmel/studio/7.0/toolchain/avr8/avr8-gnu-toolchain/bin/../lib/gcc/avr/4.9.2/../../../../avr/lib/avr5/crtatmega32u4.o
__vector_15                                       d:/program files (x86)/atmel/studio/7.0/toolchain/avr8/avr8-gnu-toolchain/bin/../lib/gcc/avr/4.9.2/../../../../avr/lib/avr5/crtatmega32u4.o
__vector_16                                       d:/program files (x86)/atmel/studio/7.0/toolchain/avr8/avr8-gnu-toolchain/bin/../lib/gcc/avr/4.9.2/../../../../avr/lib/avr5/crtatmega32u4.o
__vector_17                                       d:/program files (x86)/atmel/studio/7.0/toolchain/avr8/avr8-gnu-toolchain/bin/../lib/gcc/avr/4.9.2/../../../../avr/lib/avr5/crtatmega32u4.o
__vector_18                                       d:/program files (x86)/atmel/studio/7.0/toolchain/avr8/avr8-gnu-toolchain/bin/../lib/gcc/avr/4.9.2/../../../../avr/lib/avr5/crtatmega32u4.o
__vector_19                                       d:/program files (x86)/atmel/studio/7.0/toolchain/avr8/avr8-gnu-toolchain/bin/../lib/gcc/avr/4.9.2/../../../../avr/lib/avr5/crtatmega32u4.o
__vector_2                                        d:/program files (x86)/atmel/studio/7.0/toolchain/avr8/avr8-gnu-toolchain/bin/../lib/gcc/avr/4.9.2/../../../../avr/lib/avr5/crtatmega32u4.o
__vector_20                                       C:\Users\Xyphro\AppData\Local\Temp\ccnTFAZa.ltrans0.ltrans.o
                                                  obj/BootloaderMassStorage.o (symbol from plugin)
                                                  d:/program files (x86)/atmel/studio/7.0/toolchain/avr8/avr8-gnu-toolchain/bin/../lib/gcc/avr/4.9.2/../../../../avr/lib/avr5/crtatmega32u4.o
__vector_21                                       d:/program files (x86)/atmel/studio/7.0/toolchain/avr8/avr8-gnu-toolchain/bin/../lib/gcc/avr/4.9.2/../../../../avr/lib/avr5/crtatmega32u4.o
__vector_22                                       d:/program files (x86)/atmel/studio/7.0/toolchain/avr8/avr8-gnu-toolchain/bin/../lib/gcc/avr/4.9.2/../../../../avr/lib/avr5/crtatmega32u4.o
__vector_23                                       d:/program files (x86)/atmel/studio/7.0/toolchain/avr8/avr8-gnu-toolchain/bin/../lib/gcc/avr/4.9.2/../../../../avr/lib/avr5/crtatmega32u4.o
__vector_24                                       d:/program files (x86)/atmel/studio/7.0/toolchain/avr8/avr8-gnu-toolchain/bin/../lib/gcc/avr/4.9.2/../../../../avr/lib/avr5/crtatmega32u4.o
__vector_25                                       d:/program files (x86)/atmel/studio/7.0/toolchain/avr8/avr8-gnu-toolchain/bin/../lib/gcc/avr/4.9.2/../../../../avr/lib/avr5/crtatmega32u4.o
__vector_26                                       d:/program files (x86)/atmel/studio/7.0/toolchain/avr8/avr8-gnu-toolchain/bin/../lib/gcc/avr/4.9.2/../../../../avr/lib/avr5/crtatmega32u4.o
__vector_27                                       d:/program files (x86)/atmel/studio/7.0/toolchain/avr8/avr8-gnu-toolchain/bin/../lib/gcc/avr/4.9.2/../../../../avr/lib/avr5/crtatmega32u4.o
__vector_28                                       d:/program files (x86)/atmel/studio/7.0/toolchain/avr8/avr8-gnu-toolchain/bin/../lib/gcc/avr/4.9.2/../../../../avr/lib/avr5/crtatmega32u4.o
__vector_29                                       d:/program files (x86)/atmel/studio/7.0/toolchain/avr8/avr8-gnu-toolchain/bin/../lib/gcc/avr/4.9.2/../../../../avr/lib/avr5/crtatmega32u4.o
__vector_3                                        d:/program files (x86)/atmel/studio/7.0/toolchain/avr8/avr8-gnu-toolchain/bin/../lib/gcc/avr/4.9.2/../../../../avr/lib/avr5/crtatmega32u4.o
__vector_30                                       d:/program files (x86)/atmel/studio/7.0/toolchain/avr8/avr8-gnu-toolchain/bin/../lib/gcc/avr/4.9.2/../../../../avr/lib/avr5/crtatmega32u4.o
__vector_31                                       d:/program files (x86)/atmel/studio/7.0/toolchain/avr8/avr8-gnu-toolchain/bin/../lib/gcc/avr/4.9.2/../../../../avr/lib/avr5/crtatmega32u4.o
__vector_32                                       d:/program files (x86)/atmel/studio/7.0/toolchain/avr8/avr8-gnu-toolchain/bin/../lib/gcc/avr/4.9.2/../../../../avr/lib/avr5/crtatmega32u4.o
__vector_33                                       d:/program files (x86)/atmel/studio/7.0/toolchain/avr8/avr8-gnu-toolchain/bin/../lib/gcc/avr/4.9.2/../../../../avr/lib/avr5/crtatmega32u4.o
__vector_34                                       d:/program files (x86)/atmel/studio/7.0/toolchain/avr8/avr8-gnu-toolchain/bin/../lib/gcc/avr/4.9.2/../../../../avr/lib/avr5/crtatmega32u4.o
__vector_35                                       d:/program files (x86)/atmel/studio/7.0/toolchain/avr8/avr8-gnu-toolchain/bin/../lib/gcc/avr/4.9.2/../../../../avr/lib/avr5/crtatmega32u4.o
__vector_36                                       d:/program files (x86)/atmel/studio/7.0/toolchain/avr8/avr8-gnu-toolchain/bin/../lib/gcc/avr/4.9.2/../../../../avr/lib/avr5/crtatmega32u4.o
__vector_37                                       d:/program files (x86)/atmel/studio/7.0/toolchain/avr8/avr8-gnu-toolchain/bin/../lib/gcc/avr/4.9.2/../../../../avr/lib/avr5/crtatmega32u4.o
__vector_38                                       d:/program files (x86)/atmel/studio/7.0/toolchain/avr8/avr8-gnu-toolchain/bin/../lib/gcc/avr/4.9.2/../../../../avr/lib/avr5/crtatmega32u4.o
__vector_39                                       d:/program files (x86)/atmel/studio/7.0/toolchain/avr8/avr8-gnu-toolchain/bin/../lib/gcc/avr/4.9.2/../../../../avr/lib/avr5/crtatmega32u4.o
__vector_4                                        d:/program files (x86)/atmel/studio/7.0/toolchain/avr8/avr8-gnu-toolchain/bin/../lib/gcc/avr/4.9.2/../../../../avr/lib/avr5/crtatmega32u4.o
__vector_40                                       d:/program files (x86)/atmel/studio/7.0/toolchain/avr8/avr8-gnu-toolchain/bin/../lib/gcc/avr/4.9.2/../../../../avr/lib/avr5/crtatmega32u4.o
__vector_41                                       d:/program files (x86)/atmel/studio/7.0/toolchain/avr8/avr8-gnu-toolchain/bin/../lib/gcc/avr/4.9.2/../../../../avr/lib/avr5/crtatmega32u4.o
__vector_42                                       d:/program files (x86)/atmel/studio/7.0/toolchain/avr8/avr8-gnu-toolchain/bin/../lib/gcc/avr/4.9.2/../../../../avr/lib/avr5/crtatmega32u4.o
__vector_5                                        d:/program files (x86)/atmel/studio/7.0/toolchain/avr8/avr8-gnu-toolchain/bin/../lib/gcc/avr/4.9.2/../../../../avr/lib/avr5/crtatmega32u4.o
__vector_6                                        d:/program files (x86)/atmel/studio/7.0/toolchain/avr8/avr8-gnu-toolchain/bin/../lib/gcc/avr/4.9.2/../../../../avr/lib/avr5/crtatmega32u4.o
__vector_7                                        d:/program files (x86)/atmel/studio/7.0/toolchain/avr8/avr8-gnu-toolchain/bin/../lib/gcc/avr/4.9.2/../../../../avr/lib/avr5/crtatmega32u4.o
__vector_8                                        d:/program files (x86)/atmel/studio/7.0/toolchain/avr8/avr8-gnu-toolchain/bin/../lib/gcc/avr/4.9.2/../../../../avr/lib/avr5/crtatmega32u4.o
__vector_9                                        d:/program files (x86)/atmel/studio/7.0/toolchain/avr8/avr8-gnu-toolchain/bin/../lib/gcc/avr/4.9.2/../../../../avr/lib/avr5/crtatmega32u4.o
__vector_default                                  d:/program files (x86)/atmel/studio/7.0/toolchain/avr8/avr8-gnu-toolchain/bin/../lib/gcc/avr/4.9.2/../../../../avr/lib/avr5/crtatmega32u4.o
__vectors                                         d:/program files (x86)/atmel/studio/7.0/toolchain/avr8/avr8-gnu-toolchain/bin/../lib/gcc/avr/4.9.2/../../../../avr/lib/avr5/crtatmega32u4.o
_exit                                             d:/program files (x86)/atmel/studio/7.0/toolchain/avr8/avr8-gnu-toolchain/bin/../lib/gcc/avr/4.9.2/avr5\libgcc.a(_exit.o)
eeprom_read_byte                                  d:/program files (x86)/atmel/studio/7.0/toolchain/avr8/avr8-gnu-toolchain/bin/../lib/gcc/avr/4.9.2/../../../../avr/lib/avr5\libatmega32u4.a(eerd_byte.o)
                                                  C:\Users\Xyphro\AppData\Local\Temp\ccnTFAZa.ltrans0.ltrans.o
                                                  obj/EndpointStream_AVR8.o (symbol from plugin)
                                                  obj/VirtualFAT.o (symbol from plugin)
eeprom_update_byte                                d:/program files (x86)/atmel/studio/7.0/toolchain/avr8/avr8-gnu-toolchain/bin/../lib/gcc/avr/4.9.2/../../../../avr/lib/avr5\libatmega32u4.a(eeupd_byte.o)
                                                  C:\Users\Xyphro\AppData\Local\Temp\ccnTFAZa.ltrans0.ltrans.o
                                                  obj/EndpointStream_AVR8.o (symbol from plugin)
                                                  obj/VirtualFAT.o (symbol from plugin)
eeprom_update_r18                                 d:/program files (x86)/atmel/studio/7.0/toolchain/avr8/avr8-gnu-toolchain/bin/../lib/gcc/avr/4.9.2/../../../../avr/lib/avr5\libatmega32u4.a(eeupd_byte.o)
exit                                              d:/program files (x86)/atmel/studio/7.0/toolchain/avr8/avr8-gnu-toolchain/bin/../lib/gcc/avr/4.9.2/avr5\libgcc.a(_exit.o)
                                                  d:/program files (x86)/atmel/studio/7.0/toolchain/avr8/avr8-gnu-toolchain/bin/../lib/gcc/avr/4.9.2/../../../../avr/lib/avr5/crtatmega32u4.o
main                                              C:\Users\Xyphro\AppData\Local\Temp\ccnTFAZa.ltrans0.ltrans.o
                                                  obj/BootloaderMassStorage.o (symbol from plugin)
                                                  d:/program files (x86)/atmel/studio/7.0/toolchain/avr8/avr8-gnu-toolchain/bin/../lib/gcc/avr/4.9.2/../../../../avr/lib/avr5/crtatmega32u4.o
memcpy_P                                          d:/program files (x86)/atmel/studio/7.0/toolchain/avr8/avr8-gnu-toolchain/bin/../lib/gcc/avr/4.9.2/../../../../avr/lib/avr5\libc.a(memcpy_P.o)
                                                  obj/RNDISClassDevice.o (symbol from plugin)
