Archive member included to satisfy reference by file (symbol)

c:/program files (x86)/atmel/studio/7.0/toolchain/avr8/avr8-gnu-toolchain/bin/../lib/gcc/avr/5.4.0/avr5\libgcc.a(_exit.o)
                              c:/program files (x86)/atmel/studio/7.0/toolchain/avr8/avr8-gnu-toolchain/bin/../lib/gcc/avr/5.4.0/../../../../avr/lib/avr5/crtatmega32u4.o (exit)
c:/program files (x86)/atmel/studio/7.0/toolchain/avr8/avr8-gnu-toolchain/bin/../lib/gcc/avr/5.4.0/avr5\libgcc.a(_copy_data.o)
                              obj/TestAndMeasurement.o (__do_copy_data)
c:/program files (x86)/atmel/studio/7.0/toolchain/avr8/avr8-gnu-toolchain/bin/../lib/gcc/avr/5.4.0/avr5\libgcc.a(_clear_bss.o)
                              obj/TestAndMeasurement.o (__do_clear_bss)
c:/program files (x86)/atmel/studio/7.0/toolchain/avr8/avr8-gnu-toolchain/bin/../lib/gcc/avr/5.4.0/../../../../avr/lib/avr5\libc.a(memcpy_P.o)
                              obj/RNDISClassDevice.o (memcpy_P)
c:/program files (x86)/atmel/studio/7.0/toolchain/avr8/avr8-gnu-toolchain/bin/../lib/gcc/avr/5.4.0/../../../../avr/lib/avr5\libc.a(strlen_P.o)
                              obj/CDCClassDevice.o (__strlen_P)
c:/program files (x86)/atmel/studio/7.0/toolchain/avr8/avr8-gnu-toolchain/bin/../lib/gcc/avr/5.4.0/../../../../avr/lib/avr5\libc.a(memcmp.o)
                              obj/HIDClassDevice.o (memcmp)
c:/program files (x86)/atmel/studio/7.0/toolchain/avr8/avr8-gnu-toolchain/bin/../lib/gcc/avr/5.4.0/../../../../avr/lib/avr5\libc.a(memcpy.o)
                              obj/TestAndMeasurement.o (memcpy)
c:/program files (x86)/atmel/studio/7.0/toolchain/avr8/avr8-gnu-toolchain/bin/../lib/gcc/avr/5.4.0/../../../../avr/lib/avr5\libc.a(memset.o)
                              obj/HIDClassDevice.o (memset)
c:/program files (x86)/atmel/studio/7.0/toolchain/avr8/avr8-gnu-toolchain/bin/../lib/gcc/avr/5.4.0/../../../../avr/lib/avr5\libatmega32u4.a(eerd_byte.o)
                              obj/TestAndMeasurement.o (eeprom_read_byte)
c:/program files (x86)/atmel/studio/7.0/toolchain/avr8/avr8-gnu-toolchain/bin/../lib/gcc/avr/5.4.0/../../../../avr/lib/avr5\libatmega32u4.a(eeupd_byte.o)
                              obj/EndpointStream_AVR8.o (eeprom_update_byte)
c:/program files (x86)/atmel/studio/7.0/toolchain/avr8/avr8-gnu-toolchain/bin/../lib/gcc/avr/5.4.0/../../../../avr/lib/avr5\libatmega32u4.a(eewr_byte.o)
                              obj/TestAndMeasurement.o (eeprom_write_byte)

Allocating common symbols
Common symbol       size              file

internal_response_buffer
                    0x8               obj/TestAndMeasurement.o
tmc_serial_string   0x66              obj/Descriptors.o
USB_IsInitialized   0x1               obj/USBTask.o
USB_DeviceState     0x1               obj/USBTask.o
timeout_val         0x4               obj/TestAndMeasurement.o
USB_Device_ConfigurationNumber
                    0x1               obj/DeviceStandardReq.o
USB_Device_CurrentlySelfPowered
                    0x1               obj/DeviceStandardReq.o
USB_ControlRequest  0x8               obj/USBTask.o
TMC_eom             0x1               obj/TestAndMeasurement.o
USB_Device_RemoteWakeupEnabled
                    0x1               obj/DeviceStandardReq.o

Discarded input sections

 .data          0x00000000        0x0 c:/program files (x86)/atmel/studio/7.0/toolchain/avr8/avr8-gnu-toolchain/bin/../lib/gcc/avr/5.4.0/../../../../avr/lib/avr5/crtatmega32u4.o
 .bss           0x00000000        0x0 c:/program files (x86)/atmel/studio/7.0/toolchain/avr8/avr8-gnu-toolchain/bin/../lib/gcc/avr/5.4.0/../../../../avr/lib/avr5/crtatmega32u4.o
 .text          0x00000000        0x0 obj/TestAndMeasurement.o
 .text.timeout_start
                0x00000000       0x12 obj/TestAndMeasurement.o
 .text.findGpibdevice
                0x00000000       0x1e obj/TestAndMeasurement.o
 .text.ReadTMCHeader
                0x00000000       0x1a obj/TestAndMeasurement.o
 .text.WriteTMCHeader
                0x00000000       0x72 obj/TestAndMeasurement.o
 .text          0x00000000        0x0 obj/Descriptors.o
 .data          0x00000000        0x0 obj/Descriptors.o
 .bss           0x00000000        0x0 obj/Descriptors.o
 .text          0x00000000        0x0 obj/gpib.o
 .data          0x00000000        0x0 obj/gpib.o
 .text          0x00000000        0x0 obj/miniparser.o
 .bss           0x00000000        0x0 obj/miniparser.o
 .text          0x00000000        0x0 obj/HIDParser.o
 .data          0x00000000        0x0 obj/HIDParser.o
 .bss           0x00000000        0x0 obj/HIDParser.o
 .text.USB_ProcessHIDReport
                0x00000000      0x798 obj/HIDParser.o
 .text.USB_GetHIDReportItemInfo
                0x00000000       0xcc obj/HIDParser.o
 .text.USB_SetHIDReportItemInfo
                0x00000000       0xc8 obj/HIDParser.o
 .text.USB_GetHIDReportSize
                0x00000000       0x5c obj/HIDParser.o
 .debug_info    0x00000000      0x731 obj/HIDParser.o
[...]
Memory Configuration

Name             Origin             Length             Attributes
text             0x00000000         0x00020000         xr
data             0x00800060         0x0000ffa0         rw !x
eeprom           0x00810000         0x00010000         rw !x
fuse             0x00820000         0x00000003         rw !x
lock             0x00830000         0x00000400         rw !x
signature        0x00840000         0x00000400         rw !x
user_signatures  0x00850000         0x00000400         rw !x
*default*        0x00000000         0xffffffff

Linker script and memory map

Address of section .data set to 0x800100
LOAD c:/program files (x86)/atmel/studio/7.0/toolchain/avr8/avr8-gnu-toolchain/bin/../lib/gcc/avr/5.4.0/../../../../avr/lib/avr5/crtatmega32u4.o
LOAD obj/TestAndMeasurement.o
LOAD obj/Descriptors.o
LOAD obj/gpib.o
LOAD obj/miniparser.o
LOAD obj/HIDParser.o
LOAD obj/Device_AVR8.o
LOAD obj/EndpointStream_AVR8.o
LOAD obj/Endpoint_AVR8.o
LOAD obj/Host_AVR8.o
LOAD obj/PipeStream_AVR8.o
LOAD obj/Pipe_AVR8.o
LOAD obj/USBController_AVR8.o
LOAD obj/USBInterrupt_AVR8.o
LOAD obj/ConfigDescriptors.o
LOAD obj/DeviceStandardReq.o
LOAD obj/Events.o
LOAD obj/HostStandardReq.o
LOAD obj/USBTask.o
LOAD obj/AudioClassDevice.o
LOAD obj/CCIDClassDevice.o
LOAD obj/CDCClassDevice.o
LOAD obj/HIDClassDevice.o
LOAD obj/MassStorageClassDevice.o
LOAD obj/MIDIClassDevice.o
LOAD obj/PrinterClassDevice.o
LOAD obj/RNDISClassDevice.o
LOAD obj/AndroidAccessoryClassHost.o
LOAD obj/AudioClassHost.o
LOAD obj/CDCClassHost.o
LOAD obj/HIDClassHost.o
LOAD obj/MassStorageClassHost.o
LOAD obj/MIDIClassHost.o
LOAD obj/PrinterClassHost.o
LOAD obj/RNDISClassHost.o
LOAD obj/StillImageClassHost.o
LOAD c:/program files (x86)/atmel/studio/7.0/toolchain/avr8/avr8-gnu-toolchain/bin/../lib/gcc/avr/5.4.0/../../../../avr/lib/avr5\libm.a
START GROUP
LOAD c:/program files (x86)/atmel/studio/7.0/toolchain/avr8/avr8-gnu-toolchain/bin/../lib/gcc/avr/5.4.0/avr5\libgcc.a
LOAD c:/program files (x86)/atmel/studio/7.0/toolchain/avr8/avr8-gnu-toolchain/bin/../lib/gcc/avr/5.4.0/../../../../avr/lib/avr5\libm.a
LOAD c:/program files (x86)/atmel/studio/7.0/toolchain/avr8/avr8-gnu-toolchain/bin/../lib/gcc/avr/5.4.0/../../../../avr/lib/avr5\libc.a
LOAD c:/program files (x86)/atmel/studio/7.0/toolchain/avr8/avr8-gnu-toolchain/bin/../lib/gcc/avr/5.4.0/../../../../avr/lib/avr5\libatmega32u4.a
END GROUP
                0x00020000                __TEXT_REGION_LENGTH__ = DEFINED (__TEXT_REGION_LENGTH__)?__TEXT_REGION_LENGTH__:0x20000
                0x0000ffa0                __DATA_REGION_LENGTH__ = DEFINED (__DATA_REGION_LENGTH__)?__DATA_REGION_LENGTH__:0xffa0
                0x00010000                __EEPROM_REGION_LENGTH__ = DEFINED (__EEPROM_REGION_LENGTH__)?__EEPROM_REGION_LENGTH__:0x10000
                [0x00000003]                __FUSE_REGION_LENGTH__ = DEFINED (__FUSE_REGION_LENGTH__)?__FUSE_REGION_LENGTH__:0x400
                0x00000400                __LOCK_REGION_LENGTH__ = DEFINED (__LOCK_REGION_LENGTH__)?__LOCK_REGION_LENGTH__:0x400
                0x00000400                __SIGNATURE_REGION_LENGTH__ = DEFINED (__SIGNATURE_REGION_LENGTH__)?__SIGNATURE_REGION_LENGTH__:0x400
                0x00000400                __USER_SIGNATURE_REGION_LENGTH__ = DEFINED (__USER_SIGNATURE_REGION_LENGTH__)?__USER_SIGNATURE_REGION_LENGTH__:0x400

.hash
 *(.hash)

.dynsym
 *(.dynsym)

.dynstr
 *(.dynstr)

.gnu.version
 *(.gnu.version)

.gnu.version_d
 *(.gnu.version_d)

.gnu.version_r
 *(.gnu.version_r)

.rel.init
 *(.rel.init)

.rela.init
 *(.rela.init)

.rel.text
 *(.rel.text)
 *(.rel.text.*)
 *(.rel.gnu.linkonce.t*)

.rela.text
 *(.rela.text)
 *(.rela.text.*)
 *(.rela.gnu.linkonce.t*)

.rel.fini
 *(.rel.fini)

.rela.fini
 *(.rela.fini)

.rel.rodata
 *(.rel.rodata)
 *(.rel.rodata.*)
 *(.rel.gnu.linkonce.r*)

.rela.rodata
 *(.rela.rodata)
 *(.rela.rodata.*)
 *(.rela.gnu.linkonce.r*)

.rel.data
 *(.rel.data)
 *(.rel.data.*)
 *(.rel.gnu.linkonce.d*)

.rela.data
 *(.rela.data)
 *(.rela.data.*)
 *(.rela.gnu.linkonce.d*)

.rel.ctors
 *(.rel.ctors)

.rela.ctors
 *(.rela.ctors)

.rel.dtors
 *(.rel.dtors)

.rela.dtors
 *(.rela.dtors)

.rel.got
 *(.rel.got)

.rela.got
 *(.rela.got)

.rel.bss
 *(.rel.bss)

.rela.bss
 *(.rela.bss)

.rel.plt
 *(.rel.plt)

.rela.plt
 *(.rela.plt)

.text           0x00000000     0x351e
 *(.vectors)
 .vectors       0x00000000       0xac c:/program files (x86)/atmel/studio/7.0/toolchain/avr8/avr8-gnu-toolchain/bin/../lib/gcc/avr/5.4.0/../../../../avr/lib/avr5/crtatmega32u4.o
                0x00000000                __vector_default
                0x00000000                __vectors
 *(.vectors)
 *(.progmem.gcc*)
                0x000000ac                . = ALIGN (0x2)
                0x000000ac                __trampolines_start = .
 *(.trampolines)
 .trampolines   0x000000ac        0x0 linker stubs
 *(.trampolines*)
                0x000000ac                __trampolines_end = .
 *libprintf_flt.a:*(.progmem.data)
 *libc.a:*(.progmem.data)
 *(.progmem*)
 .progmem.data  0x000000ac       0x67 obj/Descriptors.o
                0x000000ac                ProductString
                0x000000be                ManufacturerString
                0x000000d6                LanguageString
                0x000000da                ConfigurationDescriptor
                0x00000101                DeviceDescriptor
 .progmem.data  0x00000113      0x105 obj/miniparser.o
                0x00000218                . = ALIGN (0x2)
 *(.jumptables)
 *(.jumptables*)
 *(.lowtext)
 *(.lowtext*)
                0x00000218                __ctors_start = .
 *(.ctors)
                0x00000218                __ctors_end = .
                0x00000218                __dtors_start = .
 *(.dtors)
                0x00000218                __dtors_end = .
 SORT(*)(.ctors)
 SORT(*)(.dtors)
 *(.init0)
 .init0         0x00000218        0x0 c:/program files (x86)/atmel/studio/7.0/toolchain/avr8/avr8-gnu-toolchain/bin/../lib/gcc/avr/5.4.0/../../../../avr/lib/avr5/crtatmega32u4.o
                0x00000218                __init
 *(.init0)
 *(.init1)
 *(.init1)
 *(.init2)
 .init2         0x00000218        0xc c:/program files (x86)/atmel/studio/7.0/toolchain/avr8/avr8-gnu-toolchain/bin/../lib/gcc/avr/5.4.0/../../../../avr/lib/avr5/crtatmega32u4.o
 *(.init2)
 *(.init3)
 *(.init3)
 *(.init4)
 .init4         0x00000224       0x16 c:/program files (x86)/atmel/studio/7.0/toolchain/avr8/avr8-gnu-toolchain/bin/../lib/gcc/avr/5.4.0/avr5\libgcc.a(_copy_data.o)
                0x00000224                __do_copy_data
 .init4         0x0000023a       0x10 c:/program files (x86)/atmel/studio/7.0/toolchain/avr8/avr8-gnu-toolchain/bin/../lib/gcc/avr/5.4.0/avr5\libgcc.a(_clear_bss.o)
                0x0000023a                __do_clear_bss
 *(.init4)
 *(.init5)
 *(.init5)
 *(.init6)
 *(.init6)
 *(.init7)
 *(.init7)
 *(.init8)
 *(.init8)
 *(.init9)
 .init9         0x0000024a        0x6 c:/program files (x86)/atmel/studio/7.0/toolchain/avr8/avr8-gnu-toolchain/bin/../lib/gcc/avr/5.4.0/../../../../avr/lib/avr5/crtatmega32u4.o
 *(.init9)
 *(.text)
 .text          0x00000250        0x2 c:/program files (x86)/atmel/studio/7.0/toolchain/avr8/avr8-gnu-toolchain/bin/../lib/gcc/avr/5.4.0/../../../../avr/lib/avr5/crtatmega32u4.o
                0x00000250                __vector_38
                0x00000250                __vector_22
                0x00000250                __vector_28
                0x00000250                __vector_1
                0x00000250                __vector_32
                0x00000250                __vector_34
                0x00000250                __vector_24
                0x00000250                __vector_12
                0x00000250                __bad_interrupt
                0x00000250                __vector_6
                0x00000250                __vector_31
                0x00000250                __vector_35
                0x00000250                __vector_39
                0x00000250                __vector_3
                0x00000250                __vector_30
                0x00000250                __vector_25
                0x00000250                __vector_11
                0x00000250                __vector_13
                0x00000250                __vector_17
                0x00000250                __vector_19
                0x00000250                __vector_7
                0x00000250                __vector_41
                0x00000250                __vector_27
                0x00000250                __vector_5
                0x00000250                __vector_33
                0x00000250                __vector_37
                0x00000250                __vector_4
                0x00000250                __vector_9
                0x00000250                __vector_2
                0x00000250                __vector_21
                0x00000250                __vector_15
                0x00000250                __vector_36
                0x00000250                __vector_29
                0x00000250                __vector_40
                0x00000250                __vector_8
                0x00000250                __vector_26
                0x00000250                __vector_14
                0x00000250                __vector_16
                0x00000250                __vector_18
                0x00000250                __vector_20
                0x00000250                __vector_42
                0x00000252                . = ALIGN (0x2)
 *(.text.*)
 .text.TMC_SetInternalSerial
                0x00000252       0xe0 obj/TestAndMeasurement.o
 .text.is_timedout
                0x00000332       0x3e obj/TestAndMeasurement.o
                0x00000332                is_timedout
 .text.tmc_gpib_write_timedout
                0x00000370       0x10 obj/TestAndMeasurement.o
                0x00000370                tmc_gpib_write_timedout
 .text.tmc_gpib_read_timedout
                0x00000380       0x10 obj/TestAndMeasurement.o
                0x00000380                tmc_gpib_read_timedout
 .text.ReadTMCHeader.part.0
                0x00000390       0x28 obj/TestAndMeasurement.o
 .text.Jump_To_Bootloader
                0x000003b8       0x46 obj/TestAndMeasurement.o
                0x000003b8                Jump_To_Bootloader
 .text.identifyGpibDevice
                0x000003fe      0x59e obj/TestAndMeasurement.o
                0x000003fe                identifyGpibDevice
 .text.eeprom_update_if_changed
                0x0000099c       0x32 obj/TestAndMeasurement.o
                0x0000099c                eeprom_update_if_changed
 .text.SetupHardware
                0x000009ce       0x46 obj/TestAndMeasurement.o
                0x000009ce                SetupHardware
 .text.EVENT_USB_Device_Connect
                0x00000a14        0x2 obj/TestAndMeasurement.o
                0x00000a14                EVENT_USB_Device_Connect
 .text.EVENT_USB_Device_Disconnect
                0x00000a16        0x2 obj/TestAndMeasurement.o
                0x00000a16                EVENT_USB_Device_Disconnect
 .text.EVENT_USB_Device_ConfigurationChanged
                0x00000a18       0x1e obj/TestAndMeasurement.o
                0x00000a18                EVENT_USB_Device_ConfigurationChanged
 .text.handle_control_Req_ReadStatusByte
                0x00000a36       0x80 obj/TestAndMeasurement.o
                0x00000a36                handle_control_Req_ReadStatusByte
 .text.EVENT_USB_Device_ControlRequest
                0x00000ab6      0x2dc obj/TestAndMeasurement.o
                0x00000ab6                EVENT_USB_Device_ControlRequest
 .text.set_internal_response
                0x00000d92       0x22 obj/TestAndMeasurement.o
                0x00000d92                set_internal_response
 .text.ProcessInternalCommand
                0x00000db4       0x2e obj/TestAndMeasurement.o
                0x00000db4                ProcessInternalCommand
 .text.ProcessSentMessage
                0x00000de2      0x22e obj/TestAndMeasurement.o
                0x00000de2                ProcessSentMessage
 .text.GetNextMessage
                0x00001010      0x18e obj/TestAndMeasurement.o
                0x00001010                GetNextMessage
 .text.TMC_resetstates
                0x0000119e       0x32 obj/TestAndMeasurement.o
                0x0000119e                TMC_resetstates
 .text.startup.main
                0x000011d0      0x844 obj/TestAndMeasurement.o
                0x000011d0                main
 .text.CALLBACK_USB_GetDescriptor
                0x00001a14       0x94 obj/Descriptors.o
                0x00001a14                CALLBACK_USB_GetDescriptor
 .text.is_timedout
                0x00001aa8       0x26 obj/gpib.o
 .text.__vector_23
                0x00001ace       0x70 obj/gpib.o
                0x00001ace                __vector_23
 .text.gpib_init
                0x00001b3e       0x70 obj/gpib.o
                0x00001b3e                gpib_init
 .text.gpib_recover
                0x00001bae        0x2 obj/gpib.o
                0x00001bae                gpib_recover
 .text.gpib_localLockout
                0x00001bb0       0x82 obj/gpib.o
                0x00001bb0                gpib_localLockout
 .text.gpib_cmd_LAG
                0x00001c32      0x102 obj/gpib.o
 .text.gpib_cmd_TAG
                0x00001d34      0x102 obj/gpib.o
 .text.gpib_trigger
                0x00001e36       0xee obj/gpib.o
                0x00001e36                gpib_trigger
 .text.gpib_gotoLocal
                0x00001f24      0x11a obj/gpib.o
                0x00001f24                gpib_gotoLocal
 .text.gpib_sdc
                0x0000203e      0x10a obj/gpib.o
                0x0000203e                gpib_sdc
 .text.gpib_readStatusByte
                0x00002148      0x1ec obj/gpib.o
                0x00002148                gpib_readStatusByte
 .text.gpib_is_connected
                0x00002334       0x28 obj/gpib.o
                0x00002334                gpib_is_connected
 .text.gpib_ren
                0x0000235c        0xc obj/gpib.o
                0x0000235c                gpib_ren
 .text.gpib_interface_clear
                0x00002368       0x24 obj/gpib.o
                0x00002368                gpib_interface_clear
 .text.gpib_readdat
                0x0000238c       0xe0 obj/gpib.o
                0x0000238c                gpib_readdat
 .text.gpib_untalk_unlisten
                0x0000246c       0xe8 obj/gpib.o
                0x0000246c                gpib_untalk_unlisten
 .text.gpib_make_talker
                0x00002554       0xa8 obj/gpib.o
                0x00002554                gpib_make_talker
 .text.gpib_make_listener
                0x000025fc      0x10a obj/gpib.o
                0x000025fc                gpib_make_listener
 .text.gpib_writedat
                0x00002706       0x86 obj/gpib.o
                0x00002706                gpib_writedat
 .text.gpib_get_readtermination
                0x0000278c        0x6 obj/gpib.o
                0x0000278c                gpib_get_readtermination
 .text.gpib_set_readtermination
                0x00002792       0x14 obj/gpib.o
                0x00002792                gpib_set_readtermination
 .text.gpib_search
                0x000027a6      0x228 obj/gpib.o
                0x000027a6                gpib_search
 .text.cmd_addr
                0x000029ce        0x2 obj/miniparser.o
                0x000029ce                cmd_addr
 .text.cmd_autoid_slow
                0x000029d0        0xa obj/miniparser.o
                0x000029d0                cmd_autoid_slow
 .text.cmd_autoid_slower
                0x000029da        0xa obj/miniparser.o
                0x000029da                cmd_autoid_slower
 .text.cmd_autoid_slowest
                0x000029e4        0xa obj/miniparser.o
                0x000029e4                cmd_autoid_slowest
 .text.cmd_0000
                0x000029ee        0xa obj/miniparser.o
                0x000029ee                cmd_0000
 .text.cmd_autoid_on
                0x000029f8        0x2 obj/miniparser.o
                0x000029f8                cmd_autoid_on
 .text.cmd_0001
                0x000029fa        0xa obj/miniparser.o
                0x000029fa                cmd_0001
 .text.cmd_autoid_off
                0x00002a04        0x2 obj/miniparser.o
                0x00002a04                cmd_autoid_off
 .text.cmd_string_short
                0x00002a06        0xa obj/miniparser.o
                0x00002a06                cmd_string_short
 .text.cmd_string_normal
                0x00002a10        0xa obj/miniparser.o
                0x00002a10                cmd_string_normal
 .text.cmd_ver_query
                0x00002a1a        0xa obj/miniparser.o
                0x00002a1a                cmd_ver_query
 .text.cmd_string_query
                0x00002a24        0xa obj/miniparser.o
                0x00002a24                cmd_string_query
 .text.cmd_term_cr
                0x00002a2e        0x4 obj/miniparser.o
                0x00002a2e                cmd_term_cr
 .text.cmd_term_lf
                0x00002a32        0x4 obj/miniparser.o
                0x00002a32                cmd_term_lf
 .text.cmd_term_eoi
                0x00002a36        0x4 obj/miniparser.o
                0x00002a36                cmd_term_eoi
 .text.cmd_0100
                0x00002a3a        0xe obj/miniparser.o
                0x00002a3a                cmd_0100
 .text.cmd_0101
                0x00002a48        0xe obj/miniparser.o
                0x00002a48                cmd_0101
 .text.cmd_0102
                0x00002a56        0xe obj/miniparser.o
                0x00002a56                cmd_0102
 .text.cmd_term_store
                0x00002a64        0xc obj/miniparser.o
                0x00002a64                cmd_term_store
 .text.cmd_reset
                0x00002a70        0x4 obj/miniparser.o
                0x00002a70                cmd_reset
 .text.cmd_autoid_query
                0x00002a74       0x2c obj/miniparser.o
                0x00002a74                cmd_autoid_query
 .text.cmd_term_query
                0x00002aa0       0x28 obj/miniparser.o
                0x00002aa0                cmd_term_query
 .text.parser_reset
                0x00002ac8        0xe obj/miniparser.o
                0x00002ac8                parser_reset
 .text.parser_add
                0x00002ad6       0xb6 obj/miniparser.o
                0x00002ad6                parser_add
 .text.Endpoint_Write_Stream_LE
                0x00002b8c       0x96 obj/EndpointStream_AVR8.o
                0x00002b8c                Endpoint_Write_Stream_LE
 .text.Endpoint_Write_Control_Stream_LE
                0x00002c22       0xcc obj/EndpointStream_AVR8.o
                0x00002c22                Endpoint_Write_Control_Stream_LE
 .text.Endpoint_Write_Control_PStream_LE
                0x00002cee       0xce obj/EndpointStream_AVR8.o
                0x00002cee                Endpoint_Write_Control_PStream_LE
 .text.Endpoint_Write_Control_EStream_LE
                0x00002dbc      0x106 obj/EndpointStream_AVR8.o
                0x00002dbc                Endpoint_Write_Control_EStream_LE
 .text.Endpoint_ConfigureEndpoint_Prv
                0x00002ec2       0x28 obj/Endpoint_AVR8.o
                0x00002ec2                Endpoint_ConfigureEndpoint_Prv
 .text.Endpoint_ClearStatusStage
                0x00002eea       0x42 obj/Endpoint_AVR8.o
                0x00002eea                Endpoint_ClearStatusStage
 .text.Endpoint_WaitUntilReady
                0x00002f2c       0x70 obj/Endpoint_AVR8.o
                0x00002f2c                Endpoint_WaitUntilReady
 .text.USB_Disable
                0x00002f9c       0x30 obj/USBController_AVR8.o
                0x00002f9c                USB_Disable
 .text.USB_ResetInterface
                0x00002fcc       0x80 obj/USBController_AVR8.o
                0x00002fcc                USB_ResetInterface
 .text.USB_Init
                0x0000304c       0x20 obj/USBController_AVR8.o
                0x0000304c                USB_Init
 .text.USB_INT_DisableAllInterrupts
                0x0000306c       0x10 obj/USBInterrupt_AVR8.o
                0x0000306c                USB_INT_DisableAllInterrupts
 .text.USB_INT_ClearAllInterrupts
                0x0000307c        0xa obj/USBInterrupt_AVR8.o
                0x0000307c                USB_INT_ClearAllInterrupts
 .text.__vector_10
                0x00003086      0x17e obj/USBInterrupt_AVR8.o
                0x00003086                __vector_10
 .text.USB_Device_ProcessControlRequest
                0x00003204      0x290 obj/DeviceStandardReq.o
                0x00003204                USB_Device_ProcessControlRequest
 .text.USB_Event_Stub
                0x00003494        0x2 obj/Events.o
                0x00003494                USB_Event_Stub
                0x00003494                EVENT_USB_Device_Suspend
                0x00003494                EVENT_USB_Device_StartOfFrame
                0x00003494                EVENT_USB_Device_Reset
                0x00003494                EVENT_USB_Device_WakeUp
 .text.USB_USBTask
                0x00003496       0x46 obj/USBTask.o
                0x00003496                USB_USBTask
 .text.avr-libc
                0x000034dc       0x12 c:/program files (x86)/atmel/studio/7.0/toolchain/avr8/avr8-gnu-toolchain/bin/../lib/gcc/avr/5.4.0/../../../../avr/lib/avr5\libc.a(memcpy.o)
                0x000034dc                memcpy
 .text.avr-libc
                0x000034ee       0x10 c:/program files (x86)/atmel/studio/7.0/toolchain/avr8/avr8-gnu-toolchain/bin/../lib/gcc/avr/5.4.0/../../../../avr/lib/avr5\libatmega32u4.a(eerd_byte.o)
                0x000034ee                eeprom_read_byte
 .text.avr-libc
                0x000034fe       0x1c c:/program files (x86)/atmel/studio/7.0/toolchain/avr8/avr8-gnu-toolchain/bin/../lib/gcc/avr/5.4.0/../../../../avr/lib/avr5\libatmega32u4.a(eewr_byte.o)
                0x000034fe                eeprom_write_byte
                0x00003500                eeprom_write_r18
                0x0000351a                . = ALIGN (0x2)
 *(.fini9)
 .fini9         0x0000351a        0x0 c:/program files (x86)/atmel/studio/7.0/toolchain/avr8/avr8-gnu-toolchain/bin/../lib/gcc/avr/5.4.0/avr5\libgcc.a(_exit.o)
                0x0000351a                _exit
                0x0000351a                exit
 *(.fini9)
 *(.fini8)
 *(.fini8)
 *(.fini7)
 *(.fini7)
 *(.fini6)
 *(.fini6)
 *(.fini5)
 *(.fini5)
 *(.fini4)
 *(.fini4)
 *(.fini3)
 *(.fini3)
 *(.fini2)
 *(.fini2)
 *(.fini1)
 *(.fini1)
 *(.fini0)
 .fini0         0x0000351a        0x4 c:/program files (x86)/atmel/studio/7.0/toolchain/avr8/avr8-gnu-toolchain/bin/../lib/gcc/avr/5.4.0/avr5\libgcc.a(_exit.o)
 *(.fini0)
                0x0000351e                _etext = .

.data           0x00800100       0x40 load address 0x0000351e
                0x00800100                PROVIDE (__data_start, .)
 *(.data)
 .data          0x00800100       0x1b obj/TestAndMeasurement.o
                0x00800100                TMC_InLastMessageComplete
                0x00800101                TMC_LastMessageComplete
                0x00800103                Capabilities
 .data          0x0080011b        0x2 obj/miniparser.o
                0x0080011b                pparser_ps
 *(.data*)
 *(.gnu.linkonce.d*)
 *(.rodata)
 *(.rodata*)
 .rodata.str1.1
                0x0080011d       0x22 obj/miniparser.o
 *(.gnu.linkonce.r*)
                0x00800140                . = ALIGN (0x2)
 *fill*         0x0080013f        0x1 
                0x00800140                _edata = .
                0x00800140                PROVIDE (__data_end, .)

.bss            0x00800140      0x498
                0x00800140                PROVIDE (__bss_start, .)
 *(.bss)
 .bss           0x00800140      0x410 obj/TestAndMeasurement.o
                0x00800140                cnt
                0x00800144                internal_response_buffer_len
                0x00800145                internal_response_buffer_rpos
                0x00800146                gpib_write_is_busy
 .bss           0x00800550        0x8 obj/gpib.o
                0x00800550                s_terminator
                0x00800551                timer0_ticked
 *(.bss*)
 *(COMMON)
 COMMON         0x00800558        0xd obj/TestAndMeasurement.o
                0x00800558                internal_response_buffer
                0x00800560                timeout_val
                0x00800564                TMC_eom
 COMMON         0x00800565       0x66 obj/Descriptors.o
                0x00800565                tmc_serial_string
 COMMON         0x008005cb        0x3 obj/DeviceStandardReq.o
                0x008005cb                USB_Device_ConfigurationNumber
                0x008005cc                USB_Device_CurrentlySelfPowered
                0x008005cd                USB_Device_RemoteWakeupEnabled
 COMMON         0x008005ce        0xa obj/USBTask.o
                0x008005ce                USB_IsInitialized
                0x008005cf                USB_DeviceState
                0x008005d0                USB_ControlRequest
                0x008005d8                PROVIDE (__bss_end, .)
                0x0000351e                __data_load_start = LOADADDR (.data)
                0x0000355e                __data_load_end = (__data_load_start + SIZEOF (.data))

.noinit         0x008005d8        0x0
                [!provide]                PROVIDE (__noinit_start, .)
 *(.noinit*)
                [!provide]                PROVIDE (__noinit_end, .)
                0x008005d8                _end = .
                [!provide]                PROVIDE (__heap_start, .)

.eeprom         0x00810000        0x0
 *(.eeprom*)
                0x00810000                __eeprom_end = .

.fuse
 *(.fuse)
 *(.lfuse)
 *(.hfuse)
 *(.efuse)

.lock
 *(.lock*)

.signature
 *(.signature*)

.user_signatures
 *(.user_signatures*)

.stab
 *(.stab)

.stabstr
 *(.stabstr)

.stab.excl
 *(.stab.excl)

.stab.exclstr
 *(.stab.exclstr)

.stab.index
 *(.stab.index)

.stab.indexstr
 *(.stab.indexstr)

.comment        0x00000000       0x30
 *(.comment)
 .comment       0x00000000       0x30 obj/TestAndMeasurement.o
                                 0x31 (size before relaxing)
 .comment       0x00000030       0x31 obj/Descriptors.o
 .comment       0x00000030       0x31 obj/gpib.o
 .comment       0x00000030       0x31 obj/miniparser.o
 .comment       0x00000030       0x31 obj/EndpointStream_AVR8.o
 .comment       0x00000030       0x31 obj/Endpoint_AVR8.o
 .comment       0x00000030       0x31 obj/USBController_AVR8.o
 .comment       0x00000030       0x31 obj/USBInterrupt_AVR8.o
 .comment       0x00000030       0x31 obj/DeviceStandardReq.o
 .comment       0x00000030       0x31 obj/Events.o
 .comment       0x00000030       0x31 obj/USBTask.o

.note.gnu.avr.deviceinfo
                0x00000000       0x40
 .note.gnu.avr.deviceinfo
                0x00000000       0x40 c:/program files (x86)/atmel/studio/7.0/toolchain/avr8/avr8-gnu-toolchain/bin/../lib/gcc/avr/5.4.0/../../../../avr/lib/avr5/crtatmega32u4.o

.note.gnu.build-id
 *(.note.gnu.build-id)

.debug
 *(.debug)

.line
 *(.line)

.debug_srcinfo
 *(.debug_srcinfo)

.debug_sfnames
 *(.debug_sfnames)

.debug_aranges  0x00000000      0x458
 *(.debug_aranges)
 .debug_aranges
                0x00000000       0xd0 obj/TestAndMeasurement.o
 .debug_aranges
                0x000000d0       0x20 obj/Descriptors.o
 .debug_aranges
                0x000000f0       0xc8 obj/gpib.o
 .debug_aranges
                0x000001b8       0xc8 obj/miniparser.o
 .debug_aranges
                0x00000280       0xc8 obj/EndpointStream_AVR8.o
 .debug_aranges
                0x00000348       0x40 obj/Endpoint_AVR8.o
 .debug_aranges
                0x00000388       0x30 obj/USBController_AVR8.o
 .debug_aranges
                0x000003b8       0x30 obj/USBInterrupt_AVR8.o
 .debug_aranges
                0x000003e8       0x20 obj/DeviceStandardReq.o
 .debug_aranges
                0x00000408       0x30 obj/Events.o
 .debug_aranges
                0x00000438       0x20 obj/USBTask.o

.debug_pubnames
 *(.debug_pubnames)

.debug_info     0x00000000     0xb089
 *(.debug_info .gnu.linkonce.wi.*)
 .debug_info    0x00000000      0x9f4 c:/program files (x86)/atmel/studio/7.0/toolchain/avr8/avr8-gnu-toolchain/bin/../lib/gcc/avr/5.4.0/../../../../avr/lib/avr5/crtatmega32u4.o
 .debug_info    0x000009f4     0x30f6 obj/TestAndMeasurement.o
 .debug_info    0x00003aea      0x662 obj/Descriptors.o
 .debug_info    0x0000414c     0x32bd obj/gpib.o
 .debug_info    0x00007409      0x809 obj/miniparser.o
 .debug_info    0x00007c12     0x183d obj/EndpointStream_AVR8.o
 .debug_info    0x0000944f      0x59c obj/Endpoint_AVR8.o
 .debug_info    0x000099eb      0x4e7 obj/USBController_AVR8.o
 .debug_info    0x00009ed2      0x619 obj/USBInterrupt_AVR8.o
 .debug_info    0x0000a4eb      0x84c obj/DeviceStandardReq.o
 .debug_info    0x0000ad37       0xe4 obj/Events.o
 .debug_info    0x0000ae1b      0x26e obj/USBTask.o

.debug_abbrev   0x00000000     0x22d6
 *(.debug_abbrev)
 .debug_abbrev  0x00000000      0x96a c:/program files (x86)/atmel/studio/7.0/toolchain/avr8/avr8-gnu-toolchain/bin/../lib/gcc/avr/5.4.0/../../../../avr/lib/avr5/crtatmega32u4.o
 .debug_abbrev  0x0000096a      0x5fb obj/TestAndMeasurement.o
 .debug_abbrev  0x00000f65      0x168 obj/Descriptors.o
 .debug_abbrev  0x000010cd      0x3d5 obj/gpib.o
 .debug_abbrev  0x000014a2      0x22d obj/miniparser.o
 .debug_abbrev  0x000016cf      0x22b obj/EndpointStream_AVR8.o
 .debug_abbrev  0x000018fa      0x21d obj/Endpoint_AVR8.o
 .debug_abbrev  0x00001b17      0x191 obj/USBController_AVR8.o
 .debug_abbrev  0x00001ca8      0x1b4 obj/USBInterrupt_AVR8.o
 .debug_abbrev  0x00001e5c      0x25e obj/DeviceStandardReq.o
 .debug_abbrev  0x000020ba       0xa2 obj/Events.o
 .debug_abbrev  0x0000215c      0x17a obj/USBTask.o

.debug_line     0x00000000     0x5f45
 *(.debug_line .debug_line.* .debug_line_end)
 .debug_line    0x00000000       0x1a c:/program files (x86)/atmel/studio/7.0/toolchain/avr8/avr8-gnu-toolchain/bin/../lib/gcc/avr/5.4.0/../../../../avr/lib/avr5/crtatmega32u4.o
 .debug_line    0x0000001a     0x18e9 obj/TestAndMeasurement.o
 .debug_line    0x00001903      0x25b obj/Descriptors.o
 .debug_line    0x00001b5e     0x177f obj/gpib.o
 .debug_line    0x000032dd      0x408 obj/miniparser.o
 .debug_line    0x000036e5     0x1596 obj/EndpointStream_AVR8.o
 .debug_line    0x00004c7b      0x44f obj/Endpoint_AVR8.o
 .debug_line    0x000050ca      0x32a obj/USBController_AVR8.o
 .debug_line    0x000053f4      0x475 obj/USBInterrupt_AVR8.o
 .debug_line    0x00005869      0x436 obj/DeviceStandardReq.o
 .debug_line    0x00005c9f       0xda obj/Events.o
 .debug_line    0x00005d79      0x1cc obj/USBTask.o

.debug_frame    0x00000000      0xc58
 *(.debug_frame)
 .debug_frame   0x00000000      0x278 obj/TestAndMeasurement.o
 .debug_frame   0x00000278       0x24 obj/Descriptors.o
 .debug_frame   0x0000029c      0x264 obj/gpib.o
 .debug_frame   0x00000500      0x1a4 obj/miniparser.o
 .debug_frame   0x000006a4      0x3ac obj/EndpointStream_AVR8.o
 .debug_frame   0x00000a50       0x78 obj/Endpoint_AVR8.o
 .debug_frame   0x00000ac8       0x58 obj/USBController_AVR8.o
 .debug_frame   0x00000b20       0x8c obj/USBInterrupt_AVR8.o
 .debug_frame   0x00000bac       0x3c obj/DeviceStandardReq.o
 .debug_frame   0x00000be8       0x44 obj/Events.o
 .debug_frame   0x00000c2c       0x2c obj/USBTask.o

.debug_str      0x00000000     0x29e6
 *(.debug_str)
 .debug_str     0x00000000      0x371 c:/program files (x86)/atmel/studio/7.0/toolchain/avr8/avr8-gnu-toolchain/bin/../lib/gcc/avr/5.4.0/../../../../avr/lib/avr5/crtatmega32u4.o
 .debug_str     0x00000371     0x1234 obj/TestAndMeasurement.o
                               0x12ef (size before relaxing)
 .debug_str     0x000015a5      0x3f3 obj/Descriptors.o
                                0x734 (size before relaxing)
 .debug_str     0x00001998      0x12d obj/gpib.o
                                0x552 (size before relaxing)
 .debug_str     0x00001ac5      0x1d3 obj/miniparser.o
                                0x40c (size before relaxing)
 .debug_str     0x00001c98      0x3d2 obj/EndpointStream_AVR8.o
                                0x888 (size before relaxing)
 .debug_str     0x0000206a      0x216 obj/Endpoint_AVR8.o
                                0x619 (size before relaxing)
 .debug_str     0x00002280      0x271 obj/USBController_AVR8.o
                                0x57b (size before relaxing)
 .debug_str     0x000024f1      0x133 obj/USBInterrupt_AVR8.o
                                0x532 (size before relaxing)
 .debug_str     0x00002624      0x32b obj/DeviceStandardReq.o
                                0x86a (size before relaxing)
 .debug_str     0x0000294f       0x5c obj/Events.o
                                0x1ea (size before relaxing)
 .debug_str     0x000029ab       0x3b obj/USBTask.o
                                0x3a1 (size before relaxing)

.debug_loc      0x00000000     0x8a55
 *(.debug_loc)
 .debug_loc     0x00000000     0x21a1 obj/TestAndMeasurement.o
 .debug_loc     0x000021a1      0x391 obj/Descriptors.o
 .debug_loc     0x00002532     0x32d3 obj/gpib.o
 .debug_loc     0x00005805      0x216 obj/miniparser.o
 .debug_loc     0x00005a1b     0x26be obj/EndpointStream_AVR8.o
 .debug_loc     0x000080d9      0x36f obj/Endpoint_AVR8.o
 .debug_loc     0x00008448       0xd5 obj/USBController_AVR8.o
 .debug_loc     0x0000851d      0x26f obj/USBInterrupt_AVR8.o
 .debug_loc     0x0000878c      0x274 obj/DeviceStandardReq.o
 .debug_loc     0x00008a00       0x55 obj/USBTask.o

.debug_macinfo
 *(.debug_macinfo)

.debug_weaknames
 *(.debug_weaknames)

.debug_funcnames
 *(.debug_funcnames)

.debug_typenames
 *(.debug_typenames)

.debug_varnames
 *(.debug_varnames)

.debug_pubtypes
 *(.debug_pubtypes)

.debug_ranges   0x00000000      0xe88
 *(.debug_ranges)
 .debug_ranges  0x00000000      0x288 obj/TestAndMeasurement.o
 .debug_ranges  0x00000288       0x10 obj/Descriptors.o
 .debug_ranges  0x00000298      0x5e0 obj/gpib.o
 .debug_ranges  0x00000878      0x108 obj/miniparser.o
 .debug_ranges  0x00000980      0x298 obj/EndpointStream_AVR8.o
 .debug_ranges  0x00000c18       0xc0 obj/Endpoint_AVR8.o
 .debug_ranges  0x00000cd8       0x20 obj/USBController_AVR8.o
 .debug_ranges  0x00000cf8       0x20 obj/USBInterrupt_AVR8.o
 .debug_ranges  0x00000d18       0xc8 obj/DeviceStandardReq.o
 .debug_ranges  0x00000de0       0x20 obj/Events.o
 .debug_ranges  0x00000e00       0x88 obj/USBTask.o

.debug_macro
 *(.debug_macro)
OUTPUT(TestAndMeasurement.elf elf32-avr)
LOAD linker stubs

Cross Reference Table

Symbol                                            File
Audio_Device_ConfigureEndpoints                   obj/AudioClassDevice.o
Audio_Device_Event_Stub                           obj/AudioClassDevice.o
Audio_Device_ProcessControlRequest                obj/AudioClassDevice.o
CALLBACK_Audio_Device_GetSetEndpointProperty      obj/AudioClassDevice.o
CALLBACK_Audio_Device_GetSetInterfaceProperty     obj/AudioClassDevice.o
CALLBACK_CCID_Abort                               obj/CCIDClassDevice.o
CALLBACK_CCID_GetParameters_T0                    obj/CCIDClassDevice.o
CALLBACK_CCID_GetSlotStatus                       obj/CCIDClassDevice.o
CALLBACK_CCID_IccPowerOff                         obj/CCIDClassDevice.o
CALLBACK_CCID_IccPowerOn                          obj/CCIDClassDevice.o
CALLBACK_CCID_SetParameters_T0                    obj/CCIDClassDevice.o
CALLBACK_CCID_XfrBlock                            obj/CCIDClassDevice.o
CALLBACK_HIDParser_FilterHIDReportItem            obj/HIDParser.o
CALLBACK_HID_Device_CreateHIDReport               obj/HIDClassDevice.o
CALLBACK_HID_Device_ProcessHIDReport              obj/HIDClassDevice.o
CALLBACK_MS_Device_SCSICommandReceived            obj/MassStorageClassDevice.o
CALLBACK_USB_GetDescriptor                        obj/Descriptors.o
                                                  obj/DeviceStandardReq.o
CCID_CheckStatusNoError                           obj/CCIDClassDevice.o
CCID_Device_ConfigureEndpoints                    obj/CCIDClassDevice.o
CCID_Device_ProcessControlRequest                 obj/CCIDClassDevice.o
CCID_Device_USBTask                               obj/CCIDClassDevice.o
CDC_Device_BytesReceived                          obj/CDCClassDevice.o
CDC_Device_ConfigureEndpoints                     obj/CDCClassDevice.o
CDC_Device_CreateBlockingStream                   obj/CDCClassDevice.o
CDC_Device_CreateStream                           obj/CDCClassDevice.o
CDC_Device_Event_Stub                             obj/CDCClassDevice.o
CDC_Device_Event_Stub_2                           obj/CDCClassDevice.o
CDC_Device_Flush                                  obj/CDCClassDevice.o
CDC_Device_ProcessControlRequest                  obj/CDCClassDevice.o
CDC_Device_ReceiveByte                            obj/CDCClassDevice.o
CDC_Device_SendByte                               obj/CDCClassDevice.o
CDC_Device_SendControlLineStateChange             obj/CDCClassDevice.o
CDC_Device_SendData                               obj/CDCClassDevice.o
CDC_Device_SendData_P                             obj/CDCClassDevice.o
CDC_Device_SendString                             obj/CDCClassDevice.o
CDC_Device_SendString_P                           obj/CDCClassDevice.o
CDC_Device_USBTask                                obj/CDCClassDevice.o
Capabilities                                      obj/TestAndMeasurement.o
ConfigurationDescriptor                           obj/Descriptors.o
DeviceDescriptor                                  obj/Descriptors.o
EVENT_Audio_Device_StreamStartStop                obj/AudioClassDevice.o
EVENT_CDC_Device_BreakSent                        obj/CDCClassDevice.o
EVENT_CDC_Device_ControLineStateChanged           obj/CDCClassDevice.o
EVENT_CDC_Device_LineEncodingChanged              obj/CDCClassDevice.o
EVENT_PRNT_Device_SoftReset                       obj/PrinterClassDevice.o
EVENT_USB_Device_ConfigurationChanged             obj/TestAndMeasurement.o
                                                  obj/DeviceStandardReq.o
EVENT_USB_Device_Connect                          obj/TestAndMeasurement.o
                                                  obj/USBInterrupt_AVR8.o
EVENT_USB_Device_ControlRequest                   obj/TestAndMeasurement.o
                                                  obj/DeviceStandardReq.o
EVENT_USB_Device_Disconnect                       obj/TestAndMeasurement.o
                                                  obj/USBInterrupt_AVR8.o
EVENT_USB_Device_Reset                            obj/Events.o
                                                  obj/USBInterrupt_AVR8.o
EVENT_USB_Device_StartOfFrame                     obj/Events.o
EVENT_USB_Device_Suspend                          obj/Events.o
                                                  obj/USBInterrupt_AVR8.o
EVENT_USB_Device_WakeUp                           obj/Events.o
                                                  obj/USBInterrupt_AVR8.o
Endpoint_ClearEndpoints                           obj/Endpoint_AVR8.o
Endpoint_ClearStatusStage                         obj/Endpoint_AVR8.o
                                                  obj/PrinterClassDevice.o
                                                  obj/MassStorageClassDevice.o
                                                  obj/HIDClassDevice.o
                                                  obj/CDCClassDevice.o
                                                  obj/AudioClassDevice.o
                                                  obj/DeviceStandardReq.o
                                                  obj/TestAndMeasurement.o
Endpoint_ConfigureEndpointTable                   obj/Endpoint_AVR8.o
                                                  obj/RNDISClassDevice.o
                                                  obj/PrinterClassDevice.o
                                                  obj/MIDIClassDevice.o
                                                  obj/MassStorageClassDevice.o
                                                  obj/HIDClassDevice.o
                                                  obj/CDCClassDevice.o
                                                  obj/CCIDClassDevice.o
                                                  obj/AudioClassDevice.o
Endpoint_ConfigureEndpoint_Prv                    obj/Endpoint_AVR8.o
                                                  obj/USBInterrupt_AVR8.o
                                                  obj/USBController_AVR8.o
                                                  obj/TestAndMeasurement.o
Endpoint_Discard_Stream                           obj/EndpointStream_AVR8.o
Endpoint_Null_Stream                              obj/EndpointStream_AVR8.o
Endpoint_Read_Control_EStream_BE                  obj/EndpointStream_AVR8.o
Endpoint_Read_Control_EStream_LE                  obj/EndpointStream_AVR8.o
Endpoint_Read_Control_Stream_BE                   obj/EndpointStream_AVR8.o
Endpoint_Read_Control_Stream_LE                   obj/EndpointStream_AVR8.o
                                                  obj/RNDISClassDevice.o
                                                  obj/HIDClassDevice.o
                                                  obj/AudioClassDevice.o
Endpoint_Read_EStream_BE                          obj/EndpointStream_AVR8.o
Endpoint_Read_EStream_LE                          obj/EndpointStream_AVR8.o
Endpoint_Read_Stream_BE                           obj/EndpointStream_AVR8.o
Endpoint_Read_Stream_LE                           obj/EndpointStream_AVR8.o
                                                  obj/RNDISClassDevice.o
                                                  obj/MIDIClassDevice.o
                                                  obj/MassStorageClassDevice.o
                                                  obj/CCIDClassDevice.o
Endpoint_WaitUntilReady                           obj/Endpoint_AVR8.o
                                                  obj/RNDISClassDevice.o
                                                  obj/PrinterClassDevice.o
                                                  obj/MIDIClassDevice.o
                                                  obj/CDCClassDevice.o
                                                  obj/EndpointStream_AVR8.o
                                                  obj/TestAndMeasurement.o
Endpoint_Write_Control_EStream_BE                 obj/EndpointStream_AVR8.o
Endpoint_Write_Control_EStream_LE                 obj/EndpointStream_AVR8.o
                                                  obj/DeviceStandardReq.o
Endpoint_Write_Control_PStream_BE                 obj/EndpointStream_AVR8.o
Endpoint_Write_Control_PStream_LE                 obj/EndpointStream_AVR8.o
                                                  obj/DeviceStandardReq.o
Endpoint_Write_Control_Stream_BE                  obj/EndpointStream_AVR8.o
Endpoint_Write_Control_Stream_LE                  obj/EndpointStream_AVR8.o
                                                  obj/RNDISClassDevice.o
                                                  obj/PrinterClassDevice.o
                                                  obj/HIDClassDevice.o
                                                  obj/AudioClassDevice.o
                                                  obj/DeviceStandardReq.o
                                                  obj/TestAndMeasurement.o
Endpoint_Write_EStream_BE                         obj/EndpointStream_AVR8.o
Endpoint_Write_EStream_LE                         obj/EndpointStream_AVR8.o
Endpoint_Write_PStream_BE                         obj/EndpointStream_AVR8.o
Endpoint_Write_PStream_LE                         obj/EndpointStream_AVR8.o
                                                  obj/CDCClassDevice.o
Endpoint_Write_Stream_BE                          obj/EndpointStream_AVR8.o
Endpoint_Write_Stream_LE                          obj/EndpointStream_AVR8.o
                                                  obj/RNDISClassDevice.o
                                                  obj/PrinterClassDevice.o
                                                  obj/MIDIClassDevice.o
                                                  obj/MassStorageClassDevice.o
                                                  obj/HIDClassDevice.o
                                                  obj/CDCClassDevice.o
                                                  obj/CCIDClassDevice.o
                                                  obj/TestAndMeasurement.o
GetNextMessage                                    obj/TestAndMeasurement.o
HID_Device_ConfigureEndpoints                     obj/HIDClassDevice.o
HID_Device_ProcessControlRequest                  obj/HIDClassDevice.o
HID_Device_USBTask                                obj/HIDClassDevice.o
Jump_To_Bootloader                                obj/TestAndMeasurement.o
                                                  obj/miniparser.o
LanguageString                                    obj/Descriptors.o
MIDI_Device_ConfigureEndpoints                    obj/MIDIClassDevice.o
MIDI_Device_Flush                                 obj/MIDIClassDevice.o
MIDI_Device_ReceiveEventPacket                    obj/MIDIClassDevice.o
MIDI_Device_SendEventPacket                       obj/MIDIClassDevice.o
MIDI_Device_USBTask                               obj/MIDIClassDevice.o
MS_Device_ConfigureEndpoints                      obj/MassStorageClassDevice.o
MS_Device_ProcessControlRequest                   obj/MassStorageClassDevice.o
MS_Device_USBTask                                 obj/MassStorageClassDevice.o
ManufacturerString                                obj/Descriptors.o
PRNT_Device_BytesReceived                         obj/PrinterClassDevice.o
PRNT_Device_ConfigureEndpoints                    obj/PrinterClassDevice.o
PRNT_Device_CreateBlockingStream                  obj/PrinterClassDevice.o
PRNT_Device_CreateStream                          obj/PrinterClassDevice.o
PRNT_Device_Event_Stub                            obj/PrinterClassDevice.o
PRNT_Device_Flush                                 obj/PrinterClassDevice.o
PRNT_Device_ProcessControlRequest                 obj/PrinterClassDevice.o
PRNT_Device_ReceiveByte                           obj/PrinterClassDevice.o
PRNT_Device_SendByte                              obj/PrinterClassDevice.o
PRNT_Device_SendData                              obj/PrinterClassDevice.o
PRNT_Device_SendString                            obj/PrinterClassDevice.o
PRNT_Device_USBTask                               obj/PrinterClassDevice.o
ProcessInternalCommand                            obj/TestAndMeasurement.o
ProcessSentMessage                                obj/TestAndMeasurement.o
ProductString                                     obj/Descriptors.o
RNDIS_Device_ConfigureEndpoints                   obj/RNDISClassDevice.o
RNDIS_Device_IsPacketReceived                     obj/RNDISClassDevice.o
RNDIS_Device_ProcessControlRequest                obj/RNDISClassDevice.o
RNDIS_Device_ReadPacket                           obj/RNDISClassDevice.o
RNDIS_Device_SendPacket                           obj/RNDISClassDevice.o
RNDIS_Device_USBTask                              obj/RNDISClassDevice.o
ReadTMCHeader                                     obj/TestAndMeasurement.o
SetupHardware                                     obj/TestAndMeasurement.o
TMC_InLastMessageComplete                         obj/TestAndMeasurement.o
TMC_LastMessageComplete                           obj/TestAndMeasurement.o
TMC_eom                                           obj/TestAndMeasurement.o
TMC_resetstates                                   obj/TestAndMeasurement.o
USB_ControlRequest                                obj/USBTask.o
                                                  obj/RNDISClassDevice.o
                                                  obj/PrinterClassDevice.o
                                                  obj/MassStorageClassDevice.o
                                                  obj/HIDClassDevice.o
                                                  obj/CDCClassDevice.o
                                                  obj/CCIDClassDevice.o
                                                  obj/AudioClassDevice.o
                                                  obj/DeviceStandardReq.o
                                                  obj/Endpoint_AVR8.o
                                                  obj/EndpointStream_AVR8.o
                                                  obj/TestAndMeasurement.o
USB_DeviceState                                   obj/USBTask.o
                                                  obj/RNDISClassDevice.o
                                                  obj/PrinterClassDevice.o
                                                  obj/MIDIClassDevice.o
                                                  obj/MassStorageClassDevice.o
                                                  obj/HIDClassDevice.o
                                                  obj/CDCClassDevice.o
                                                  obj/DeviceStandardReq.o
                                                  obj/USBInterrupt_AVR8.o
                                                  obj/USBController_AVR8.o
                                                  obj/Endpoint_AVR8.o
                                                  obj/EndpointStream_AVR8.o
                                                  obj/TestAndMeasurement.o
USB_Device_ConfigurationNumber                    obj/DeviceStandardReq.o
                                                  obj/USBInterrupt_AVR8.o
                                                  obj/USBController_AVR8.o
USB_Device_CurrentlySelfPowered                   obj/DeviceStandardReq.o
                                                  obj/USBController_AVR8.o
USB_Device_ProcessControlRequest                  obj/DeviceStandardReq.o
                                                  obj/USBTask.o
USB_Device_RemoteWakeupEnabled                    obj/DeviceStandardReq.o
                                                  obj/USBController_AVR8.o
USB_Device_SendRemoteWakeup                       obj/Device_AVR8.o
USB_Disable                                       obj/USBController_AVR8.o
                                                  obj/TestAndMeasurement.o
USB_Event_Stub                                    obj/Events.o
USB_Event_Stub_2                                  obj/Events.o
USB_Event_Stub_3                                  obj/Events.o
USB_GetHIDReportItemInfo                          obj/HIDParser.o
USB_GetHIDReportSize                              obj/HIDParser.o
USB_GetNextDescriptorComp                         obj/ConfigDescriptors.o
USB_GetNextDescriptorOfType                       obj/ConfigDescriptors.o
USB_GetNextDescriptorOfTypeAfter                  obj/ConfigDescriptors.o
USB_GetNextDescriptorOfTypeBefore                 obj/ConfigDescriptors.o
USB_INT_ClearAllInterrupts                        obj/USBInterrupt_AVR8.o
                                                  obj/USBController_AVR8.o
USB_INT_DisableAllInterrupts                      obj/USBInterrupt_AVR8.o
                                                  obj/USBController_AVR8.o
USB_Init                                          obj/USBController_AVR8.o
                                                  obj/TestAndMeasurement.o
USB_IsInitialized                                 obj/USBTask.o
                                                  obj/USBController_AVR8.o
USB_ProcessHIDReport                              obj/HIDParser.o
USB_ResetInterface                                obj/USBController_AVR8.o
USB_SetHIDReportItemInfo                          obj/HIDParser.o
USB_USBTask                                       obj/USBTask.o
                                                  obj/PrinterClassDevice.o
                                                  obj/MassStorageClassDevice.o
                                                  obj/CDCClassDevice.o
                                                  obj/EndpointStream_AVR8.o
                                                  obj/TestAndMeasurement.o
WriteTMCHeader                                    obj/TestAndMeasurement.o
__FUSE_REGION_LENGTH__                            c:/program files (x86)/atmel/studio/7.0/toolchain/avr8/avr8-gnu-toolchain/bin/../lib/gcc/avr/5.4.0/../../../../avr/lib/avr5/crtatmega32u4.o
__bad_interrupt                                   c:/program files (x86)/atmel/studio/7.0/toolchain/avr8/avr8-gnu-toolchain/bin/../lib/gcc/avr/5.4.0/../../../../avr/lib/avr5/crtatmega32u4.o
__bss_end                                         c:/program files (x86)/atmel/studio/7.0/toolchain/avr8/avr8-gnu-toolchain/bin/../lib/gcc/avr/5.4.0/avr5\libgcc.a(_clear_bss.o)
__bss_start                                       c:/program files (x86)/atmel/studio/7.0/toolchain/avr8/avr8-gnu-toolchain/bin/../lib/gcc/avr/5.4.0/avr5\libgcc.a(_clear_bss.o)
__data_end                                        c:/program files (x86)/atmel/studio/7.0/toolchain/avr8/avr8-gnu-toolchain/bin/../lib/gcc/avr/5.4.0/avr5\libgcc.a(_copy_data.o)
__data_load_start                                 c:/program files (x86)/atmel/studio/7.0/toolchain/avr8/avr8-gnu-toolchain/bin/../lib/gcc/avr/5.4.0/avr5\libgcc.a(_copy_data.o)
__data_start                                      c:/program files (x86)/atmel/studio/7.0/toolchain/avr8/avr8-gnu-toolchain/bin/../lib/gcc/avr/5.4.0/avr5\libgcc.a(_copy_data.o)
__do_clear_bss                                    c:/program files (x86)/atmel/studio/7.0/toolchain/avr8/avr8-gnu-toolchain/bin/../lib/gcc/avr/5.4.0/avr5\libgcc.a(_clear_bss.o)
                                                  obj/USBTask.o
                                                  obj/DeviceStandardReq.o
                                                  obj/gpib.o
                                                  obj/Descriptors.o
                                                  obj/TestAndMeasurement.o
__do_copy_data                                    c:/program files (x86)/atmel/studio/7.0/toolchain/avr8/avr8-gnu-toolchain/bin/../lib/gcc/avr/5.4.0/avr5\libgcc.a(_copy_data.o)
                                                  obj/RNDISClassDevice.o
                                                  obj/CDCClassDevice.o
                                                  obj/miniparser.o
                                                  obj/TestAndMeasurement.o
__heap_end                                        c:/program files (x86)/atmel/studio/7.0/toolchain/avr8/avr8-gnu-toolchain/bin/../lib/gcc/avr/5.4.0/../../../../avr/lib/avr5/crtatmega32u4.o
__init                                            c:/program files (x86)/atmel/studio/7.0/toolchain/avr8/avr8-gnu-toolchain/bin/../lib/gcc/avr/5.4.0/../../../../avr/lib/avr5/crtatmega32u4.o
__stack                                           c:/program files (x86)/atmel/studio/7.0/toolchain/avr8/avr8-gnu-toolchain/bin/../lib/gcc/avr/5.4.0/../../../../avr/lib/avr5/crtatmega32u4.o
__strlen_P                                        c:/program files (x86)/atmel/studio/7.0/toolchain/avr8/avr8-gnu-toolchain/bin/../lib/gcc/avr/5.4.0/../../../../avr/lib/avr5\libc.a(strlen_P.o)
                                                  obj/CDCClassDevice.o
__vector_1                                        c:/program files (x86)/atmel/studio/7.0/toolchain/avr8/avr8-gnu-toolchain/bin/../lib/gcc/avr/5.4.0/../../../../avr/lib/avr5/crtatmega32u4.o
__vector_10                                       obj/USBInterrupt_AVR8.o
                                                  c:/program files (x86)/atmel/studio/7.0/toolchain/avr8/avr8-gnu-toolchain/bin/../lib/gcc/avr/5.4.0/../../../../avr/lib/avr5/crtatmega32u4.o
__vector_11                                       c:/program files (x86)/atmel/studio/7.0/toolchain/avr8/avr8-gnu-toolchain/bin/../lib/gcc/avr/5.4.0/../../../../avr/lib/avr5/crtatmega32u4.o
__vector_12                                       c:/program files (x86)/atmel/studio/7.0/toolchain/avr8/avr8-gnu-toolchain/bin/../lib/gcc/avr/5.4.0/../../../../avr/lib/avr5/crtatmega32u4.o
__vector_13                                       c:/program files (x86)/atmel/studio/7.0/toolchain/avr8/avr8-gnu-toolchain/bin/../lib/gcc/avr/5.4.0/../../../../avr/lib/avr5/crtatmega32u4.o
__vector_14                                       c:/program files (x86)/atmel/studio/7.0/toolchain/avr8/avr8-gnu-toolchain/bin/../lib/gcc/avr/5.4.0/../../../../avr/lib/avr5/crtatmega32u4.o
__vector_15                                       c:/program files (x86)/atmel/studio/7.0/toolchain/avr8/avr8-gnu-toolchain/bin/../lib/gcc/avr/5.4.0/../../../../avr/lib/avr5/crtatmega32u4.o
__vector_16                                       c:/program files (x86)/atmel/studio/7.0/toolchain/avr8/avr8-gnu-toolchain/bin/../lib/gcc/avr/5.4.0/../../../../avr/lib/avr5/crtatmega32u4.o
__vector_17                                       c:/program files (x86)/atmel/studio/7.0/toolchain/avr8/avr8-gnu-toolchain/bin/../lib/gcc/avr/5.4.0/../../../../avr/lib/avr5/crtatmega32u4.o
__vector_18                                       c:/program files (x86)/atmel/studio/7.0/toolchain/avr8/avr8-gnu-toolchain/bin/../lib/gcc/avr/5.4.0/../../../../avr/lib/avr5/crtatmega32u4.o
__vector_19                                       c:/program files (x86)/atmel/studio/7.0/toolchain/avr8/avr8-gnu-toolchain/bin/../lib/gcc/avr/5.4.0/../../../../avr/lib/avr5/crtatmega32u4.o
__vector_2                                        c:/program files (x86)/atmel/studio/7.0/toolchain/avr8/avr8-gnu-toolchain/bin/../lib/gcc/avr/5.4.0/../../../../avr/lib/avr5/crtatmega32u4.o
__vector_20                                       c:/program files (x86)/atmel/studio/7.0/toolchain/avr8/avr8-gnu-toolchain/bin/../lib/gcc/avr/5.4.0/../../../../avr/lib/avr5/crtatmega32u4.o
__vector_21                                       c:/program files (x86)/atmel/studio/7.0/toolchain/avr8/avr8-gnu-toolchain/bin/../lib/gcc/avr/5.4.0/../../../../avr/lib/avr5/crtatmega32u4.o
__vector_22                                       c:/program files (x86)/atmel/studio/7.0/toolchain/avr8/avr8-gnu-toolchain/bin/../lib/gcc/avr/5.4.0/../../../../avr/lib/avr5/crtatmega32u4.o
__vector_23                                       obj/gpib.o
                                                  c:/program files (x86)/atmel/studio/7.0/toolchain/avr8/avr8-gnu-toolchain/bin/../lib/gcc/avr/5.4.0/../../../../avr/lib/avr5/crtatmega32u4.o
__vector_24                                       c:/program files (x86)/atmel/studio/7.0/toolchain/avr8/avr8-gnu-toolchain/bin/../lib/gcc/avr/5.4.0/../../../../avr/lib/avr5/crtatmega32u4.o
__vector_25                                       c:/program files (x86)/atmel/studio/7.0/toolchain/avr8/avr8-gnu-toolchain/bin/../lib/gcc/avr/5.4.0/../../../../avr/lib/avr5/crtatmega32u4.o
__vector_26                                       c:/program files (x86)/atmel/studio/7.0/toolchain/avr8/avr8-gnu-toolchain/bin/../lib/gcc/avr/5.4.0/../../../../avr/lib/avr5/crtatmega32u4.o
__vector_27                                       c:/program files (x86)/atmel/studio/7.0/toolchain/avr8/avr8-gnu-toolchain/bin/../lib/gcc/avr/5.4.0/../../../../avr/lib/avr5/crtatmega32u4.o
__vector_28                                       c:/program files (x86)/atmel/studio/7.0/toolchain/avr8/avr8-gnu-toolchain/bin/../lib/gcc/avr/5.4.0/../../../../avr/lib/avr5/crtatmega32u4.o
__vector_29                                       c:/program files (x86)/atmel/studio/7.0/toolchain/avr8/avr8-gnu-toolchain/bin/../lib/gcc/avr/5.4.0/../../../../avr/lib/avr5/crtatmega32u4.o
__vector_3                                        c:/program files (x86)/atmel/studio/7.0/toolchain/avr8/avr8-gnu-toolchain/bin/../lib/gcc/avr/5.4.0/../../../../avr/lib/avr5/crtatmega32u4.o
__vector_30                                       c:/program files (x86)/atmel/studio/7.0/toolchain/avr8/avr8-gnu-toolchain/bin/../lib/gcc/avr/5.4.0/../../../../avr/lib/avr5/crtatmega32u4.o
__vector_31                                       c:/program files (x86)/atmel/studio/7.0/toolchain/avr8/avr8-gnu-toolchain/bin/../lib/gcc/avr/5.4.0/../../../../avr/lib/avr5/crtatmega32u4.o
__vector_32                                       c:/program files (x86)/atmel/studio/7.0/toolchain/avr8/avr8-gnu-toolchain/bin/../lib/gcc/avr/5.4.0/../../../../avr/lib/avr5/crtatmega32u4.o
__vector_33                                       c:/program files (x86)/atmel/studio/7.0/toolchain/avr8/avr8-gnu-toolchain/bin/../lib/gcc/avr/5.4.0/../../../../avr/lib/avr5/crtatmega32u4.o
__vector_34                                       c:/program files (x86)/atmel/studio/7.0/toolchain/avr8/avr8-gnu-toolchain/bin/../lib/gcc/avr/5.4.0/../../../../avr/lib/avr5/crtatmega32u4.o
__vector_35                                       c:/program files (x86)/atmel/studio/7.0/toolchain/avr8/avr8-gnu-toolchain/bin/../lib/gcc/avr/5.4.0/../../../../avr/lib/avr5/crtatmega32u4.o
__vector_36                                       c:/program files (x86)/atmel/studio/7.0/toolchain/avr8/avr8-gnu-toolchain/bin/../lib/gcc/avr/5.4.0/../../../../avr/lib/avr5/crtatmega32u4.o
__vector_37                                       c:/program files (x86)/atmel/studio/7.0/toolchain/avr8/avr8-gnu-toolchain/bin/../lib/gcc/avr/5.4.0/../../../../avr/lib/avr5/crtatmega32u4.o
__vector_38                                       c:/program files (x86)/atmel/studio/7.0/toolchain/avr8/avr8-gnu-toolchain/bin/../lib/gcc/avr/5.4.0/../../../../avr/lib/avr5/crtatmega32u4.o
__vector_39                                       c:/program files (x86)/atmel/studio/7.0/toolchain/avr8/avr8-gnu-toolchain/bin/../lib/gcc/avr/5.4.0/../../../../avr/lib/avr5/crtatmega32u4.o
__vector_4                                        c:/program files (x86)/atmel/studio/7.0/toolchain/avr8/avr8-gnu-toolchain/bin/../lib/gcc/avr/5.4.0/../../../../avr/lib/avr5/crtatmega32u4.o
__vector_40                                       c:/program files (x86)/atmel/studio/7.0/toolchain/avr8/avr8-gnu-toolchain/bin/../lib/gcc/avr/5.4.0/../../../../avr/lib/avr5/crtatmega32u4.o
__vector_41                                       c:/program files (x86)/atmel/studio/7.0/toolchain/avr8/avr8-gnu-toolchain/bin/../lib/gcc/avr/5.4.0/../../../../avr/lib/avr5/crtatmega32u4.o
__vector_42                                       c:/program files (x86)/atmel/studio/7.0/toolchain/avr8/avr8-gnu-toolchain/bin/../lib/gcc/avr/5.4.0/../../../../avr/lib/avr5/crtatmega32u4.o
__vector_5                                        c:/program files (x86)/atmel/studio/7.0/toolchain/avr8/avr8-gnu-toolchain/bin/../lib/gcc/avr/5.4.0/../../../../avr/lib/avr5/crtatmega32u4.o
__vector_6                                        c:/program files (x86)/atmel/studio/7.0/toolchain/avr8/avr8-gnu-toolchain/bin/../lib/gcc/avr/5.4.0/../../../../avr/lib/avr5/crtatmega32u4.o
__vector_7                                        c:/program files (x86)/atmel/studio/7.0/toolchain/avr8/avr8-gnu-toolchain/bin/../lib/gcc/avr/5.4.0/../../../../avr/lib/avr5/crtatmega32u4.o
__vector_8                                        c:/program files (x86)/atmel/studio/7.0/toolchain/avr8/avr8-gnu-toolchain/bin/../lib/gcc/avr/5.4.0/../../../../avr/lib/avr5/crtatmega32u4.o
__vector_9                                        c:/program files (x86)/atmel/studio/7.0/toolchain/avr8/avr8-gnu-toolchain/bin/../lib/gcc/avr/5.4.0/../../../../avr/lib/avr5/crtatmega32u4.o
__vector_default                                  c:/program files (x86)/atmel/studio/7.0/toolchain/avr8/avr8-gnu-toolchain/bin/../lib/gcc/avr/5.4.0/../../../../avr/lib/avr5/crtatmega32u4.o
__vectors                                         c:/program files (x86)/atmel/studio/7.0/toolchain/avr8/avr8-gnu-toolchain/bin/../lib/gcc/avr/5.4.0/../../../../avr/lib/avr5/crtatmega32u4.o
_exit                                             c:/program files (x86)/atmel/studio/7.0/toolchain/avr8/avr8-gnu-toolchain/bin/../lib/gcc/avr/5.4.0/avr5\libgcc.a(_exit.o)
cmd_0000                                          obj/miniparser.o
cmd_0001                                          obj/miniparser.o
cmd_0100                                          obj/miniparser.o
cmd_0101                                          obj/miniparser.o
cmd_0102                                          obj/miniparser.o
cmd_addr                                          obj/miniparser.o
cmd_autoid_off                                    obj/miniparser.o
cmd_autoid_on                                     obj/miniparser.o
cmd_autoid_query                                  obj/miniparser.o
cmd_autoid_slow                                   obj/miniparser.o
cmd_autoid_slower                                 obj/miniparser.o
cmd_autoid_slowest                                obj/miniparser.o
cmd_reset                                         obj/miniparser.o
cmd_string_normal                                 obj/miniparser.o
cmd_string_query                                  obj/miniparser.o
cmd_string_short                                  obj/miniparser.o
cmd_term_cr                                       obj/miniparser.o
cmd_term_eoi                                      obj/miniparser.o
cmd_term_lf                                       obj/miniparser.o
cmd_term_query                                    obj/miniparser.o
cmd_term_store                                    obj/miniparser.o
cmd_ver_query                                     obj/miniparser.o
cnt                                               obj/TestAndMeasurement.o
eeprom_read_byte                                  c:/program files (x86)/atmel/studio/7.0/toolchain/avr8/avr8-gnu-toolchain/bin/../lib/gcc/avr/5.4.0/../../../../avr/lib/avr5\libatmega32u4.a(eerd_byte.o)
                                                  obj/EndpointStream_AVR8.o
                                                  obj/miniparser.o
                                                  obj/TestAndMeasurement.o
eeprom_update_byte                                c:/program files (x86)/atmel/studio/7.0/toolchain/avr8/avr8-gnu-toolchain/bin/../lib/gcc/avr/5.4.0/../../../../avr/lib/avr5\libatmega32u4.a(eeupd_byte.o)
                                                  obj/EndpointStream_AVR8.o
eeprom_update_if_changed                          obj/TestAndMeasurement.o
                                                  obj/miniparser.o
eeprom_update_r18                                 c:/program files (x86)/atmel/studio/7.0/toolchain/avr8/avr8-gnu-toolchain/bin/../lib/gcc/avr/5.4.0/../../../../avr/lib/avr5\libatmega32u4.a(eeupd_byte.o)
eeprom_write_byte                                 c:/program files (x86)/atmel/studio/7.0/toolchain/avr8/avr8-gnu-toolchain/bin/../lib/gcc/avr/5.4.0/../../../../avr/lib/avr5\libatmega32u4.a(eewr_byte.o)
                                                  obj/TestAndMeasurement.o
eeprom_write_r18                                  c:/program files (x86)/atmel/studio/7.0/toolchain/avr8/avr8-gnu-toolchain/bin/../lib/gcc/avr/5.4.0/../../../../avr/lib/avr5\libatmega32u4.a(eewr_byte.o)
exit                                              c:/program files (x86)/atmel/studio/7.0/toolchain/avr8/avr8-gnu-toolchain/bin/../lib/gcc/avr/5.4.0/avr5\libgcc.a(_exit.o)
                                                  c:/program files (x86)/atmel/studio/7.0/toolchain/avr8/avr8-gnu-toolchain/bin/../lib/gcc/avr/5.4.0/../../../../avr/lib/avr5/crtatmega32u4.o
findGpibdevice                                    obj/TestAndMeasurement.o
gpib_get_readtermination                          obj/gpib.o
                                                  obj/miniparser.o
gpib_gotoLocal                                    obj/gpib.o
                                                  obj/TestAndMeasurement.o
gpib_init                                         obj/gpib.o
                                                  obj/TestAndMeasurement.o
gpib_interface_clear                              obj/gpib.o
                                                  obj/TestAndMeasurement.o
gpib_is_connected                                 obj/gpib.o
                                                  obj/TestAndMeasurement.o
gpib_localLockout                                 obj/gpib.o
                                                  obj/TestAndMeasurement.o
gpib_make_listener                                obj/gpib.o
                                                  obj/TestAndMeasurement.o
gpib_make_talker                                  obj/gpib.o
                                                  obj/TestAndMeasurement.o
gpib_readStatusByte                               obj/gpib.o
                                                  obj/TestAndMeasurement.o
gpib_readdat                                      obj/gpib.o
                                                  obj/TestAndMeasurement.o
gpib_recover                                      obj/gpib.o
                                                  obj/TestAndMeasurement.o
gpib_ren                                          obj/gpib.o
                                                  obj/TestAndMeasurement.o
gpib_sdc                                          obj/gpib.o
                                                  obj/TestAndMeasurement.o
gpib_search                                       obj/gpib.o
                                                  obj/TestAndMeasurement.o
gpib_set_readtermination                          obj/gpib.o
                                                  obj/miniparser.o
                                                  obj/TestAndMeasurement.o
gpib_trigger                                      obj/gpib.o
                                                  obj/TestAndMeasurement.o
gpib_untalk_unlisten                              obj/gpib.o
                                                  obj/TestAndMeasurement.o
gpib_write_is_busy                                obj/TestAndMeasurement.o
gpib_writedat                                     obj/gpib.o
                                                  obj/TestAndMeasurement.o
handle_control_Req_ReadStatusByte                 obj/TestAndMeasurement.o
identifyGpibDevice                                obj/TestAndMeasurement.o
internal_response_buffer                          obj/TestAndMeasurement.o
internal_response_buffer_len                      obj/TestAndMeasurement.o
internal_response_buffer_rpos                     obj/TestAndMeasurement.o
is_timedout                                       obj/TestAndMeasurement.o
main                                              obj/TestAndMeasurement.o
                                                  c:/program files (x86)/atmel/studio/7.0/toolchain/avr8/avr8-gnu-toolchain/bin/../lib/gcc/avr/5.4.0/../../../../avr/lib/avr5/crtatmega32u4.o
memcmp                                            c:/program files (x86)/atmel/studio/7.0/toolchain/avr8/avr8-gnu-toolchain/bin/../lib/gcc/avr/5.4.0/../../../../avr/lib/avr5\libc.a(memcmp.o)
                                                  obj/HIDClassDevice.o
memcpy                                            c:/program files (x86)/atmel/studio/7.0/toolchain/avr8/avr8-gnu-toolchain/bin/../lib/gcc/avr/5.4.0/../../../../avr/lib/avr5\libc.a(memcpy.o)
                                                  obj/RNDISClassDevice.o
                                                  obj/HIDClassDevice.o
                                                  obj/TestAndMeasurement.o
memcpy_P                                          c:/program files (x86)/atmel/studio/7.0/toolchain/avr8/avr8-gnu-toolchain/bin/../lib/gcc/avr/5.4.0/../../../../avr/lib/avr5\libc.a(memcpy_P.o)
                                                  obj/RNDISClassDevice.o
memset                                            c:/program files (x86)/atmel/studio/7.0/toolchain/avr8/avr8-gnu-toolchain/bin/../lib/gcc/avr/5.4.0/../../../../avr/lib/avr5\libc.a(memset.o)
                                                  obj/HIDClassDevice.o
parser_add                                        obj/miniparser.o
                                                  obj/TestAndMeasurement.o
parser_reset                                      obj/miniparser.o
                                                  obj/TestAndMeasurement.o
pparser_ps                                        obj/miniparser.o
s_terminator                                      obj/gpib.o
                                                  obj/TestAndMeasurement.o
set_internal_response                             obj/TestAndMeasurement.o
                                                  obj/miniparser.o
timeout_start                                     obj/TestAndMeasurement.o
timeout_val                                       obj/TestAndMeasurement.o
timer0_ticked                                     obj/gpib.o
                                                  obj/TestAndMeasurement.o
tmc_gpib_read_timedout                            obj/TestAndMeasurement.o
tmc_gpib_write_timedout                           obj/TestAndMeasurement.o
tmc_serial_string                                 obj/Descriptors.o
                                                  obj/TestAndMeasurement.o
