Archive member included to satisfy reference by file (symbol)

c:/program files (x86)/atmel/studio/7.0/toolchain/avr8/avr8-gnu-toolchain/bin/../lib/gcc/avr/5.4.0/avr5\libgcc.a(_udivmodqi4.o)
                              obj/TestAndMeasurement.o (__udivmodqi4)
c:/program files (x86)/atmel/studio/7.0/toolchain/avr8/avr8-gnu-toolchain/bin/../lib/gcc/avr/5.4.0/avr5\libgcc.a(_exit.o)
                              c:/program files (x86)/atmel/studio/7.0/toolchain/avr8/avr8-gnu-toolchain/bin/../lib/gcc/avr/5.4.0/../../../../avr/lib/avr5/crtatmega32u4.o (exit)
c:/program files (x86)/atmel/studio/7.0/toolchain/avr8/avr8-gnu-toolchain/bin/../lib/gcc/avr/5.4.0/avr5\libgcc.a(_copy_data.o)
                              obj/TestAndMeasurement.o (__do_copy_data)
c:/program files (x86)/atmel/studio/7.0/toolchain/avr8/avr8-gnu-toolchain/bin/../lib/gcc/avr/5.4.0/avr5\libgcc.a(_clear_bss.o)
                              obj/TestAndMeasurement.o (__do_clear_bss)
c:/program files (x86)/atmel/studio/7.0/toolchain/avr8/avr8-gnu-toolchain/bin/../lib/gcc/avr/5.4.0/../../../../avr/lib/avr5\libc.a(memcpy_P.o)
                              obj/RNDISClassDevice.o (memcpy_P)
c:/program files (x86)/atmel/studio/7.0/toolchain/avr8/avr8-gnu-toolchain/bin/../lib/gcc/avr/5.4.0/../../../../avr/lib/avr5\libc.a(strlen_P.o)
                              obj/CDCClassDevice.o (__strlen_P)
c:/program files (x86)/atmel/studio/7.0/toolchain/avr8/avr8-gnu-toolchain/bin/../lib/gcc/avr/5.4.0/../../../../avr/lib/avr5\libc.a(memcmp.o)
                              obj/HIDClassDevice.o (memcmp)
c:/program files (x86)/atmel/studio/7.0/toolchain/avr8/avr8-gnu-toolchain/bin/../lib/gcc/avr/5.4.0/../../../../avr/lib/avr5\libc.a(memcpy.o)
                              obj/TestAndMeasurement.o (memcpy)
c:/program files (x86)/atmel/studio/7.0/toolchain/avr8/avr8-gnu-toolchain/bin/../lib/gcc/avr/5.4.0/../../../../avr/lib/avr5\libc.a(memset.o)
                              obj/HIDClassDevice.o (memset)
c:/program files (x86)/atmel/studio/7.0/toolchain/avr8/avr8-gnu-toolchain/bin/../lib/gcc/avr/5.4.0/../../../../avr/lib/avr5\libatmega32u4.a(eerd_byte.o)
                              obj/TestAndMeasurement.o (eeprom_read_byte)
c:/program files (x86)/atmel/studio/7.0/toolchain/avr8/avr8-gnu-toolchain/bin/../lib/gcc/avr/5.4.0/../../../../avr/lib/avr5\libatmega32u4.a(eeupd_byte.o)
                              obj/EndpointStream_AVR8.o (eeprom_update_byte)
c:/program files (x86)/atmel/studio/7.0/toolchain/avr8/avr8-gnu-toolchain/bin/../lib/gcc/avr/5.4.0/../../../../avr/lib/avr5\libatmega32u4.a(eewr_byte.o)
                              obj/TestAndMeasurement.o (eeprom_write_byte)

Allocating common symbols
Common symbol       size              file

tmc_serial_string   0x66              obj/Descriptors.o
USB_IsInitialized   0x1               obj/USBTask.o
USB_DeviceState     0x1               obj/USBTask.o
timeout_val         0x4               obj/TestAndMeasurement.o
USB_Device_ConfigurationNumber
                    0x1               obj/DeviceStandardReq.o
USB_Device_CurrentlySelfPowered
                    0x1               obj/DeviceStandardReq.o
USB_ControlRequest  0x8               obj/USBTask.o
TMC_eom             0x1               obj/TestAndMeasurement.o
USB_Device_RemoteWakeupEnabled
                    0x1               obj/DeviceStandardReq.o

Discarded input sections

 .data          0x00000000        0x0 c:/program files (x86)/atmel/studio/7.0/toolchain/avr8/avr8-gnu-toolchain/bin/../lib/gcc/avr/5.4.0/../../../../avr/lib/avr5/crtatmega32u4.o
 .bss           0x00000000        0x0 c:/program files (x86)/atmel/studio/7.0/toolchain/avr8/avr8-gnu-toolchain/bin/../lib/gcc/avr/5.4.0/../../../../avr/lib/avr5/crtatmega32u4.o
 .text          0x00000000        0x0 obj/TestAndMeasurement.o
 .text.timeout_start
                0x00000000       0x12 obj/TestAndMeasurement.o
 .text          0x00000000        0x0 obj/Descriptors.o
 .data          0x00000000        0x0 obj/Descriptors.o
 .bss           0x00000000        0x0 obj/Descriptors.o
 .text          0x00000000        0x0 obj/gpib.o
 .data          0x00000000        0x0 obj/gpib.o
 .text          0x00000000        0x0 obj/HIDParser.o
 .data          0x00000000        0x0 obj/HIDParser.o
 .bss           0x00000000        0x0 obj/HIDParser.o
 .text.USB_ProcessHIDReport
                0x00000000      0x6cc obj/HIDParser.o
 .text.USB_GetHIDReportItemInfo
                0x00000000       0xbc obj/HIDParser.o
 .text.USB_SetHIDReportItemInfo
                0x00000000       0xc0 obj/HIDParser.o
 .text.USB_GetHIDReportSize
                0x00000000       0x56 obj/HIDParser.o
 .debug_info    0x00000000      0x739 obj/HIDParser.o
 .debug_abbrev  0x00000000      0x21a obj/HIDParser.o
 .debug_loc     0x00000000      0xadb obj/HIDParser.o
 .debug_aranges
                0x00000000       0x38 obj/HIDParser.o
 .debug_ranges  0x00000000       0xd0 obj/HIDParser.o
 .debug_line    0x00000000      0x5b3 obj/HIDParser.o
[...]
Memory Configuration

Name             Origin             Length             Attributes
text             0x00000000         0x00020000         xr
data             0x00800060         0x0000ffa0         rw !x
eeprom           0x00810000         0x00010000         rw !x
fuse             0x00820000         0x00000003         rw !x
lock             0x00830000         0x00000400         rw !x
signature        0x00840000         0x00000400         rw !x
user_signatures  0x00850000         0x00000400         rw !x
*default*        0x00000000         0xffffffff

Linker script and memory map

Address of section .data set to 0x800100
LOAD c:/program files (x86)/atmel/studio/7.0/toolchain/avr8/avr8-gnu-toolchain/bin/../lib/gcc/avr/5.4.0/../../../../avr/lib/avr5/crtatmega32u4.o
LOAD obj/TestAndMeasurement.o
LOAD obj/Descriptors.o
LOAD obj/gpib.o
LOAD obj/HIDParser.o
LOAD obj/Device_AVR8.o
LOAD obj/EndpointStream_AVR8.o
LOAD obj/Endpoint_AVR8.o
LOAD obj/Host_AVR8.o
LOAD obj/PipeStream_AVR8.o
LOAD obj/Pipe_AVR8.o
LOAD obj/USBController_AVR8.o
LOAD obj/USBInterrupt_AVR8.o
LOAD obj/ConfigDescriptors.o
LOAD obj/DeviceStandardReq.o
LOAD obj/Events.o
LOAD obj/HostStandardReq.o
LOAD obj/USBTask.o
LOAD obj/AudioClassDevice.o
LOAD obj/CCIDClassDevice.o
LOAD obj/CDCClassDevice.o
LOAD obj/HIDClassDevice.o
LOAD obj/MassStorageClassDevice.o
LOAD obj/MIDIClassDevice.o
LOAD obj/PrinterClassDevice.o
LOAD obj/RNDISClassDevice.o
LOAD obj/AndroidAccessoryClassHost.o
LOAD obj/AudioClassHost.o
LOAD obj/CDCClassHost.o
LOAD obj/HIDClassHost.o
LOAD obj/MassStorageClassHost.o
LOAD obj/MIDIClassHost.o
LOAD obj/PrinterClassHost.o
LOAD obj/RNDISClassHost.o
LOAD obj/StillImageClassHost.o
LOAD c:/program files (x86)/atmel/studio/7.0/toolchain/avr8/avr8-gnu-toolchain/bin/../lib/gcc/avr/5.4.0/../../../../avr/lib/avr5\libm.a
START GROUP
LOAD c:/program files (x86)/atmel/studio/7.0/toolchain/avr8/avr8-gnu-toolchain/bin/../lib/gcc/avr/5.4.0/avr5\libgcc.a
LOAD c:/program files (x86)/atmel/studio/7.0/toolchain/avr8/avr8-gnu-toolchain/bin/../lib/gcc/avr/5.4.0/../../../../avr/lib/avr5\libm.a
LOAD c:/program files (x86)/atmel/studio/7.0/toolchain/avr8/avr8-gnu-toolchain/bin/../lib/gcc/avr/5.4.0/../../../../avr/lib/avr5\libc.a
LOAD c:/program files (x86)/atmel/studio/7.0/toolchain/avr8/avr8-gnu-toolchain/bin/../lib/gcc/avr/5.4.0/../../../../avr/lib/avr5\libatmega32u4.a
END GROUP
                0x00020000                __TEXT_REGION_LENGTH__ = DEFINED (__TEXT_REGION_LENGTH__)?__TEXT_REGION_LENGTH__:0x20000
                0x0000ffa0                __DATA_REGION_LENGTH__ = DEFINED (__DATA_REGION_LENGTH__)?__DATA_REGION_LENGTH__:0xffa0
                0x00010000                __EEPROM_REGION_LENGTH__ = DEFINED (__EEPROM_REGION_LENGTH__)?__EEPROM_REGION_LENGTH__:0x10000
                [0x00000003]                __FUSE_REGION_LENGTH__ = DEFINED (__FUSE_REGION_LENGTH__)?__FUSE_REGION_LENGTH__:0x400
                0x00000400                __LOCK_REGION_LENGTH__ = DEFINED (__LOCK_REGION_LENGTH__)?__LOCK_REGION_LENGTH__:0x400
                0x00000400                __SIGNATURE_REGION_LENGTH__ = DEFINED (__SIGNATURE_REGION_LENGTH__)?__SIGNATURE_REGION_LENGTH__:0x400
                0x00000400                __USER_SIGNATURE_REGION_LENGTH__ = DEFINED (__USER_SIGNATURE_REGION_LENGTH__)?__USER_SIGNATURE_REGION_LENGTH__:0x400

.hash
 *(.hash)

.dynsym
 *(.dynsym)

.dynstr
 *(.dynstr)

.gnu.version
 *(.gnu.version)

.gnu.version_d
 *(.gnu.version_d)

.gnu.version_r
 *(.gnu.version_r)

.rel.init
 *(.rel.init)

.rela.init
 *(.rela.init)

.rel.text
 *(.rel.text)
 *(.rel.text.*)
 *(.rel.gnu.linkonce.t*)

.rela.text
 *(.rela.text)
 *(.rela.text.*)
 *(.rela.gnu.linkonce.t*)

.rel.fini
 *(.rel.fini)

.rela.fini
 *(.rela.fini)

.rel.rodata
 *(.rel.rodata)
 *(.rel.rodata.*)
 *(.rel.gnu.linkonce.r*)

.rela.rodata
 *(.rela.rodata)
 *(.rela.rodata.*)
 *(.rela.gnu.linkonce.r*)

.rel.data
 *(.rel.data)
 *(.rel.data.*)
 *(.rel.gnu.linkonce.d*)

.rela.data
 *(.rela.data)
 *(.rela.data.*)
 *(.rela.gnu.linkonce.d*)

.rel.ctors
 *(.rel.ctors)

.rela.ctors
 *(.rela.ctors)

.rel.dtors
 *(.rel.dtors)

.rela.dtors
 *(.rela.dtors)

.rel.got
 *(.rel.got)

.rela.got
 *(.rela.got)

.rel.bss
 *(.rel.bss)

.rela.bss
 *(.rela.bss)

.rel.plt
 *(.rel.plt)

.rela.plt
 *(.rela.plt)

.text           0x00000000     0x21a0
 *(.vectors)
 .vectors       0x00000000       0xac c:/program files (x86)/atmel/studio/7.0/toolchain/avr8/avr8-gnu-toolchain/bin/../lib/gcc/avr/5.4.0/../../../../avr/lib/avr5/crtatmega32u4.o
                0x00000000                __vector_default
                0x00000000                __vectors
 *(.vectors)
 *(.progmem.gcc*)
                0x000000ac                . = ALIGN (0x2)
                0x000000ac                __trampolines_start = .
 *(.trampolines)
 .trampolines   0x000000ac        0x0 linker stubs
 *(.trampolines*)
                0x000000ac                __trampolines_end = .
 *libprintf_flt.a:*(.progmem.data)
 *libc.a:*(.progmem.data)
 *(.progmem*)
 .progmem.data  0x000000ac       0x67 obj/Descriptors.o
                0x000000ac                ProductString
                0x000000be                ManufacturerString
                0x000000d6                LanguageString
                0x000000da                ConfigurationDescriptor
                0x00000101                DeviceDescriptor
                0x00000114                . = ALIGN (0x2)
 *fill*         0x00000113        0x1 
 *(.jumptables)
 *(.jumptables*)
 *(.lowtext)
 *(.lowtext*)
                0x00000114                __ctors_start = .
 *(.ctors)
                0x00000114                __ctors_end = .
                0x00000114                __dtors_start = .
 *(.dtors)
                0x00000114                __dtors_end = .
 SORT(*)(.ctors)
 SORT(*)(.dtors)
 *(.init0)
 .init0         0x00000114        0x0 c:/program files (x86)/atmel/studio/7.0/toolchain/avr8/avr8-gnu-toolchain/bin/../lib/gcc/avr/5.4.0/../../../../avr/lib/avr5/crtatmega32u4.o
                0x00000114                __init
 *(.init0)
 *(.init1)
 *(.init1)
 *(.init2)
 .init2         0x00000114        0xc c:/program files (x86)/atmel/studio/7.0/toolchain/avr8/avr8-gnu-toolchain/bin/../lib/gcc/avr/5.4.0/../../../../avr/lib/avr5/crtatmega32u4.o
 *(.init2)
 *(.init3)
 *(.init3)
 *(.init4)
 .init4         0x00000120       0x16 c:/program files (x86)/atmel/studio/7.0/toolchain/avr8/avr8-gnu-toolchain/bin/../lib/gcc/avr/5.4.0/avr5\libgcc.a(_copy_data.o)
                0x00000120                __do_copy_data
 .init4         0x00000136       0x10 c:/program files (x86)/atmel/studio/7.0/toolchain/avr8/avr8-gnu-toolchain/bin/../lib/gcc/avr/5.4.0/avr5\libgcc.a(_clear_bss.o)
                0x00000136                __do_clear_bss
 *(.init4)
 *(.init5)
 *(.init5)
 *(.init6)
 *(.init6)
 *(.init7)
 *(.init7)
 *(.init8)
 *(.init8)
 *(.init9)
 .init9         0x00000146        0x6 c:/program files (x86)/atmel/studio/7.0/toolchain/avr8/avr8-gnu-toolchain/bin/../lib/gcc/avr/5.4.0/../../../../avr/lib/avr5/crtatmega32u4.o
 *(.init9)
 *(.text)
 .text          0x0000014c        0x2 c:/program files (x86)/atmel/studio/7.0/toolchain/avr8/avr8-gnu-toolchain/bin/../lib/gcc/avr/5.4.0/../../../../avr/lib/avr5/crtatmega32u4.o
                0x0000014c                __vector_38
                0x0000014c                __vector_22
                0x0000014c                __vector_28
                0x0000014c                __vector_1
                0x0000014c                __vector_32
                0x0000014c                __vector_34
                0x0000014c                __vector_24
                0x0000014c                __vector_12
                0x0000014c                __bad_interrupt
                0x0000014c                __vector_6
                0x0000014c                __vector_31
                0x0000014c                __vector_35
                0x0000014c                __vector_39
                0x0000014c                __vector_3
                0x0000014c                __vector_30
                0x0000014c                __vector_25
                0x0000014c                __vector_13
                0x0000014c                __vector_17
                0x0000014c                __vector_19
                0x0000014c                __vector_7
                0x0000014c                __vector_41
                0x0000014c                __vector_27
                0x0000014c                __vector_5
                0x0000014c                __vector_33
                0x0000014c                __vector_37
                0x0000014c                __vector_4
                0x0000014c                __vector_9
                0x0000014c                __vector_2
                0x0000014c                __vector_21
                0x0000014c                __vector_15
                0x0000014c                __vector_36
                0x0000014c                __vector_29
                0x0000014c                __vector_40
                0x0000014c                __vector_8
                0x0000014c                __vector_26
                0x0000014c                __vector_14
                0x0000014c                __vector_16
                0x0000014c                __vector_18
                0x0000014c                __vector_20
                0x0000014c                __vector_42
                0x0000014e                . = ALIGN (0x2)
 *(.text.*)
 .text.TMC_SetInternalSerial
                0x0000014e       0xd4 obj/TestAndMeasurement.o
 .text.is_timedout
                0x00000222       0x3e obj/TestAndMeasurement.o
                0x00000222                is_timedout
 .text.tmc_gpib_write_timedout
                0x00000260       0x10 obj/TestAndMeasurement.o
                0x00000260                tmc_gpib_write_timedout
 .text.tmc_gpib_read_timedout
                0x00000270       0x10 obj/TestAndMeasurement.o
                0x00000270                tmc_gpib_read_timedout
 .text.Jump_To_Bootloader
                0x00000280       0x46 obj/TestAndMeasurement.o
                0x00000280                Jump_To_Bootloader
 .text.findGpibdevice
                0x000002c6       0x16 obj/TestAndMeasurement.o
                0x000002c6                findGpibdevice
 .text.identifyGpibDevice
                0x000002dc      0x448 obj/TestAndMeasurement.o
                0x000002dc                identifyGpibDevice
 .text.check_bootloaderEntry
                0x00000724        0x6 obj/TestAndMeasurement.o
                0x00000724                check_bootloaderEntry
 .text.eeprom_update_if_changed
                0x0000072a       0x32 obj/TestAndMeasurement.o
                0x0000072a                eeprom_update_if_changed
 .text.SetupHardware
                0x0000075c       0x46 obj/TestAndMeasurement.o
                0x0000075c                SetupHardware
 .text.EVENT_USB_Device_Connect
                0x000007a2        0x2 obj/TestAndMeasurement.o
                0x000007a2                EVENT_USB_Device_Connect
 .text.EVENT_USB_Device_Disconnect
                0x000007a4        0x2 obj/TestAndMeasurement.o
                0x000007a4                EVENT_USB_Device_Disconnect
 .text.EVENT_USB_Device_ConfigurationChanged
                0x000007a6       0x1e obj/TestAndMeasurement.o
                0x000007a6                EVENT_USB_Device_ConfigurationChanged
 .text.EVENT_USB_Device_ControlRequest
                0x000007c4      0x30c obj/TestAndMeasurement.o
                0x000007c4                EVENT_USB_Device_ControlRequest
 .text.ProcessSentMessage
                0x00000ad0       0x70 obj/TestAndMeasurement.o
                0x00000ad0                ProcessSentMessage
 .text.GetNextMessage
                0x00000b40       0xca obj/TestAndMeasurement.o
                0x00000b40                GetNextMessage
 .text.TMC_resetstates
                0x00000c0a       0x1c obj/TestAndMeasurement.o
                0x00000c0a                TMC_resetstates
 .text.ReadTMCHeader
                0x00000c26       0x64 obj/TestAndMeasurement.o
                0x00000c26                ReadTMCHeader
 .text.WriteTMCHeader
                0x00000c8a       0x60 obj/TestAndMeasurement.o
                0x00000c8a                WriteTMCHeader
 .text.TMC_Task
                0x00000cea      0x38a obj/TestAndMeasurement.o
                0x00000cea                TMC_Task
 .text.startup.main
                0x00001074      0x15e obj/TestAndMeasurement.o
                0x00001074                main
 .text.CALLBACK_USB_GetDescriptor
                0x000011d2       0x7c obj/Descriptors.o
                0x000011d2                CALLBACK_USB_GetDescriptor
 .text.is_timedout
                0x0000124e       0x26 obj/gpib.o
 .text.__vector_23
                0x00001274       0x5e obj/gpib.o
                0x00001274                __vector_23
 .text.gpib_is_connected
                0x000012d2        0xe obj/gpib.o
                0x000012d2                gpib_is_connected
 .text.gpib_ren
                0x000012e0        0xc obj/gpib.o
                0x000012e0                gpib_ren
 .text.gpib_interface_clear
                0x000012ec       0x28 obj/gpib.o
                0x000012ec                gpib_interface_clear
 .text.gpib_init
                0x00001314       0x50 obj/gpib.o
                0x00001314                gpib_init
 .text.gpib_tx  0x00001364       0x5a obj/gpib.o
 .text.gpib_cmd_TAG
                0x000013be       0x2e obj/gpib.o
 .text.gpib_cmd_LAG
                0x000013ec       0x2e obj/gpib.o
 .text.gpib_cmd_UNL
                0x0000141a        0x8 obj/gpib.o
 .text.gpib_trigger
                0x00001422       0x2a obj/gpib.o
                0x00001422                gpib_trigger
 .text.gpib_gotoLocal
                0x0000144c       0x28 obj/gpib.o
                0x0000144c                gpib_gotoLocal
 .text.gpib_localLockout
                0x00001474       0x16 obj/gpib.o
                0x00001474                gpib_localLockout
 .text.gpib_readdat
                0x0000148a       0x78 obj/gpib.o
                0x0000148a                gpib_readdat
 .text.gpib_readStatusByte
                0x00001502       0x82 obj/gpib.o
                0x00001502                gpib_readStatusByte
 .text.gpib_untalk_unlisten
                0x00001584       0x28 obj/gpib.o
                0x00001584                gpib_untalk_unlisten
 .text.gpib_make_talker
                0x000015ac       0x38 obj/gpib.o
                0x000015ac                gpib_make_talker
 .text.gpib_make_listener
                0x000015e4       0x40 obj/gpib.o
                0x000015e4                gpib_make_listener
 .text.gpib_writedat
                0x00001624        0xc obj/gpib.o
                0x00001624                gpib_writedat
 .text.gpib_search
                0x00001630       0xc6 obj/gpib.o
                0x00001630                gpib_search
 .text.Endpoint_Write_Stream_LE
                0x000016f6       0x92 obj/EndpointStream_AVR8.o
                0x000016f6                Endpoint_Write_Stream_LE
 .text.Endpoint_Read_Stream_LE
                0x00001788       0x92 obj/EndpointStream_AVR8.o
                0x00001788                Endpoint_Read_Stream_LE
 .text.Endpoint_Write_Control_Stream_LE
                0x0000181a       0xbc obj/EndpointStream_AVR8.o
                0x0000181a                Endpoint_Write_Control_Stream_LE
 .text.Endpoint_Write_Control_PStream_LE
                0x000018d6       0xc2 obj/EndpointStream_AVR8.o
                0x000018d6                Endpoint_Write_Control_PStream_LE
 .text.Endpoint_Write_Control_EStream_LE
                0x00001998       0xf2 obj/EndpointStream_AVR8.o
                0x00001998                Endpoint_Write_Control_EStream_LE
 .text.Endpoint_ConfigureEndpoint_Prv
                0x00001a8a       0x6a obj/Endpoint_AVR8.o
                0x00001a8a                Endpoint_ConfigureEndpoint_Prv
 .text.Endpoint_ClearStatusStage
                0x00001af4       0x3e obj/Endpoint_AVR8.o
                0x00001af4                Endpoint_ClearStatusStage
 .text.Endpoint_WaitUntilReady
                0x00001b32       0x66 obj/Endpoint_AVR8.o
                0x00001b32                Endpoint_WaitUntilReady
 .text.USB_Disable
                0x00001b98       0x30 obj/USBController_AVR8.o
                0x00001b98                USB_Disable
 .text.USB_ResetInterface
                0x00001bc8       0x80 obj/USBController_AVR8.o
                0x00001bc8                USB_ResetInterface
 .text.USB_Init
                0x00001c48       0x20 obj/USBController_AVR8.o
                0x00001c48                USB_Init
 .text.USB_INT_DisableAllInterrupts
                0x00001c68       0x10 obj/USBInterrupt_AVR8.o
                0x00001c68                USB_INT_DisableAllInterrupts
 .text.USB_INT_ClearAllInterrupts
                0x00001c78        0xa obj/USBInterrupt_AVR8.o
                0x00001c78                USB_INT_ClearAllInterrupts
 .text.__vector_10
                0x00001c82      0x19a obj/USBInterrupt_AVR8.o
                0x00001c82                __vector_10
 .text.__vector_11
                0x00001e1c       0x86 obj/USBInterrupt_AVR8.o
                0x00001e1c                __vector_11
 .text.USB_Device_ProcessControlRequest
                0x00001ea2      0x26e obj/DeviceStandardReq.o
                0x00001ea2                USB_Device_ProcessControlRequest
 .text.USB_Event_Stub
                0x00002110        0x2 obj/Events.o
                0x00002110                USB_Event_Stub
                0x00002110                EVENT_USB_Device_Suspend
                0x00002110                EVENT_USB_Device_StartOfFrame
                0x00002110                EVENT_USB_Device_Reset
                0x00002110                EVENT_USB_Device_WakeUp
 .text.USB_USBTask
                0x00002112       0x34 obj/USBTask.o
                0x00002112                USB_USBTask
 .text.libgcc.div
                0x00002146       0x18 c:/program files (x86)/atmel/studio/7.0/toolchain/avr8/avr8-gnu-toolchain/bin/../lib/gcc/avr/5.4.0/avr5\libgcc.a(_udivmodqi4.o)
                0x00002146                __udivmodqi4
 .text.avr-libc
                0x0000215e       0x12 c:/program files (x86)/atmel/studio/7.0/toolchain/avr8/avr8-gnu-toolchain/bin/../lib/gcc/avr/5.4.0/../../../../avr/lib/avr5\libc.a(memcpy.o)
                0x0000215e                memcpy
 .text.avr-libc
                0x00002170       0x10 c:/program files (x86)/atmel/studio/7.0/toolchain/avr8/avr8-gnu-toolchain/bin/../lib/gcc/avr/5.4.0/../../../../avr/lib/avr5\libatmega32u4.a(eerd_byte.o)
                0x00002170                eeprom_read_byte
 .text.avr-libc
                0x00002180       0x1c c:/program files (x86)/atmel/studio/7.0/toolchain/avr8/avr8-gnu-toolchain/bin/../lib/gcc/avr/5.4.0/../../../../avr/lib/avr5\libatmega32u4.a(eewr_byte.o)
                0x00002180                eeprom_write_byte
                0x00002182                eeprom_write_r18
                0x0000219c                . = ALIGN (0x2)
 *(.fini9)
 .fini9         0x0000219c        0x0 c:/program files (x86)/atmel/studio/7.0/toolchain/avr8/avr8-gnu-toolchain/bin/../lib/gcc/avr/5.4.0/avr5\libgcc.a(_exit.o)
                0x0000219c                _exit
                0x0000219c                exit
 *(.fini9)
 *(.fini8)
 *(.fini8)
 *(.fini7)
 *(.fini7)
 *(.fini6)
 *(.fini6)
 *(.fini5)
 *(.fini5)
 *(.fini4)
 *(.fini4)
 *(.fini3)
 *(.fini3)
 *(.fini2)
 *(.fini2)
 *(.fini1)
 *(.fini1)
 *(.fini0)
 .fini0         0x0000219c        0x4 c:/program files (x86)/atmel/studio/7.0/toolchain/avr8/avr8-gnu-toolchain/bin/../lib/gcc/avr/5.4.0/avr5\libgcc.a(_exit.o)
 *(.fini0)
                0x000021a0                _etext = .

.data           0x00800100       0x1c load address 0x000021a0
                0x00800100                PROVIDE (__data_start, .)
 *(.data)
 .data          0x00800100       0x1b obj/TestAndMeasurement.o
                0x00800100                TMC_InLastMessageComplete
                0x00800101                TMC_LastMessageComplete
                0x00800103                Capabilities
 *(.data*)
 *(.gnu.linkonce.d*)
 *(.rodata)
 *(.rodata*)
 *(.gnu.linkonce.r*)
                0x0080011c                . = ALIGN (0x2)
 *fill*         0x0080011b        0x1 
                0x0080011c                _edata = .
                0x0080011c                PROVIDE (__data_end, .)

.bss            0x0080011c       0xcf
                0x0080011c                PROVIDE (__bss_start, .)
 *(.bss)
 .bss           0x0080011c       0x50 obj/TestAndMeasurement.o
                0x0080011c                dbg
                0x0080011e                cnt
 .bss           0x0080016c        0x7 obj/gpib.o
 *(.bss*)
 *(COMMON)
 COMMON         0x00800173        0x5 obj/TestAndMeasurement.o
                0x00800173                timeout_val
                0x00800177                TMC_eom
 COMMON         0x00800178       0x66 obj/Descriptors.o
                0x00800178                tmc_serial_string
 COMMON         0x008001de        0x3 obj/DeviceStandardReq.o
                0x008001de                USB_Device_ConfigurationNumber
                0x008001df                USB_Device_CurrentlySelfPowered
                0x008001e0                USB_Device_RemoteWakeupEnabled
 COMMON         0x008001e1        0xa obj/USBTask.o
                0x008001e1                USB_IsInitialized
                0x008001e2                USB_DeviceState
                0x008001e3                USB_ControlRequest
                0x008001eb                PROVIDE (__bss_end, .)
                0x000021a0                __data_load_start = LOADADDR (.data)
                0x000021bc                __data_load_end = (__data_load_start + SIZEOF (.data))

.noinit         0x008001eb        0x0
                [!provide]                PROVIDE (__noinit_start, .)
 *(.noinit*)
                [!provide]                PROVIDE (__noinit_end, .)
                0x008001eb                _end = .
                [!provide]                PROVIDE (__heap_start, .)

.eeprom         0x00810000        0x0
 *(.eeprom*)
                0x00810000                __eeprom_end = .

.fuse
 *(.fuse)
 *(.lfuse)
 *(.hfuse)
 *(.efuse)

.lock
 *(.lock*)

.signature
 *(.signature*)

.user_signatures
 *(.user_signatures*)

.stab
 *(.stab)

.stabstr
 *(.stabstr)

.stab.excl
 *(.stab.excl)

.stab.exclstr
 *(.stab.exclstr)

.stab.index
 *(.stab.index)

.stab.indexstr
 *(.stab.indexstr)

.comment        0x00000000       0x30
 *(.comment)
 .comment       0x00000000       0x30 obj/TestAndMeasurement.o
                                 0x31 (size before relaxing)
 .comment       0x00000030       0x31 obj/Descriptors.o
 .comment       0x00000030       0x31 obj/gpib.o
 .comment       0x00000030       0x31 obj/EndpointStream_AVR8.o
 .comment       0x00000030       0x31 obj/Endpoint_AVR8.o
 .comment       0x00000030       0x31 obj/USBController_AVR8.o
 .comment       0x00000030       0x31 obj/USBInterrupt_AVR8.o
 .comment       0x00000030       0x31 obj/DeviceStandardReq.o
 .comment       0x00000030       0x31 obj/Events.o
 .comment       0x00000030       0x31 obj/USBTask.o

.note.gnu.avr.deviceinfo
                0x00000000       0x40
 .note.gnu.avr.deviceinfo
                0x00000000       0x40 c:/program files (x86)/atmel/studio/7.0/toolchain/avr8/avr8-gnu-toolchain/bin/../lib/gcc/avr/5.4.0/../../../../avr/lib/avr5/crtatmega32u4.o

.note.gnu.build-id
 *(.note.gnu.build-id)

.debug
 *(.debug)

.line
 *(.line)

.debug_srcinfo
 *(.debug_srcinfo)

.debug_sfnames
 *(.debug_sfnames)

.debug_aranges  0x00000000      0x378
 *(.debug_aranges)
 .debug_aranges
                0x00000000       0xc0 obj/TestAndMeasurement.o
 .debug_aranges
                0x000000c0       0x20 obj/Descriptors.o
 .debug_aranges
                0x000000e0       0xb8 obj/gpib.o
 .debug_aranges
                0x00000198       0xc8 obj/EndpointStream_AVR8.o
 .debug_aranges
                0x00000260       0x40 obj/Endpoint_AVR8.o
 .debug_aranges
                0x000002a0       0x30 obj/USBController_AVR8.o
 .debug_aranges
                0x000002d0       0x38 obj/USBInterrupt_AVR8.o
 .debug_aranges
                0x00000308       0x20 obj/DeviceStandardReq.o
 .debug_aranges
                0x00000328       0x30 obj/Events.o
 .debug_aranges
                0x00000358       0x20 obj/USBTask.o

.debug_pubnames
 *(.debug_pubnames)

.debug_info     0x00000000     0x777c
 *(.debug_info .gnu.linkonce.wi.*)
 .debug_info    0x00000000      0x9f4 c:/program files (x86)/atmel/studio/7.0/toolchain/avr8/avr8-gnu-toolchain/bin/../lib/gcc/avr/5.4.0/../../../../avr/lib/avr5/crtatmega32u4.o
 .debug_info    0x000009f4     0x2193 obj/TestAndMeasurement.o
 .debug_info    0x00002b87      0x655 obj/Descriptors.o
 .debug_info    0x000031dc      0xf72 obj/gpib.o
 .debug_info    0x0000414e     0x17b6 obj/EndpointStream_AVR8.o
 .debug_info    0x00005904      0x620 obj/Endpoint_AVR8.o
 .debug_info    0x00005f24      0x4e7 obj/USBController_AVR8.o
 .debug_info    0x0000640b      0x7e7 obj/USBInterrupt_AVR8.o
 .debug_info    0x00006bf2      0x83a obj/DeviceStandardReq.o
 .debug_info    0x0000742c       0xde obj/Events.o
 .debug_info    0x0000750a      0x272 obj/USBTask.o

.debug_abbrev   0x00000000     0x1f2c
 *(.debug_abbrev)
 .debug_abbrev  0x00000000      0x96a c:/program files (x86)/atmel/studio/7.0/toolchain/avr8/avr8-gnu-toolchain/bin/../lib/gcc/avr/5.4.0/../../../../avr/lib/avr5/crtatmega32u4.o
 .debug_abbrev  0x0000096a      0x500 obj/TestAndMeasurement.o
 .debug_abbrev  0x00000e6a      0x159 obj/Descriptors.o
 .debug_abbrev  0x00000fc3      0x36b obj/gpib.o
 .debug_abbrev  0x0000132e      0x1ea obj/EndpointStream_AVR8.o
 .debug_abbrev  0x00001518      0x226 obj/Endpoint_AVR8.o
 .debug_abbrev  0x0000173e      0x191 obj/USBController_AVR8.o
 .debug_abbrev  0x000018cf      0x213 obj/USBInterrupt_AVR8.o
 .debug_abbrev  0x00001ae2      0x246 obj/DeviceStandardReq.o
 .debug_abbrev  0x00001d28       0x99 obj/Events.o
 .debug_abbrev  0x00001dc1      0x16b obj/USBTask.o

.debug_line     0x00000000     0x4348
 *(.debug_line .debug_line.* .debug_line_end)
 .debug_line    0x00000000       0x1a c:/program files (x86)/atmel/studio/7.0/toolchain/avr8/avr8-gnu-toolchain/bin/../lib/gcc/avr/5.4.0/../../../../avr/lib/avr5/crtatmega32u4.o
 .debug_line    0x0000001a     0x115c obj/TestAndMeasurement.o
 .debug_line    0x00001176      0x231 obj/Descriptors.o
 .debug_line    0x000013a7      0x772 obj/gpib.o
 .debug_line    0x00001b19     0x145c obj/EndpointStream_AVR8.o
 .debug_line    0x00002f75      0x4c8 obj/Endpoint_AVR8.o
 .debug_line    0x0000343d      0x32a obj/USBController_AVR8.o
 .debug_line    0x00003767      0x560 obj/USBInterrupt_AVR8.o
 .debug_line    0x00003cc7      0x400 obj/DeviceStandardReq.o
 .debug_line    0x000040c7       0xda obj/Events.o
 .debug_line    0x000041a1      0x1a7 obj/USBTask.o

.debug_frame    0x00000000      0xb20
 *(.debug_frame)
 .debug_frame   0x00000000      0x288 obj/TestAndMeasurement.o
 .debug_frame   0x00000288       0x24 obj/Descriptors.o
 .debug_frame   0x000002ac      0x250 obj/gpib.o
 .debug_frame   0x000004fc      0x3bc obj/EndpointStream_AVR8.o
 .debug_frame   0x000008b8       0x78 obj/Endpoint_AVR8.o
 .debug_frame   0x00000930       0x58 obj/USBController_AVR8.o
 .debug_frame   0x00000988       0xec obj/USBInterrupt_AVR8.o
 .debug_frame   0x00000a74       0x3c obj/DeviceStandardReq.o
 .debug_frame   0x00000ab0       0x44 obj/Events.o
 .debug_frame   0x00000af4       0x2c obj/USBTask.o

.debug_str      0x00000000     0x258b
 *(.debug_str)
 .debug_str     0x00000000      0x371 c:/program files (x86)/atmel/studio/7.0/toolchain/avr8/avr8-gnu-toolchain/bin/../lib/gcc/avr/5.4.0/../../../../avr/lib/avr5/crtatmega32u4.o
 .debug_str     0x00000371      0xebc obj/TestAndMeasurement.o
                                0xf4d (size before relaxing)
 .debug_str     0x0000122d      0x3f3 obj/Descriptors.o
                                0x750 (size before relaxing)
 .debug_str     0x00001620      0x13d obj/gpib.o
                                0x496 (size before relaxing)
 .debug_str     0x0000175d      0x409 obj/EndpointStream_AVR8.o
                                0x898 (size before relaxing)
 .debug_str     0x00001b66      0x257 obj/Endpoint_AVR8.o
                                0x658 (size before relaxing)
 .debug_str     0x00001dbd      0x271 obj/USBController_AVR8.o
                                0x597 (size before relaxing)
 .debug_str     0x0000202e      0x1af obj/USBInterrupt_AVR8.o
                                0x616 (size before relaxing)
 .debug_str     0x000021dd      0x30a obj/DeviceStandardReq.o
                                0x886 (size before relaxing)
 .debug_str     0x000024e7       0x5c obj/Events.o
                                0x206 (size before relaxing)
 .debug_str     0x00002543       0x48 obj/USBTask.o
                                0x3bd (size before relaxing)

.debug_loc      0x00000000     0x4d83
 *(.debug_loc)
 .debug_loc     0x00000000     0x1234 obj/TestAndMeasurement.o
 .debug_loc     0x00001234      0x26c obj/Descriptors.o
 .debug_loc     0x000014a0      0xe75 obj/gpib.o
 .debug_loc     0x00002315     0x1f65 obj/EndpointStream_AVR8.o
 .debug_loc     0x0000427a      0x38d obj/Endpoint_AVR8.o
 .debug_loc     0x00004607       0xd5 obj/USBController_AVR8.o
 .debug_loc     0x000046dc      0x3f4 obj/USBInterrupt_AVR8.o
 .debug_loc     0x00004ad0      0x26a obj/DeviceStandardReq.o
 .debug_loc     0x00004d3a       0x49 obj/USBTask.o

.debug_macinfo
 *(.debug_macinfo)

.debug_weaknames
 *(.debug_weaknames)

.debug_funcnames
 *(.debug_funcnames)

.debug_typenames
 *(.debug_typenames)

.debug_varnames
 *(.debug_varnames)

.debug_pubtypes
 *(.debug_pubtypes)

.debug_ranges   0x00000000      0x478
 *(.debug_ranges)
 .debug_ranges  0x00000000       0xb0 obj/TestAndMeasurement.o
 .debug_ranges  0x000000b0       0x10 obj/Descriptors.o
 .debug_ranges  0x000000c0       0xc0 obj/gpib.o
 .debug_ranges  0x00000180      0x1f8 obj/EndpointStream_AVR8.o
 .debug_ranges  0x00000378       0x78 obj/Endpoint_AVR8.o
 .debug_ranges  0x000003f0       0x20 obj/USBController_AVR8.o
 .debug_ranges  0x00000410       0x28 obj/USBInterrupt_AVR8.o
 .debug_ranges  0x00000438       0x10 obj/DeviceStandardReq.o
 .debug_ranges  0x00000448       0x20 obj/Events.o
 .debug_ranges  0x00000468       0x10 obj/USBTask.o

.debug_macro
 *(.debug_macro)
OUTPUT(TestAndMeasurement.elf elf32-avr)
LOAD linker stubs

Cross Reference Table

Symbol                                            File
Audio_Device_ConfigureEndpoints                   obj/AudioClassDevice.o
Audio_Device_Event_Stub                           obj/AudioClassDevice.o
Audio_Device_ProcessControlRequest                obj/AudioClassDevice.o
CALLBACK_Audio_Device_GetSetEndpointProperty      obj/AudioClassDevice.o
CALLBACK_Audio_Device_GetSetInterfaceProperty     obj/AudioClassDevice.o
CALLBACK_CCID_Abort                               obj/CCIDClassDevice.o
CALLBACK_CCID_GetParameters_T0                    obj/CCIDClassDevice.o
CALLBACK_CCID_GetSlotStatus                       obj/CCIDClassDevice.o
CALLBACK_CCID_IccPowerOff                         obj/CCIDClassDevice.o
CALLBACK_CCID_IccPowerOn                          obj/CCIDClassDevice.o
CALLBACK_CCID_SetParameters_T0                    obj/CCIDClassDevice.o
CALLBACK_CCID_XfrBlock                            obj/CCIDClassDevice.o
CALLBACK_HIDParser_FilterHIDReportItem            obj/HIDParser.o
CALLBACK_HID_Device_CreateHIDReport               obj/HIDClassDevice.o
CALLBACK_HID_Device_ProcessHIDReport              obj/HIDClassDevice.o
CALLBACK_MS_Device_SCSICommandReceived            obj/MassStorageClassDevice.o
CALLBACK_USB_GetDescriptor                        obj/Descriptors.o
                                                  obj/DeviceStandardReq.o
CCID_CheckStatusNoError                           obj/CCIDClassDevice.o
CCID_Device_ConfigureEndpoints                    obj/CCIDClassDevice.o
CCID_Device_ProcessControlRequest                 obj/CCIDClassDevice.o
CCID_Device_USBTask                               obj/CCIDClassDevice.o
CDC_Device_BytesReceived                          obj/CDCClassDevice.o
CDC_Device_ConfigureEndpoints                     obj/CDCClassDevice.o
CDC_Device_CreateBlockingStream                   obj/CDCClassDevice.o
CDC_Device_CreateStream                           obj/CDCClassDevice.o
CDC_Device_Event_Stub                             obj/CDCClassDevice.o
CDC_Device_Event_Stub_2                           obj/CDCClassDevice.o
CDC_Device_Flush                                  obj/CDCClassDevice.o
CDC_Device_ProcessControlRequest                  obj/CDCClassDevice.o
CDC_Device_ReceiveByte                            obj/CDCClassDevice.o
CDC_Device_SendByte                               obj/CDCClassDevice.o
CDC_Device_SendControlLineStateChange             obj/CDCClassDevice.o
CDC_Device_SendData                               obj/CDCClassDevice.o
CDC_Device_SendData_P                             obj/CDCClassDevice.o
CDC_Device_SendString                             obj/CDCClassDevice.o
CDC_Device_SendString_P                           obj/CDCClassDevice.o
CDC_Device_USBTask                                obj/CDCClassDevice.o
Capabilities                                      obj/TestAndMeasurement.o
ConfigurationDescriptor                           obj/Descriptors.o
DeviceDescriptor                                  obj/Descriptors.o
EVENT_Audio_Device_StreamStartStop                obj/AudioClassDevice.o
EVENT_CDC_Device_BreakSent                        obj/CDCClassDevice.o
EVENT_CDC_Device_ControLineStateChanged           obj/CDCClassDevice.o
EVENT_CDC_Device_LineEncodingChanged              obj/CDCClassDevice.o
EVENT_PRNT_Device_SoftReset                       obj/PrinterClassDevice.o
EVENT_USB_Device_ConfigurationChanged             obj/TestAndMeasurement.o
                                                  obj/DeviceStandardReq.o
EVENT_USB_Device_Connect                          obj/TestAndMeasurement.o
                                                  obj/USBInterrupt_AVR8.o
EVENT_USB_Device_ControlRequest                   obj/TestAndMeasurement.o
                                                  obj/DeviceStandardReq.o
EVENT_USB_Device_Disconnect                       obj/TestAndMeasurement.o
                                                  obj/USBInterrupt_AVR8.o
EVENT_USB_Device_Reset                            obj/Events.o
                                                  obj/USBInterrupt_AVR8.o
EVENT_USB_Device_StartOfFrame                     obj/Events.o
                                                  obj/USBInterrupt_AVR8.o
EVENT_USB_Device_Suspend                          obj/Events.o
                                                  obj/USBInterrupt_AVR8.o
EVENT_USB_Device_WakeUp                           obj/Events.o
                                                  obj/USBInterrupt_AVR8.o
Endpoint_ClearEndpoints                           obj/Endpoint_AVR8.o
Endpoint_ClearStatusStage                         obj/Endpoint_AVR8.o
                                                  obj/PrinterClassDevice.o
                                                  obj/MassStorageClassDevice.o
                                                  obj/HIDClassDevice.o
                                                  obj/CDCClassDevice.o
                                                  obj/AudioClassDevice.o
                                                  obj/DeviceStandardReq.o
                                                  obj/TestAndMeasurement.o
Endpoint_ConfigureEndpointTable                   obj/Endpoint_AVR8.o
                                                  obj/RNDISClassDevice.o
                                                  obj/PrinterClassDevice.o
                                                  obj/MIDIClassDevice.o
                                                  obj/MassStorageClassDevice.o
                                                  obj/HIDClassDevice.o
                                                  obj/CDCClassDevice.o
                                                  obj/CCIDClassDevice.o
                                                  obj/AudioClassDevice.o
Endpoint_ConfigureEndpoint_Prv                    obj/Endpoint_AVR8.o
                                                  obj/USBInterrupt_AVR8.o
                                                  obj/USBController_AVR8.o
                                                  obj/TestAndMeasurement.o
Endpoint_Discard_Stream                           obj/EndpointStream_AVR8.o
Endpoint_Null_Stream                              obj/EndpointStream_AVR8.o
Endpoint_Read_Control_EStream_BE                  obj/EndpointStream_AVR8.o
Endpoint_Read_Control_EStream_LE                  obj/EndpointStream_AVR8.o
Endpoint_Read_Control_Stream_BE                   obj/EndpointStream_AVR8.o
Endpoint_Read_Control_Stream_LE                   obj/EndpointStream_AVR8.o
                                                  obj/RNDISClassDevice.o
                                                  obj/HIDClassDevice.o
                                                  obj/AudioClassDevice.o
Endpoint_Read_EStream_BE                          obj/EndpointStream_AVR8.o
Endpoint_Read_EStream_LE                          obj/EndpointStream_AVR8.o
Endpoint_Read_Stream_BE                           obj/EndpointStream_AVR8.o
Endpoint_Read_Stream_LE                           obj/EndpointStream_AVR8.o
                                                  obj/RNDISClassDevice.o
                                                  obj/MIDIClassDevice.o
                                                  obj/MassStorageClassDevice.o
                                                  obj/CCIDClassDevice.o
                                                  obj/TestAndMeasurement.o
Endpoint_WaitUntilReady                           obj/Endpoint_AVR8.o
                                                  obj/RNDISClassDevice.o
                                                  obj/PrinterClassDevice.o
                                                  obj/MIDIClassDevice.o
                                                  obj/CDCClassDevice.o
                                                  obj/EndpointStream_AVR8.o
Endpoint_Write_Control_EStream_BE                 obj/EndpointStream_AVR8.o
Endpoint_Write_Control_EStream_LE                 obj/EndpointStream_AVR8.o
                                                  obj/DeviceStandardReq.o
Endpoint_Write_Control_PStream_BE                 obj/EndpointStream_AVR8.o
Endpoint_Write_Control_PStream_LE                 obj/EndpointStream_AVR8.o
                                                  obj/DeviceStandardReq.o
Endpoint_Write_Control_Stream_BE                  obj/EndpointStream_AVR8.o
Endpoint_Write_Control_Stream_LE                  obj/EndpointStream_AVR8.o
                                                  obj/RNDISClassDevice.o
                                                  obj/PrinterClassDevice.o
                                                  obj/HIDClassDevice.o
                                                  obj/AudioClassDevice.o
                                                  obj/DeviceStandardReq.o
                                                  obj/TestAndMeasurement.o
Endpoint_Write_EStream_BE                         obj/EndpointStream_AVR8.o
Endpoint_Write_EStream_LE                         obj/EndpointStream_AVR8.o
Endpoint_Write_PStream_BE                         obj/EndpointStream_AVR8.o
Endpoint_Write_PStream_LE                         obj/EndpointStream_AVR8.o
                                                  obj/CDCClassDevice.o
Endpoint_Write_Stream_BE                          obj/EndpointStream_AVR8.o
Endpoint_Write_Stream_LE                          obj/EndpointStream_AVR8.o
                                                  obj/RNDISClassDevice.o
                                                  obj/PrinterClassDevice.o
                                                  obj/MIDIClassDevice.o
                                                  obj/MassStorageClassDevice.o
                                                  obj/HIDClassDevice.o
                                                  obj/CDCClassDevice.o
                                                  obj/CCIDClassDevice.o
                                                  obj/TestAndMeasurement.o
GetNextMessage                                    obj/TestAndMeasurement.o
HID_Device_ConfigureEndpoints                     obj/HIDClassDevice.o
HID_Device_ProcessControlRequest                  obj/HIDClassDevice.o
HID_Device_USBTask                                obj/HIDClassDevice.o
Jump_To_Bootloader                                obj/TestAndMeasurement.o
LanguageString                                    obj/Descriptors.o
MIDI_Device_ConfigureEndpoints                    obj/MIDIClassDevice.o
MIDI_Device_Flush                                 obj/MIDIClassDevice.o
MIDI_Device_ReceiveEventPacket                    obj/MIDIClassDevice.o
MIDI_Device_SendEventPacket                       obj/MIDIClassDevice.o
MIDI_Device_USBTask                               obj/MIDIClassDevice.o
MS_Device_ConfigureEndpoints                      obj/MassStorageClassDevice.o
MS_Device_ProcessControlRequest                   obj/MassStorageClassDevice.o
MS_Device_USBTask                                 obj/MassStorageClassDevice.o
ManufacturerString                                obj/Descriptors.o
PRNT_Device_BytesReceived                         obj/PrinterClassDevice.o
PRNT_Device_ConfigureEndpoints                    obj/PrinterClassDevice.o
PRNT_Device_CreateBlockingStream                  obj/PrinterClassDevice.o
PRNT_Device_CreateStream                          obj/PrinterClassDevice.o
PRNT_Device_Event_Stub                            obj/PrinterClassDevice.o
PRNT_Device_Flush                                 obj/PrinterClassDevice.o
PRNT_Device_ProcessControlRequest                 obj/PrinterClassDevice.o
PRNT_Device_ReceiveByte                           obj/PrinterClassDevice.o
PRNT_Device_SendByte                              obj/PrinterClassDevice.o
PRNT_Device_SendData                              obj/PrinterClassDevice.o
PRNT_Device_SendString                            obj/PrinterClassDevice.o
PRNT_Device_USBTask                               obj/PrinterClassDevice.o
ProcessSentMessage                                obj/TestAndMeasurement.o
ProductString                                     obj/Descriptors.o
RNDIS_Device_ConfigureEndpoints                   obj/RNDISClassDevice.o
RNDIS_Device_IsPacketReceived                     obj/RNDISClassDevice.o
RNDIS_Device_ProcessControlRequest                obj/RNDISClassDevice.o
RNDIS_Device_ReadPacket                           obj/RNDISClassDevice.o
RNDIS_Device_SendPacket                           obj/RNDISClassDevice.o
RNDIS_Device_USBTask                              obj/RNDISClassDevice.o
ReadTMCHeader                                     obj/TestAndMeasurement.o
SetupHardware                                     obj/TestAndMeasurement.o
TMC_InLastMessageComplete                         obj/TestAndMeasurement.o
TMC_LastMessageComplete                           obj/TestAndMeasurement.o
TMC_Task                                          obj/TestAndMeasurement.o
TMC_eom                                           obj/TestAndMeasurement.o
TMC_resetstates                                   obj/TestAndMeasurement.o
USB_ControlRequest                                obj/USBTask.o
                                                  obj/RNDISClassDevice.o
                                                  obj/PrinterClassDevice.o
                                                  obj/MassStorageClassDevice.o
                                                  obj/HIDClassDevice.o
                                                  obj/CDCClassDevice.o
                                                  obj/CCIDClassDevice.o
                                                  obj/AudioClassDevice.o
                                                  obj/DeviceStandardReq.o
                                                  obj/Endpoint_AVR8.o
                                                  obj/EndpointStream_AVR8.o
                                                  obj/TestAndMeasurement.o
USB_DeviceState                                   obj/USBTask.o
                                                  obj/RNDISClassDevice.o
                                                  obj/PrinterClassDevice.o
                                                  obj/MIDIClassDevice.o
                                                  obj/MassStorageClassDevice.o
                                                  obj/HIDClassDevice.o
                                                  obj/CDCClassDevice.o
                                                  obj/DeviceStandardReq.o
                                                  obj/USBInterrupt_AVR8.o
                                                  obj/USBController_AVR8.o
                                                  obj/Endpoint_AVR8.o
                                                  obj/EndpointStream_AVR8.o
                                                  obj/TestAndMeasurement.o
USB_Device_ConfigurationNumber                    obj/DeviceStandardReq.o
                                                  obj/USBInterrupt_AVR8.o
                                                  obj/USBController_AVR8.o
USB_Device_CurrentlySelfPowered                   obj/DeviceStandardReq.o
                                                  obj/USBController_AVR8.o
USB_Device_ProcessControlRequest                  obj/DeviceStandardReq.o
                                                  obj/USBTask.o
                                                  obj/USBInterrupt_AVR8.o
USB_Device_RemoteWakeupEnabled                    obj/DeviceStandardReq.o
                                                  obj/USBController_AVR8.o
USB_Device_SendRemoteWakeup                       obj/Device_AVR8.o
USB_Disable                                       obj/USBController_AVR8.o
                                                  obj/TestAndMeasurement.o
USB_Event_Stub                                    obj/Events.o
USB_Event_Stub_2                                  obj/Events.o
USB_Event_Stub_3                                  obj/Events.o
USB_GetHIDReportItemInfo                          obj/HIDParser.o
USB_GetHIDReportSize                              obj/HIDParser.o
USB_GetNextDescriptorComp                         obj/ConfigDescriptors.o
USB_GetNextDescriptorOfType                       obj/ConfigDescriptors.o
USB_GetNextDescriptorOfTypeAfter                  obj/ConfigDescriptors.o
USB_GetNextDescriptorOfTypeBefore                 obj/ConfigDescriptors.o
USB_INT_ClearAllInterrupts                        obj/USBInterrupt_AVR8.o
                                                  obj/USBController_AVR8.o
USB_INT_DisableAllInterrupts                      obj/USBInterrupt_AVR8.o
                                                  obj/USBController_AVR8.o
USB_Init                                          obj/USBController_AVR8.o
                                                  obj/TestAndMeasurement.o
USB_IsInitialized                                 obj/USBTask.o
                                                  obj/USBController_AVR8.o
USB_ProcessHIDReport                              obj/HIDParser.o
USB_ResetInterface                                obj/USBController_AVR8.o
USB_SetHIDReportItemInfo                          obj/HIDParser.o
USB_USBTask                                       obj/USBTask.o
                                                  obj/PrinterClassDevice.o
                                                  obj/CDCClassDevice.o
                                                  obj/TestAndMeasurement.o
WriteTMCHeader                                    obj/TestAndMeasurement.o
__FUSE_REGION_LENGTH__                            c:/program files (x86)/atmel/studio/7.0/toolchain/avr8/avr8-gnu-toolchain/bin/../lib/gcc/avr/5.4.0/../../../../avr/lib/avr5/crtatmega32u4.o
__bad_interrupt                                   c:/program files (x86)/atmel/studio/7.0/toolchain/avr8/avr8-gnu-toolchain/bin/../lib/gcc/avr/5.4.0/../../../../avr/lib/avr5/crtatmega32u4.o
__bss_end                                         c:/program files (x86)/atmel/studio/7.0/toolchain/avr8/avr8-gnu-toolchain/bin/../lib/gcc/avr/5.4.0/avr5\libgcc.a(_clear_bss.o)
__bss_start                                       c:/program files (x86)/atmel/studio/7.0/toolchain/avr8/avr8-gnu-toolchain/bin/../lib/gcc/avr/5.4.0/avr5\libgcc.a(_clear_bss.o)
__data_end                                        c:/program files (x86)/atmel/studio/7.0/toolchain/avr8/avr8-gnu-toolchain/bin/../lib/gcc/avr/5.4.0/avr5\libgcc.a(_copy_data.o)
__data_load_start                                 c:/program files (x86)/atmel/studio/7.0/toolchain/avr8/avr8-gnu-toolchain/bin/../lib/gcc/avr/5.4.0/avr5\libgcc.a(_copy_data.o)
__data_start                                      c:/program files (x86)/atmel/studio/7.0/toolchain/avr8/avr8-gnu-toolchain/bin/../lib/gcc/avr/5.4.0/avr5\libgcc.a(_copy_data.o)
__do_clear_bss                                    c:/program files (x86)/atmel/studio/7.0/toolchain/avr8/avr8-gnu-toolchain/bin/../lib/gcc/avr/5.4.0/avr5\libgcc.a(_clear_bss.o)
                                                  obj/USBTask.o
                                                  obj/DeviceStandardReq.o
                                                  obj/gpib.o
                                                  obj/Descriptors.o
                                                  obj/TestAndMeasurement.o
__do_copy_data                                    c:/program files (x86)/atmel/studio/7.0/toolchain/avr8/avr8-gnu-toolchain/bin/../lib/gcc/avr/5.4.0/avr5\libgcc.a(_copy_data.o)
                                                  obj/RNDISClassDevice.o
                                                  obj/CDCClassDevice.o
                                                  obj/TestAndMeasurement.o
__heap_end                                        c:/program files (x86)/atmel/studio/7.0/toolchain/avr8/avr8-gnu-toolchain/bin/../lib/gcc/avr/5.4.0/../../../../avr/lib/avr5/crtatmega32u4.o
__init                                            c:/program files (x86)/atmel/studio/7.0/toolchain/avr8/avr8-gnu-toolchain/bin/../lib/gcc/avr/5.4.0/../../../../avr/lib/avr5/crtatmega32u4.o
__stack                                           c:/program files (x86)/atmel/studio/7.0/toolchain/avr8/avr8-gnu-toolchain/bin/../lib/gcc/avr/5.4.0/../../../../avr/lib/avr5/crtatmega32u4.o
__strlen_P                                        c:/program files (x86)/atmel/studio/7.0/toolchain/avr8/avr8-gnu-toolchain/bin/../lib/gcc/avr/5.4.0/../../../../avr/lib/avr5\libc.a(strlen_P.o)
                                                  obj/CDCClassDevice.o
__udivmodqi4                                      c:/program files (x86)/atmel/studio/7.0/toolchain/avr8/avr8-gnu-toolchain/bin/../lib/gcc/avr/5.4.0/avr5\libgcc.a(_udivmodqi4.o)
                                                  obj/TestAndMeasurement.o
__vector_1                                        c:/program files (x86)/atmel/studio/7.0/toolchain/avr8/avr8-gnu-toolchain/bin/../lib/gcc/avr/5.4.0/../../../../avr/lib/avr5/crtatmega32u4.o
__vector_10                                       obj/USBInterrupt_AVR8.o
                                                  c:/program files (x86)/atmel/studio/7.0/toolchain/avr8/avr8-gnu-toolchain/bin/../lib/gcc/avr/5.4.0/../../../../avr/lib/avr5/crtatmega32u4.o
__vector_11                                       obj/USBInterrupt_AVR8.o
                                                  c:/program files (x86)/atmel/studio/7.0/toolchain/avr8/avr8-gnu-toolchain/bin/../lib/gcc/avr/5.4.0/../../../../avr/lib/avr5/crtatmega32u4.o
__vector_12                                       c:/program files (x86)/atmel/studio/7.0/toolchain/avr8/avr8-gnu-toolchain/bin/../lib/gcc/avr/5.4.0/../../../../avr/lib/avr5/crtatmega32u4.o
__vector_13                                       c:/program files (x86)/atmel/studio/7.0/toolchain/avr8/avr8-gnu-toolchain/bin/../lib/gcc/avr/5.4.0/../../../../avr/lib/avr5/crtatmega32u4.o
__vector_14                                       c:/program files (x86)/atmel/studio/7.0/toolchain/avr8/avr8-gnu-toolchain/bin/../lib/gcc/avr/5.4.0/../../../../avr/lib/avr5/crtatmega32u4.o
__vector_15                                       c:/program files (x86)/atmel/studio/7.0/toolchain/avr8/avr8-gnu-toolchain/bin/../lib/gcc/avr/5.4.0/../../../../avr/lib/avr5/crtatmega32u4.o
__vector_16                                       c:/program files (x86)/atmel/studio/7.0/toolchain/avr8/avr8-gnu-toolchain/bin/../lib/gcc/avr/5.4.0/../../../../avr/lib/avr5/crtatmega32u4.o
__vector_17                                       c:/program files (x86)/atmel/studio/7.0/toolchain/avr8/avr8-gnu-toolchain/bin/../lib/gcc/avr/5.4.0/../../../../avr/lib/avr5/crtatmega32u4.o
__vector_18                                       c:/program files (x86)/atmel/studio/7.0/toolchain/avr8/avr8-gnu-toolchain/bin/../lib/gcc/avr/5.4.0/../../../../avr/lib/avr5/crtatmega32u4.o
__vector_19                                       c:/program files (x86)/atmel/studio/7.0/toolchain/avr8/avr8-gnu-toolchain/bin/../lib/gcc/avr/5.4.0/../../../../avr/lib/avr5/crtatmega32u4.o
__vector_2                                        c:/program files (x86)/atmel/studio/7.0/toolchain/avr8/avr8-gnu-toolchain/bin/../lib/gcc/avr/5.4.0/../../../../avr/lib/avr5/crtatmega32u4.o
__vector_20                                       c:/program files (x86)/atmel/studio/7.0/toolchain/avr8/avr8-gnu-toolchain/bin/../lib/gcc/avr/5.4.0/../../../../avr/lib/avr5/crtatmega32u4.o
__vector_21                                       c:/program files (x86)/atmel/studio/7.0/toolchain/avr8/avr8-gnu-toolchain/bin/../lib/gcc/avr/5.4.0/../../../../avr/lib/avr5/crtatmega32u4.o
__vector_22                                       c:/program files (x86)/atmel/studio/7.0/toolchain/avr8/avr8-gnu-toolchain/bin/../lib/gcc/avr/5.4.0/../../../../avr/lib/avr5/crtatmega32u4.o
__vector_23                                       obj/gpib.o
                                                  c:/program files (x86)/atmel/studio/7.0/toolchain/avr8/avr8-gnu-toolchain/bin/../lib/gcc/avr/5.4.0/../../../../avr/lib/avr5/crtatmega32u4.o
__vector_24                                       c:/program files (x86)/atmel/studio/7.0/toolchain/avr8/avr8-gnu-toolchain/bin/../lib/gcc/avr/5.4.0/../../../../avr/lib/avr5/crtatmega32u4.o
__vector_25                                       c:/program files (x86)/atmel/studio/7.0/toolchain/avr8/avr8-gnu-toolchain/bin/../lib/gcc/avr/5.4.0/../../../../avr/lib/avr5/crtatmega32u4.o
__vector_26                                       c:/program files (x86)/atmel/studio/7.0/toolchain/avr8/avr8-gnu-toolchain/bin/../lib/gcc/avr/5.4.0/../../../../avr/lib/avr5/crtatmega32u4.o
__vector_27                                       c:/program files (x86)/atmel/studio/7.0/toolchain/avr8/avr8-gnu-toolchain/bin/../lib/gcc/avr/5.4.0/../../../../avr/lib/avr5/crtatmega32u4.o
__vector_28                                       c:/program files (x86)/atmel/studio/7.0/toolchain/avr8/avr8-gnu-toolchain/bin/../lib/gcc/avr/5.4.0/../../../../avr/lib/avr5/crtatmega32u4.o
__vector_29                                       c:/program files (x86)/atmel/studio/7.0/toolchain/avr8/avr8-gnu-toolchain/bin/../lib/gcc/avr/5.4.0/../../../../avr/lib/avr5/crtatmega32u4.o
__vector_3                                        c:/program files (x86)/atmel/studio/7.0/toolchain/avr8/avr8-gnu-toolchain/bin/../lib/gcc/avr/5.4.0/../../../../avr/lib/avr5/crtatmega32u4.o
__vector_30                                       c:/program files (x86)/atmel/studio/7.0/toolchain/avr8/avr8-gnu-toolchain/bin/../lib/gcc/avr/5.4.0/../../../../avr/lib/avr5/crtatmega32u4.o
__vector_31                                       c:/program files (x86)/atmel/studio/7.0/toolchain/avr8/avr8-gnu-toolchain/bin/../lib/gcc/avr/5.4.0/../../../../avr/lib/avr5/crtatmega32u4.o
__vector_32                                       c:/program files (x86)/atmel/studio/7.0/toolchain/avr8/avr8-gnu-toolchain/bin/../lib/gcc/avr/5.4.0/../../../../avr/lib/avr5/crtatmega32u4.o
__vector_33                                       c:/program files (x86)/atmel/studio/7.0/toolchain/avr8/avr8-gnu-toolchain/bin/../lib/gcc/avr/5.4.0/../../../../avr/lib/avr5/crtatmega32u4.o
__vector_34                                       c:/program files (x86)/atmel/studio/7.0/toolchain/avr8/avr8-gnu-toolchain/bin/../lib/gcc/avr/5.4.0/../../../../avr/lib/avr5/crtatmega32u4.o
__vector_35                                       c:/program files (x86)/atmel/studio/7.0/toolchain/avr8/avr8-gnu-toolchain/bin/../lib/gcc/avr/5.4.0/../../../../avr/lib/avr5/crtatmega32u4.o
__vector_36                                       c:/program files (x86)/atmel/studio/7.0/toolchain/avr8/avr8-gnu-toolchain/bin/../lib/gcc/avr/5.4.0/../../../../avr/lib/avr5/crtatmega32u4.o
__vector_37                                       c:/program files (x86)/atmel/studio/7.0/toolchain/avr8/avr8-gnu-toolchain/bin/../lib/gcc/avr/5.4.0/../../../../avr/lib/avr5/crtatmega32u4.o
__vector_38                                       c:/program files (x86)/atmel/studio/7.0/toolchain/avr8/avr8-gnu-toolchain/bin/../lib/gcc/avr/5.4.0/../../../../avr/lib/avr5/crtatmega32u4.o
__vector_39                                       c:/program files (x86)/atmel/studio/7.0/toolchain/avr8/avr8-gnu-toolchain/bin/../lib/gcc/avr/5.4.0/../../../../avr/lib/avr5/crtatmega32u4.o
__vector_4                                        c:/program files (x86)/atmel/studio/7.0/toolchain/avr8/avr8-gnu-toolchain/bin/../lib/gcc/avr/5.4.0/../../../../avr/lib/avr5/crtatmega32u4.o
__vector_40                                       c:/program files (x86)/atmel/studio/7.0/toolchain/avr8/avr8-gnu-toolchain/bin/../lib/gcc/avr/5.4.0/../../../../avr/lib/avr5/crtatmega32u4.o
__vector_41                                       c:/program files (x86)/atmel/studio/7.0/toolchain/avr8/avr8-gnu-toolchain/bin/../lib/gcc/avr/5.4.0/../../../../avr/lib/avr5/crtatmega32u4.o
__vector_42                                       c:/program files (x86)/atmel/studio/7.0/toolchain/avr8/avr8-gnu-toolchain/bin/../lib/gcc/avr/5.4.0/../../../../avr/lib/avr5/crtatmega32u4.o
__vector_5                                        c:/program files (x86)/atmel/studio/7.0/toolchain/avr8/avr8-gnu-toolchain/bin/../lib/gcc/avr/5.4.0/../../../../avr/lib/avr5/crtatmega32u4.o
__vector_6                                        c:/program files (x86)/atmel/studio/7.0/toolchain/avr8/avr8-gnu-toolchain/bin/../lib/gcc/avr/5.4.0/../../../../avr/lib/avr5/crtatmega32u4.o
__vector_7                                        c:/program files (x86)/atmel/studio/7.0/toolchain/avr8/avr8-gnu-toolchain/bin/../lib/gcc/avr/5.4.0/../../../../avr/lib/avr5/crtatmega32u4.o
__vector_8                                        c:/program files (x86)/atmel/studio/7.0/toolchain/avr8/avr8-gnu-toolchain/bin/../lib/gcc/avr/5.4.0/../../../../avr/lib/avr5/crtatmega32u4.o
__vector_9                                        c:/program files (x86)/atmel/studio/7.0/toolchain/avr8/avr8-gnu-toolchain/bin/../lib/gcc/avr/5.4.0/../../../../avr/lib/avr5/crtatmega32u4.o
__vector_default                                  c:/program files (x86)/atmel/studio/7.0/toolchain/avr8/avr8-gnu-toolchain/bin/../lib/gcc/avr/5.4.0/../../../../avr/lib/avr5/crtatmega32u4.o
__vectors                                         c:/program files (x86)/atmel/studio/7.0/toolchain/avr8/avr8-gnu-toolchain/bin/../lib/gcc/avr/5.4.0/../../../../avr/lib/avr5/crtatmega32u4.o
_exit                                             c:/program files (x86)/atmel/studio/7.0/toolchain/avr8/avr8-gnu-toolchain/bin/../lib/gcc/avr/5.4.0/avr5\libgcc.a(_exit.o)
check_bootloaderEntry                             obj/TestAndMeasurement.o
cnt                                               obj/TestAndMeasurement.o
dbg                                               obj/TestAndMeasurement.o
eeprom_read_byte                                  c:/program files (x86)/atmel/studio/7.0/toolchain/avr8/avr8-gnu-toolchain/bin/../lib/gcc/avr/5.4.0/../../../../avr/lib/avr5\libatmega32u4.a(eerd_byte.o)
                                                  obj/EndpointStream_AVR8.o
                                                  obj/TestAndMeasurement.o
eeprom_update_byte                                c:/program files (x86)/atmel/studio/7.0/toolchain/avr8/avr8-gnu-toolchain/bin/../lib/gcc/avr/5.4.0/../../../../avr/lib/avr5\libatmega32u4.a(eeupd_byte.o)
                                                  obj/EndpointStream_AVR8.o
eeprom_update_if_changed                          obj/TestAndMeasurement.o
eeprom_update_r18                                 c:/program files (x86)/atmel/studio/7.0/toolchain/avr8/avr8-gnu-toolchain/bin/../lib/gcc/avr/5.4.0/../../../../avr/lib/avr5\libatmega32u4.a(eeupd_byte.o)
eeprom_write_byte                                 c:/program files (x86)/atmel/studio/7.0/toolchain/avr8/avr8-gnu-toolchain/bin/../lib/gcc/avr/5.4.0/../../../../avr/lib/avr5\libatmega32u4.a(eewr_byte.o)
                                                  obj/TestAndMeasurement.o
eeprom_write_r18                                  c:/program files (x86)/atmel/studio/7.0/toolchain/avr8/avr8-gnu-toolchain/bin/../lib/gcc/avr/5.4.0/../../../../avr/lib/avr5\libatmega32u4.a(eewr_byte.o)
exit                                              c:/program files (x86)/atmel/studio/7.0/toolchain/avr8/avr8-gnu-toolchain/bin/../lib/gcc/avr/5.4.0/avr5\libgcc.a(_exit.o)
                                                  c:/program files (x86)/atmel/studio/7.0/toolchain/avr8/avr8-gnu-toolchain/bin/../lib/gcc/avr/5.4.0/../../../../avr/lib/avr5/crtatmega32u4.o
findGpibdevice                                    obj/TestAndMeasurement.o
gpib_gotoLocal                                    obj/gpib.o
                                                  obj/TestAndMeasurement.o
gpib_init                                         obj/gpib.o
                                                  obj/TestAndMeasurement.o
gpib_interface_clear                              obj/gpib.o
                                                  obj/TestAndMeasurement.o
gpib_is_connected                                 obj/gpib.o
                                                  obj/TestAndMeasurement.o
gpib_localLockout                                 obj/gpib.o
                                                  obj/TestAndMeasurement.o
gpib_make_listener                                obj/gpib.o
                                                  obj/TestAndMeasurement.o
gpib_make_talker                                  obj/gpib.o
                                                  obj/TestAndMeasurement.o
gpib_readStatusByte                               obj/gpib.o
                                                  obj/TestAndMeasurement.o
gpib_readdat                                      obj/gpib.o
                                                  obj/TestAndMeasurement.o
gpib_ren                                          obj/gpib.o
                                                  obj/TestAndMeasurement.o
gpib_search                                       obj/gpib.o
                                                  obj/TestAndMeasurement.o
gpib_trigger                                      obj/gpib.o
                                                  obj/TestAndMeasurement.o
gpib_untalk_unlisten                              obj/gpib.o
                                                  obj/TestAndMeasurement.o
gpib_writedat                                     obj/gpib.o
                                                  obj/TestAndMeasurement.o
identifyGpibDevice                                obj/TestAndMeasurement.o
is_timedout                                       obj/TestAndMeasurement.o
main                                              obj/TestAndMeasurement.o
                                                  c:/program files (x86)/atmel/studio/7.0/toolchain/avr8/avr8-gnu-toolchain/bin/../lib/gcc/avr/5.4.0/../../../../avr/lib/avr5/crtatmega32u4.o
memcmp                                            c:/program files (x86)/atmel/studio/7.0/toolchain/avr8/avr8-gnu-toolchain/bin/../lib/gcc/avr/5.4.0/../../../../avr/lib/avr5\libc.a(memcmp.o)
                                                  obj/HIDClassDevice.o
memcpy                                            c:/program files (x86)/atmel/studio/7.0/toolchain/avr8/avr8-gnu-toolchain/bin/../lib/gcc/avr/5.4.0/../../../../avr/lib/avr5\libc.a(memcpy.o)
                                                  obj/RNDISClassDevice.o
                                                  obj/HIDClassDevice.o
                                                  obj/TestAndMeasurement.o
memcpy_P                                          c:/program files (x86)/atmel/studio/7.0/toolchain/avr8/avr8-gnu-toolchain/bin/../lib/gcc/avr/5.4.0/../../../../avr/lib/avr5\libc.a(memcpy_P.o)
                                                  obj/RNDISClassDevice.o
memset                                            c:/program files (x86)/atmel/studio/7.0/toolchain/avr8/avr8-gnu-toolchain/bin/../lib/gcc/avr/5.4.0/../../../../avr/lib/avr5\libc.a(memset.o)
                                                  obj/HIDClassDevice.o
timeout_start                                     obj/TestAndMeasurement.o
timeout_val                                       obj/TestAndMeasurement.o
tmc_gpib_read_timedout                            obj/TestAndMeasurement.o
tmc_gpib_write_timedout                           obj/TestAndMeasurement.o
tmc_serial_string                                 obj/Descriptors.o
                                                  obj/TestAndMeasurement.o
